Archive member included because of file (symbol)

/usr/bin/../lib/gcc/arm-none-eabi/4.9.3/../../../../arm-none-eabi/lib/cortex-m7/fpu/fpv5-sp-d16/libc_nano.a(lib_a-errno.o)
                              build/syscalls.o (__errno)
/usr/bin/../lib/gcc/arm-none-eabi/4.9.3/../../../../arm-none-eabi/lib/cortex-m7/fpu/fpv5-sp-d16/libc_nano.a(lib_a-exit.o)
                              /usr/bin/../lib/gcc/arm-none-eabi/4.9.3/../../../../arm-none-eabi/lib/cortex-m7/fpu/fpv5-sp-d16/crt0.o (exit)
/usr/bin/../lib/gcc/arm-none-eabi/4.9.3/../../../../arm-none-eabi/lib/cortex-m7/fpu/fpv5-sp-d16/libc_nano.a(lib_a-impure.o)
                              /usr/bin/../lib/gcc/arm-none-eabi/4.9.3/../../../../arm-none-eabi/lib/cortex-m7/fpu/fpv5-sp-d16/libc_nano.a(lib_a-exit.o) (_global_impure_ptr)
/usr/bin/../lib/gcc/arm-none-eabi/4.9.3/../../../../arm-none-eabi/lib/cortex-m7/fpu/fpv5-sp-d16/libc_nano.a(lib_a-init.o)
                              /usr/bin/../lib/gcc/arm-none-eabi/4.9.3/../../../../arm-none-eabi/lib/cortex-m7/fpu/fpv5-sp-d16/crt0.o (__libc_init_array)
/usr/bin/../lib/gcc/arm-none-eabi/4.9.3/../../../../arm-none-eabi/lib/cortex-m7/fpu/fpv5-sp-d16/libc_nano.a(lib_a-memcmp.o)
                              build/tasks.o (memcmp)
/usr/bin/../lib/gcc/arm-none-eabi/4.9.3/../../../../arm-none-eabi/lib/cortex-m7/fpu/fpv5-sp-d16/libc_nano.a(lib_a-memmove.o)
                              build/FreeRTOS_IP.o (memmove)
/usr/bin/../lib/gcc/arm-none-eabi/4.9.3/../../../../arm-none-eabi/lib/cortex-m7/fpu/fpv5-sp-d16/libc_nano.a(lib_a-strcasecmp.o)
                              build/main.o (strcasecmp)
/usr/bin/../lib/gcc/arm-none-eabi/4.9.3/../../../../arm-none-eabi/lib/cortex-m7/fpu/fpv5-sp-d16/libc_nano.a(lib_a-strcpy.o)
                              build/tasks.o (strcpy)
/usr/bin/../lib/gcc/arm-none-eabi/4.9.3/../../../../arm-none-eabi/lib/cortex-m7/fpu/fpv5-sp-d16/libc_nano.a(lib_a-strlen.o)
                              build/tasks.o (strlen)
/usr/bin/../lib/gcc/arm-none-eabi/4.9.3/../../../../arm-none-eabi/lib/cortex-m7/fpu/fpv5-sp-d16/libc_nano.a(lib_a-strncmp.o)
                              build/FreeRTOS_DNS.o (strncmp)
/usr/bin/../lib/gcc/arm-none-eabi/4.9.3/../../../../arm-none-eabi/lib/cortex-m7/fpu/fpv5-sp-d16/libc_nano.a(lib_a-strncpy.o)
                              build/FreeRTOS_DNS.o (strncpy)
/usr/bin/../lib/gcc/arm-none-eabi/4.9.3/../../../../arm-none-eabi/lib/cortex-m7/fpu/fpv5-sp-d16/libc_nano.a(lib_a-ctype_.o)
                              /usr/bin/../lib/gcc/arm-none-eabi/4.9.3/../../../../arm-none-eabi/lib/cortex-m7/fpu/fpv5-sp-d16/libc_nano.a(lib_a-strcasecmp.o) (__ctype_ptr__)
/usr/bin/../lib/gcc/arm-none-eabi/4.9.3/cortex-m7/fpu/fpv5-sp-d16/libgcc.a(_aeabi_uldivmod.o)
                              build/UDPLoggingPrintf.o (__aeabi_uldivmod)
/usr/bin/../lib/gcc/arm-none-eabi/4.9.3/cortex-m7/fpu/fpv5-sp-d16/libgcc.a(bpabi.o)
                              /usr/bin/../lib/gcc/arm-none-eabi/4.9.3/cortex-m7/fpu/fpv5-sp-d16/libgcc.a(_aeabi_uldivmod.o) (__gnu_uldivmod_helper)
/usr/bin/../lib/gcc/arm-none-eabi/4.9.3/cortex-m7/fpu/fpv5-sp-d16/libgcc.a(_dvmd_tls.o)
                              /usr/bin/../lib/gcc/arm-none-eabi/4.9.3/cortex-m7/fpu/fpv5-sp-d16/libgcc.a(_aeabi_uldivmod.o) (__aeabi_ldiv0)
/usr/bin/../lib/gcc/arm-none-eabi/4.9.3/cortex-m7/fpu/fpv5-sp-d16/libgcc.a(_divdi3.o)
                              /usr/bin/../lib/gcc/arm-none-eabi/4.9.3/cortex-m7/fpu/fpv5-sp-d16/libgcc.a(bpabi.o) (__divdi3)
/usr/bin/../lib/gcc/arm-none-eabi/4.9.3/cortex-m7/fpu/fpv5-sp-d16/libgcc.a(_udivdi3.o)
                              /usr/bin/../lib/gcc/arm-none-eabi/4.9.3/cortex-m7/fpu/fpv5-sp-d16/libgcc.a(bpabi.o) (__udivdi3)

Allocating common symbols
Common symbol       size              file

LCD_CacheBuffer_yptr_bottom_bak
                    0x2               build/lcd_log.o
sdramHandle         0x34              build/stm32f769i_discovery_sdram.o
LCD_CacheBuffer_yptr_top_bak
                    0x2               build/lcd_log.o
uwTick              0x4               build/stm32f7xx_hal.o
xQueueRegistry      0x40              build/queue.o
LCD_CacheBuffer_yptr_bottom
                    0x2               build/lcd_log.o
xBoundTCPSocketsList
                    0x14              build/FreeRTOS_Sockets.o
pFlash              0x1c              build/stm32f7xx_hal_flash.o
LCD_CacheBuffer_xptr
                    0x2               build/lcd_log.o
LCD_CacheBuffer_yptr_invert
                    0x1               build/lcd_log.o
LCD_Lock            0x1               build/lcd_log.o
htim13              0x3c              build/stm32f7xx_hal_timebase_tim.o
LCD_Scrolled        0x1               build/lcd_log.o
hrtc                0x20              build/main.o
hdma2d_discovery    0x58              build/stm32f769i_discovery_lcd.o
xBoundUDPSocketsList
                    0x14              build/FreeRTOS_Sockets.o
LCD_CacheBuffer_yptr_top
                    0x2               build/lcd_log.o
[...]
Memory Configuration

Name             Origin             Length             Attributes
FLASH            0x0000000008000000 0x0000000000200000 xr
RAM              0x0000000020000000 0x0000000000080000 xrw
*default*        0x0000000000000000 0xffffffffffffffff

Linker script and memory map

LOAD /usr/bin/../lib/gcc/arm-none-eabi/4.9.3/cortex-m7/fpu/fpv5-sp-d16/crti.o
LOAD /usr/bin/../lib/gcc/arm-none-eabi/4.9.3/cortex-m7/fpu/fpv5-sp-d16/crtbegin.o
LOAD /usr/bin/../lib/gcc/arm-none-eabi/4.9.3/../../../../arm-none-eabi/lib/cortex-m7/fpu/fpv5-sp-d16/crt0.o
LOAD build/stm32f7xx_hal.o
LOAD build/stm32f7xx_hal_adc.o
LOAD build/stm32f7xx_hal_adc_ex.o
LOAD build/stm32f7xx_hal_cortex.o
LOAD build/stm32f7xx_hal_dma.o
LOAD build/stm32f7xx_hal_dma2d.o
LOAD build/stm32f7xx_hal_dma_ex.o
LOAD build/stm32f7xx_hal_dsi.o
LOAD build/stm32f7xx_hal_flash.o
LOAD build/stm32f7xx_hal_flash_ex.o
LOAD build/stm32f7xx_hal_gpio.o
LOAD build/stm32f7xx_hal_i2c.o
LOAD build/stm32f7xx_hal_i2c_ex.o
LOAD build/stm32f7xx_hal_ltdc.o
LOAD build/stm32f7xx_hal_ltdc_ex.o
LOAD build/stm32f7xx_hal_pwr.o
LOAD build/stm32f7xx_hal_pwr_ex.o
LOAD build/stm32f7xx_hal_rcc.o
LOAD build/stm32f7xx_hal_rcc_ex.o
LOAD build/stm32f7xx_hal_sdram.o
LOAD build/stm32f7xx_hal_tim.o
LOAD build/stm32f7xx_hal_tim_ex.o
LOAD build/stm32f7xx_hal_uart.o
LOAD build/stm32f7xx_ll_fmc.o
LOAD build/stm32f7xx_hal_rtc.o
LOAD build/stm32f7xx_hal_rng.o
LOAD build/stm32f7xx_hal_eth_FreeRTOS_TCP.o
LOAD build/croutine.o
LOAD build/list.o
LOAD build/port.o
LOAD build/heap_5.o
LOAD build/queue.o
LOAD build/tasks.o
LOAD build/timers.o
LOAD build/event_groups.o
LOAD build/lcd_log.o
LOAD build/NetworkInterface.o
LOAD build/BufferAllocation_2.o
LOAD build/FreeRTOS_IP.o
LOAD build/FreeRTOS_ARP.o
LOAD build/FreeRTOS_Sockets.o
LOAD build/FreeRTOS_UDP_IP.o
LOAD build/FreeRTOS_DHCP.o
LOAD build/FreeRTOS_TCP_IP.o
LOAD build/FreeRTOS_TCP_WIN.o
LOAD build/FreeRTOS_Stream_Buffer.o
LOAD build/FreeRTOS_DNS.o
LOAD build/printf-stdarg.o
LOAD build/UDPLoggingPrintf.o
LOAD build/main.o
LOAD build/memcpy.o
LOAD build/hr_gettime.o
LOAD build/stm32f7xx_hal_msp.o
LOAD build/stm32f7xx_hal_timebase_tim.o
LOAD build/stm32f7xx_it.o
LOAD build/system_stm32f7xx.o
LOAD build/SEGGER_SYSVIEW_Config_FreeRTOS.o
LOAD build/syscalls.o
LOAD build/mfxstm32l152.o
LOAD build/otm8009a.o
LOAD build/stm32f769i_discovery.o
LOAD build/stm32f769i_discovery_lcd.o
LOAD build/stm32f769i_discovery_sdram.o
LOAD build/SEGGER_RTT.o
LOAD build/SEGGER_SYSVIEW.o
LOAD build/SEGGER_SYSVIEW_FreeRTOS.o
LOAD build/startup_stm32f769xx.o
LOAD /usr/bin/../lib/gcc/arm-none-eabi/4.9.3/../../../../arm-none-eabi/lib/cortex-m7/fpu/fpv5-sp-d16/libc_nano.a
LOAD /usr/bin/../lib/gcc/arm-none-eabi/4.9.3/../../../../arm-none-eabi/lib/cortex-m7/fpu/fpv5-sp-d16/libm.a
LOAD /usr/bin/../lib/gcc/arm-none-eabi/4.9.3/../../../../arm-none-eabi/lib/cortex-m7/fpu/fpv5-sp-d16/libnosys.a
START GROUP
LOAD /usr/bin/../lib/gcc/arm-none-eabi/4.9.3/cortex-m7/fpu/fpv5-sp-d16/libgcc.a
LOAD /usr/bin/../lib/gcc/arm-none-eabi/4.9.3/../../../../arm-none-eabi/lib/cortex-m7/fpu/fpv5-sp-d16/libc_nano.a
END GROUP
START GROUP
LOAD /usr/bin/../lib/gcc/arm-none-eabi/4.9.3/cortex-m7/fpu/fpv5-sp-d16/libgcc.a
LOAD /usr/bin/../lib/gcc/arm-none-eabi/4.9.3/../../../../arm-none-eabi/lib/cortex-m7/fpu/fpv5-sp-d16/libc_nano.a
END GROUP
LOAD /usr/bin/../lib/gcc/arm-none-eabi/4.9.3/cortex-m7/fpu/fpv5-sp-d16/crtend.o
LOAD /usr/bin/../lib/gcc/arm-none-eabi/4.9.3/cortex-m7/fpu/fpv5-sp-d16/crtn.o
                0x0000000020080000                _estack = 0x20080000
                0x0000000000000200                _Min_Heap_Size = 0x200
                0x0000000000000400                _Min_Stack_Size = 0x400

.isr_vector     0x0000000008000000      0x1f8
                0x0000000008000000                . = ALIGN (0x4)
 *(.isr_vector)
 .isr_vector    0x0000000008000000      0x1f8 build/startup_stm32f769xx.o
                0x0000000008000000                g_pfnVectors
                0x00000000080001f8                . = ALIGN (0x4)

.text           0x0000000008000200    0x12248
                0x0000000008000200                . = ALIGN (0x4)
 *(.text)
 .text          0x0000000008000200       0x5c /usr/bin/../lib/gcc/arm-none-eabi/4.9.3/cortex-m7/fpu/fpv5-sp-d16/crtbegin.o
 .text          0x000000000800025c       0x30 /usr/bin/../lib/gcc/arm-none-eabi/4.9.3/cortex-m7/fpu/fpv5-sp-d16/libgcc.a(_aeabi_uldivmod.o)
                0x000000000800025c                __aeabi_uldivmod
 .text          0x000000000800028c       0x60 /usr/bin/../lib/gcc/arm-none-eabi/4.9.3/cortex-m7/fpu/fpv5-sp-d16/libgcc.a(bpabi.o)
                0x000000000800028c                __gnu_ldivmod_helper
                0x00000000080002bc                __gnu_uldivmod_helper
 .text          0x00000000080002ec        0x4 /usr/bin/../lib/gcc/arm-none-eabi/4.9.3/cortex-m7/fpu/fpv5-sp-d16/libgcc.a(_dvmd_tls.o)
                0x00000000080002ec                __aeabi_ldiv0
                0x00000000080002ec                __aeabi_idiv0
 .text          0x00000000080002f0      0x284 /usr/bin/../lib/gcc/arm-none-eabi/4.9.3/cortex-m7/fpu/fpv5-sp-d16/libgcc.a(_divdi3.o)
                0x00000000080002f0                __divdi3
 .text          0x0000000008000574      0x248 /usr/bin/../lib/gcc/arm-none-eabi/4.9.3/cortex-m7/fpu/fpv5-sp-d16/libgcc.a(_udivdi3.o)
                0x0000000008000574                __udivdi3
 *(.text*)
 .text.HAL_Init
                0x00000000080007bc       0x2c build/stm32f7xx_hal.o
                0x00000000080007bc                HAL_Init
 .text.HAL_IncTick
                0x00000000080007e8       0x1c build/stm32f7xx_hal.o
                0x00000000080007e8                HAL_IncTick
 .text.HAL_GetTick
                0x0000000008000804       0x18 build/stm32f7xx_hal.o
                0x0000000008000804                HAL_GetTick
 .text.HAL_Delay
                0x000000000800081c       0x2c build/stm32f7xx_hal.o
                0x000000000800081c                HAL_Delay
 .text.NVIC_SetPriorityGrouping
                0x0000000008000848       0x48 build/stm32f7xx_hal_cortex.o
 .text.NVIC_GetPriorityGrouping
                0x0000000008000890       0x1c build/stm32f7xx_hal_cortex.o
 .text.NVIC_EnableIRQ
                0x00000000080008ac       0x30 build/stm32f7xx_hal_cortex.o
 .text.NVIC_SetPriority
                0x00000000080008dc       0x54 build/stm32f7xx_hal_cortex.o
 .text.NVIC_EncodePriority
                0x0000000008000930       0x64 build/stm32f7xx_hal_cortex.o
 .text.SysTick_Config
                0x0000000008000994       0x44 build/stm32f7xx_hal_cortex.o
 .text.HAL_NVIC_SetPriorityGrouping
                0x00000000080009d8       0x14 build/stm32f7xx_hal_cortex.o
                0x00000000080009d8                HAL_NVIC_SetPriorityGrouping
 .text.HAL_NVIC_SetPriority
                0x00000000080009ec       0x38 build/stm32f7xx_hal_cortex.o
                0x00000000080009ec                HAL_NVIC_SetPriority
 .text.HAL_NVIC_EnableIRQ
                0x0000000008000a24       0x1c build/stm32f7xx_hal_cortex.o
                0x0000000008000a24                HAL_NVIC_EnableIRQ
 .text.HAL_SYSTICK_Config
                0x0000000008000a40       0x18 build/stm32f7xx_hal_cortex.o
                0x0000000008000a40                HAL_SYSTICK_Config
 .text.HAL_SYSTICK_CLKSourceConfig
                0x0000000008000a58       0x38 build/stm32f7xx_hal_cortex.o
                0x0000000008000a58                HAL_SYSTICK_CLKSourceConfig
 .text.HAL_GPIO_Init
                0x0000000008000a90      0x34c build/stm32f7xx_hal_gpio.o
                0x0000000008000a90                HAL_GPIO_Init
 .text.HAL_GPIO_TogglePin
                0x0000000008000ddc       0x24 build/stm32f7xx_hal_gpio.o
                0x0000000008000ddc                HAL_GPIO_TogglePin
 .text.HAL_PWREx_EnableOverDrive
                0x0000000008000e00       0x9c build/stm32f7xx_hal_pwr_ex.o
                0x0000000008000e00                HAL_PWREx_EnableOverDrive
 .text.HAL_RCC_OscConfig
                0x0000000008000e9c      0x530 build/stm32f7xx_hal_rcc.o
                0x0000000008000e9c                HAL_RCC_OscConfig
 .text.HAL_RCC_ClockConfig
                0x00000000080013cc      0x200 build/stm32f7xx_hal_rcc.o
                0x00000000080013cc                HAL_RCC_ClockConfig
 .text.HAL_RCC_GetSysClockFreq
                0x00000000080015cc       0xfc build/stm32f7xx_hal_rcc.o
                0x00000000080015cc                HAL_RCC_GetSysClockFreq
 .text.HAL_RCC_GetHCLKFreq
                0x00000000080016c8       0x18 build/stm32f7xx_hal_rcc.o
                0x00000000080016c8                HAL_RCC_GetHCLKFreq
 .text.HAL_RCC_GetPCLK1Freq
                0x00000000080016e0       0x44 build/stm32f7xx_hal_rcc.o
                0x00000000080016e0                HAL_RCC_GetPCLK1Freq
 .text.HAL_RCC_GetClockConfig
                0x0000000008001724       0x60 build/stm32f7xx_hal_rcc.o
                0x0000000008001724                HAL_RCC_GetClockConfig
 .text.HAL_RCCEx_PeriphCLKConfig
                0x0000000008001784      0xe84 build/stm32f7xx_hal_rcc_ex.o
                0x0000000008001784                HAL_RCCEx_PeriphCLKConfig
 .text.HAL_SDRAM_Init
                0x0000000008002608       0x6c build/stm32f7xx_hal_sdram.o
                0x0000000008002608                HAL_SDRAM_Init
 .text.HAL_SDRAM_MspInit
                0x0000000008002674       0x14 build/stm32f7xx_hal_sdram.o
                0x0000000008002674                HAL_SDRAM_MspInit
 .text.HAL_TIM_Base_Init
                0x0000000008002688       0x50 build/stm32f7xx_hal_tim.o
                0x0000000008002688                HAL_TIM_Base_Init
 .text.HAL_TIM_Base_MspInit
                0x00000000080026d8       0x14 build/stm32f7xx_hal_tim.o
                0x00000000080026d8                HAL_TIM_Base_MspInit
 .text.HAL_TIM_Base_Start_IT
                0x00000000080026ec       0x38 build/stm32f7xx_hal_tim.o
                0x00000000080026ec                HAL_TIM_Base_Start_IT
 .text.HAL_TIM_IRQHandler
                0x0000000008002724      0x23c build/stm32f7xx_hal_tim.o
                0x0000000008002724                HAL_TIM_IRQHandler
 .text.HAL_TIM_OC_DelayElapsedCallback
                0x0000000008002960       0x14 build/stm32f7xx_hal_tim.o
                0x0000000008002960                HAL_TIM_OC_DelayElapsedCallback
 .text.HAL_TIM_IC_CaptureCallback
                0x0000000008002974       0x14 build/stm32f7xx_hal_tim.o
                0x0000000008002974                HAL_TIM_IC_CaptureCallback
 .text.HAL_TIM_PWM_PulseFinishedCallback
                0x0000000008002988       0x14 build/stm32f7xx_hal_tim.o
                0x0000000008002988                HAL_TIM_PWM_PulseFinishedCallback
 .text.HAL_TIM_TriggerCallback
                0x000000000800299c       0x14 build/stm32f7xx_hal_tim.o
                0x000000000800299c                HAL_TIM_TriggerCallback
 .text.TIM_Base_SetConfig
                0x00000000080029b0      0x150 build/stm32f7xx_hal_tim.o
                0x00000000080029b0                TIM_Base_SetConfig
 .text.HAL_TIMEx_CommutationCallback
                0x0000000008002b00       0x14 build/stm32f7xx_hal_tim_ex.o
                0x0000000008002b00                HAL_TIMEx_CommutationCallback
 .text.HAL_TIMEx_BreakCallback
                0x0000000008002b14       0x14 build/stm32f7xx_hal_tim_ex.o
                0x0000000008002b14                HAL_TIMEx_BreakCallback
 .text.FMC_SDRAM_Init
                0x0000000008002b28       0xe4 build/stm32f7xx_ll_fmc.o
                0x0000000008002b28                FMC_SDRAM_Init
 .text.FMC_SDRAM_Timing_Init
                0x0000000008002c0c      0x100 build/stm32f7xx_ll_fmc.o
                0x0000000008002c0c                FMC_SDRAM_Timing_Init
 .text.HAL_RTC_Init
                0x0000000008002d0c       0xf8 build/stm32f7xx_hal_rtc.o
                0x0000000008002d0c                HAL_RTC_Init
 .text.RTC_EnterInitMode
                0x0000000008002e04       0x58 build/stm32f7xx_hal_rtc.o
                0x0000000008002e04                RTC_EnterInitMode
 .text.HAL_RNG_Init
                0x0000000008002e5c       0x68 build/stm32f7xx_hal_rng.o
                0x0000000008002e5c                HAL_RNG_Init
 .text.HAL_RNG_GenerateRandomNumber
                0x0000000008002ec4       0x98 build/stm32f7xx_hal_rng.o
                0x0000000008002ec4                HAL_RNG_GenerateRandomNumber
 .text.HAL_ETH_Init
                0x0000000008002f5c      0x154 build/stm32f7xx_hal_eth_FreeRTOS_TCP.o
                0x0000000008002f5c                HAL_ETH_Init
 .text.HAL_ETH_IRQHandler
                0x00000000080030b0       0x64 build/stm32f7xx_hal_eth_FreeRTOS_TCP.o
                0x00000000080030b0                HAL_ETH_IRQHandler
 .text.HAL_ETH_ErrorCallback
                0x0000000008003114       0x14 build/stm32f7xx_hal_eth_FreeRTOS_TCP.o
                0x0000000008003114                HAL_ETH_ErrorCallback
 .text.HAL_ETH_ReadPHYRegister
                0x0000000008003128       0xf8 build/stm32f7xx_hal_eth_FreeRTOS_TCP.o
                0x0000000008003128                HAL_ETH_ReadPHYRegister
 .text.HAL_ETH_WritePHYRegister
                0x0000000008003220       0xf8 build/stm32f7xx_hal_eth_FreeRTOS_TCP.o
                0x0000000008003220                HAL_ETH_WritePHYRegister
 .text.HAL_ETH_Start
                0x0000000008003318       0x60 build/stm32f7xx_hal_eth_FreeRTOS_TCP.o
                0x0000000008003318                HAL_ETH_Start
 .text.HAL_ETH_Stop
                0x0000000008003378       0x60 build/stm32f7xx_hal_eth_FreeRTOS_TCP.o
                0x0000000008003378                HAL_ETH_Stop
 .text.prvWriteMACFCR
                0x00000000080033d8       0x2c build/stm32f7xx_hal_eth_FreeRTOS_TCP.o
 .text.prvWriteDMAOMR
                0x0000000008003404       0x40 build/stm32f7xx_hal_eth_FreeRTOS_TCP.o
 .text.prvWriteMACCR
                0x0000000008003444       0x2c build/stm32f7xx_hal_eth_FreeRTOS_TCP.o
 .text.HAL_ETH_ConfigMAC
                0x0000000008003470      0x1b0 build/stm32f7xx_hal_eth_FreeRTOS_TCP.o
                0x0000000008003470                HAL_ETH_ConfigMAC
 .text.ETH_MACDMAConfig
                0x0000000008003620      0x330 build/stm32f7xx_hal_eth_FreeRTOS_TCP.o
 .text.ETH_MACAddressConfig
                0x0000000008003950       0x70 build/stm32f7xx_hal_eth_FreeRTOS_TCP.o
 .text.ETH_MACTransmissionEnable
                0x00000000080039c0       0x24 build/stm32f7xx_hal_eth_FreeRTOS_TCP.o
 .text.ETH_MACTransmissionDisable
                0x00000000080039e4       0x24 build/stm32f7xx_hal_eth_FreeRTOS_TCP.o
 .text.ETH_MACReceptionEnable
                0x0000000008003a08       0x24 build/stm32f7xx_hal_eth_FreeRTOS_TCP.o
 .text.ETH_MACReceptionDisable
                0x0000000008003a2c       0x24 build/stm32f7xx_hal_eth_FreeRTOS_TCP.o
 .text.ETH_DMATransmissionEnable
                0x0000000008003a50       0x2c build/stm32f7xx_hal_eth_FreeRTOS_TCP.o
 .text.ETH_DMATransmissionDisable
                0x0000000008003a7c       0x2c build/stm32f7xx_hal_eth_FreeRTOS_TCP.o
 .text.ETH_DMAReceptionEnable
                0x0000000008003aa8       0x2c build/stm32f7xx_hal_eth_FreeRTOS_TCP.o
 .text.ETH_DMAReceptionDisable
                0x0000000008003ad4       0x2c build/stm32f7xx_hal_eth_FreeRTOS_TCP.o
 .text.ETH_FlushTransmitFIFO
                0x0000000008003b00       0x2c build/stm32f7xx_hal_eth_FreeRTOS_TCP.o
 .text.vListInitialise
                0x0000000008003b2c       0x40 build/list.o
                0x0000000008003b2c                vListInitialise
 .text.vListInitialiseItem
                0x0000000008003b6c       0x18 build/list.o
                0x0000000008003b6c                vListInitialiseItem
 .text.vListInsertEnd
                0x0000000008003b84       0x48 build/list.o
                0x0000000008003b84                vListInsertEnd
 .text.vListInsert
                0x0000000008003bcc       0x70 build/list.o
                0x0000000008003bcc                vListInsert
 .text.uxListRemove
                0x0000000008003c3c       0x54 build/list.o
                0x0000000008003c3c                uxListRemove
 .text.pxPortInitialiseStack
                0x0000000008003c90       0x64 build/port.o
                0x0000000008003c90                pxPortInitialiseStack
 .text.prvTaskExitError
                0x0000000008003cf4       0x3c build/port.o
 .text.SVC_Handler
                0x0000000008003d30       0x24 build/port.o
                0x0000000008003d30                SVC_Handler
 .text.prvPortStartFirstTask
                0x0000000008003d54       0x20 build/port.o
 .text.xPortStartScheduler
                0x0000000008003d74      0x118 build/port.o
                0x0000000008003d74                xPortStartScheduler
 .text.vPortEnterCritical
                0x0000000008003e8c       0x5c build/port.o
                0x0000000008003e8c                vPortEnterCritical
 .text.vPortExitCritical
                0x0000000008003ee8       0x4c build/port.o
                0x0000000008003ee8                vPortExitCritical
 *fill*         0x0000000008003f34        0xc 
 .text.PendSV_Handler
                0x0000000008003f40       0x64 build/port.o
                0x0000000008003f40                PendSV_Handler
 .text.xPortSysTickHandler
                0x0000000008003fa4       0x4c build/port.o
                0x0000000008003fa4                xPortSysTickHandler
 .text.vPortSetupTimerInterrupt
                0x0000000008003ff0       0x34 build/port.o
                0x0000000008003ff0                vPortSetupTimerInterrupt
 .text.vPortEnableVFP
                0x0000000008004024       0x14 build/port.o
 .text.vPortValidateInterruptPriority
                0x0000000008004038       0x78 build/port.o
                0x0000000008004038                vPortValidateInterruptPriority
 .text.pvPortMalloc
                0x00000000080040b0      0x140 build/heap_5.o
                0x00000000080040b0                pvPortMalloc
 .text.vPortFree
                0x00000000080041f0       0xb0 build/heap_5.o
                0x00000000080041f0                vPortFree
 .text.prvInsertBlockIntoFreeList
                0x00000000080042a0       0xb0 build/heap_5.o
 .text.vPortDefineHeapRegions
                0x0000000008004350      0x18c build/heap_5.o
                0x0000000008004350                vPortDefineHeapRegions
 .text.xQueueGenericReset
                0x00000000080044dc       0xd0 build/queue.o
                0x00000000080044dc                xQueueGenericReset
 .text.xQueueGenericCreate
                0x00000000080045ac       0x74 build/queue.o
                0x00000000080045ac                xQueueGenericCreate
 .text.prvInitialiseNewQueue
                0x0000000008004620       0x50 build/queue.o
 .text.xQueueCreateCountingSemaphore
                0x0000000008004670       0x64 build/queue.o
                0x0000000008004670                xQueueCreateCountingSemaphore
 .text.xQueueGenericSend
                0x00000000080046d4      0x24c build/queue.o
                0x00000000080046d4                xQueueGenericSend
 .text.xQueueGenericReceive
                0x0000000008004920      0x2bc build/queue.o
                0x0000000008004920                xQueueGenericReceive
 .text.uxQueueMessagesWaiting
                0x0000000008004bdc       0x3c build/queue.o
                0x0000000008004bdc                uxQueueMessagesWaiting
 .text.vQueueDelete
                0x0000000008004c18       0x4c build/queue.o
                0x0000000008004c18                vQueueDelete
 .text.prvCopyDataToQueue
                0x0000000008004c64       0xd8 build/queue.o
 .text.prvCopyDataFromQueue
                0x0000000008004d3c       0x4c build/queue.o
 .text.prvUnlockQueue
                0x0000000008004d88       0xa4 build/queue.o
 .text.prvIsQueueEmpty
                0x0000000008004e2c       0x2c build/queue.o
 .text.prvIsQueueFull
                0x0000000008004e58       0x30 build/queue.o
 .text.vQueueAddToRegistry
                0x0000000008004e88       0x60 build/queue.o
                0x0000000008004e88                vQueueAddToRegistry
 .text.vQueueUnregisterQueue
                0x0000000008004ee8       0x50 build/queue.o
                0x0000000008004ee8                vQueueUnregisterQueue
 .text.xTaskCreate
                0x0000000008004f38       0x84 build/tasks.o
                0x0000000008004f38                xTaskCreate
 .text.prvInitialiseNewTask
                0x0000000008004fbc      0x130 build/tasks.o
 .text.prvAddNewTaskToReadyList
                0x00000000080050ec      0x11c build/tasks.o
 .text.vTaskDelay
                0x0000000008005208       0x6c build/tasks.o
                0x0000000008005208                vTaskDelay
 .text.vTaskSuspend
                0x0000000008005274      0x128 build/tasks.o
                0x0000000008005274                vTaskSuspend
 .text.vTaskStartScheduler
                0x000000000800539c       0x88 build/tasks.o
                0x000000000800539c                vTaskStartScheduler
 .text.vTaskSuspendAll
                0x0000000008005424       0x1c build/tasks.o
                0x0000000008005424                vTaskSuspendAll
 .text.xTaskResumeAll
                0x0000000008005440      0x144 build/tasks.o
                0x0000000008005440                xTaskResumeAll
 .text.xTaskGetTickCount
                0x0000000008005584       0x20 build/tasks.o
                0x0000000008005584                xTaskGetTickCount
 .text.xTaskGetTickCountFromISR
                0x00000000080055a4       0x24 build/tasks.o
                0x00000000080055a4                xTaskGetTickCountFromISR
 .text.pcTaskGetName
                0x00000000080055c8       0x48 build/tasks.o
                0x00000000080055c8                pcTaskGetName
 .text.xTaskIncrementTick
                0x0000000008005610      0x194 build/tasks.o
                0x0000000008005610                xTaskIncrementTick
 .text.vTaskSwitchContext
                0x00000000080057a4      0x160 build/tasks.o
                0x00000000080057a4                vTaskSwitchContext
 .text.vTaskPlaceOnEventList
                0x0000000008005904       0x44 build/tasks.o
                0x0000000008005904                vTaskPlaceOnEventList
 .text.vTaskPlaceOnUnorderedEventList
                0x0000000008005948       0x74 build/tasks.o
                0x0000000008005948                vTaskPlaceOnUnorderedEventList
 .text.xTaskRemoveFromEventList
                0x00000000080059bc       0xd0 build/tasks.o
                0x00000000080059bc                xTaskRemoveFromEventList
 .text.xTaskRemoveFromUnorderedEventList
                0x0000000008005a8c       0xd8 build/tasks.o
                0x0000000008005a8c                xTaskRemoveFromUnorderedEventList
 .text.vTaskSetTimeOutState
                0x0000000008005b64       0x44 build/tasks.o
                0x0000000008005b64                vTaskSetTimeOutState
 .text.xTaskCheckForTimeOut
                0x0000000008005ba8       0xbc build/tasks.o
                0x0000000008005ba8                xTaskCheckForTimeOut
 .text.vTaskMissedYield
                0x0000000008005c64       0x18 build/tasks.o
                0x0000000008005c64                vTaskMissedYield
 .text.prvIdleTask
                0x0000000008005c7c       0x34 build/tasks.o
 .text.prvInitialiseTaskLists
                0x0000000008005cb0       0x7c build/tasks.o
 .text.prvCheckTasksWaitingTermination
                0x0000000008005d2c       0x74 build/tasks.o
 .text.prvDeleteTCB
                0x0000000008005da0       0x20 build/tasks.o
 .text.prvResetNextTaskUnblockTime
                0x0000000008005dc0       0x48 build/tasks.o
 .text.xTaskGetCurrentTaskHandle
                0x0000000008005e08       0x20 build/tasks.o
                0x0000000008005e08                xTaskGetCurrentTaskHandle
 .text.xTaskGetSchedulerState
                0x0000000008005e28       0x3c build/tasks.o
                0x0000000008005e28                xTaskGetSchedulerState
 .text.vTaskPriorityInherit
                0x0000000008005e64       0xf8 build/tasks.o
                0x0000000008005e64                vTaskPriorityInherit
 .text.xTaskPriorityDisinherit
                0x0000000008005f5c      0x114 build/tasks.o
                0x0000000008005f5c                xTaskPriorityDisinherit
 .text.uxTaskResetEventItemValue
                0x0000000008006070       0x30 build/tasks.o
                0x0000000008006070                uxTaskResetEventItemValue
 .text.pvTaskIncrementMutexHeldCount
                0x00000000080060a0       0x28 build/tasks.o
                0x00000000080060a0                pvTaskIncrementMutexHeldCount
 .text.ulTaskNotifyTake
                0x00000000080060c8       0x9c build/tasks.o
                0x00000000080060c8                ulTaskNotifyTake
 .text.xTaskGenericNotify
                0x0000000008006164      0x168 build/tasks.o
                0x0000000008006164                xTaskGenericNotify
 .text.vTaskNotifyGiveFromISR
                0x00000000080062cc      0x140 build/tasks.o
                0x00000000080062cc                vTaskNotifyGiveFromISR
 .text.prvAddCurrentTaskToDelayedList
                0x000000000800640c       0xec build/tasks.o
 .text.xEventGroupCreate
                0x00000000080064f8       0x30 build/event_groups.o
                0x00000000080064f8                xEventGroupCreate
 .text.xEventGroupWaitBits
                0x0000000008006528      0x194 build/event_groups.o
                0x0000000008006528                xEventGroupWaitBits
 .text.xEventGroupClearBits
                0x00000000080066bc       0x6c build/event_groups.o
                0x00000000080066bc                xEventGroupClearBits
 .text.xEventGroupSetBits
                0x0000000008006728      0x114 build/event_groups.o
                0x0000000008006728                xEventGroupSetBits
 .text.vEventGroupDelete
                0x000000000800683c       0x60 build/event_groups.o
                0x000000000800683c                vEventGroupDelete
 .text.prvTestWaitCondition
                0x000000000800689c       0x44 build/event_groups.o
 .text.HAL_ETH_RxCpltCallback
                0x00000000080068e0       0x64 build/NetworkInterface.o
                0x00000000080068e0                HAL_ETH_RxCpltCallback
 .text.HAL_ETH_TxCpltCallback
                0x0000000008006944       0x64 build/NetworkInterface.o
                0x0000000008006944                HAL_ETH_TxCpltCallback
 .text.vClearTXBuffers
                0x00000000080069a8       0xa0 build/NetworkInterface.o
 .text.xNetworkInterfaceInitialise
                0x0000000008006a48      0x160 build/NetworkInterface.o
                0x0000000008006a48                xNetworkInterfaceInitialise
 .text.prvDMATxDescListInit
                0x0000000008006ba8       0x78 build/NetworkInterface.o
 .text.prvDMARxDescListInit
                0x0000000008006c20       0x9c build/NetworkInterface.o
 .text.prvMACAddressConfig
                0x0000000008006cbc       0x70 build/NetworkInterface.o
 .text.xNetworkInterfaceOutput
                0x0000000008006d2c      0x12c build/NetworkInterface.o
                0x0000000008006d2c                xNetworkInterfaceOutput
 .text.xMayAcceptPacket
                0x0000000008006e58       0x34 build/NetworkInterface.o
 .text.prvNetworkInterfaceInput
                0x0000000008006e8c      0x15c build/NetworkInterface.o
 .text.vMACBProbePhy
                0x0000000008006fe8      0x20c build/NetworkInterface.o
                0x0000000008006fe8                vMACBProbePhy
 .text.prvEthernetUpdateConfig
                0x00000000080071f4      0x1ec build/NetworkInterface.o
 .text.xGetPhyLinkStatus
                0x00000000080073e0       0x30 build/NetworkInterface.o
                0x00000000080073e0                xGetPhyLinkStatus
 .text.prvEMACHandlerTask
                0x0000000008007410      0x1b0 build/NetworkInterface.o
 .text.ETH_IRQHandler
                0x00000000080075c0       0x10 build/NetworkInterface.o
                0x00000000080075c0                ETH_IRQHandler
 .text.xNetworkBuffersInitialise
                0x00000000080075d0       0xf8 build/BufferAllocation_2.o
                0x00000000080075d0                xNetworkBuffersInitialise
 .text.vReleaseNetworkBuffer
                0x00000000080076c8       0x20 build/BufferAllocation_2.o
                0x00000000080076c8                vReleaseNetworkBuffer
 .text.pxGetNetworkBufferWithDescriptor
                0x00000000080076e8       0xf4 build/BufferAllocation_2.o
                0x00000000080076e8                pxGetNetworkBufferWithDescriptor
 .text.vReleaseNetworkBufferAndDescriptor
                0x00000000080077dc       0x68 build/BufferAllocation_2.o
                0x00000000080077dc                vReleaseNetworkBufferAndDescriptor
 .text.uxGetNumberOfFreeNetworkBuffers
                0x0000000008007844       0x18 build/BufferAllocation_2.o
                0x0000000008007844                uxGetNumberOfFreeNetworkBuffers
 .text.uxGetMinimumFreeNetworkBuffers
                0x000000000800785c       0x18 build/BufferAllocation_2.o
                0x000000000800785c                uxGetMinimumFreeNetworkBuffers
 .text.prvIPTask
                0x0000000008007874      0x168 build/FreeRTOS_IP.o
 .text.xIsCallingFromIPTask
                0x00000000080079dc       0x2c build/FreeRTOS_IP.o
                0x00000000080079dc                xIsCallingFromIPTask
 .text.prvHandleEthernetPacket
                0x0000000008007a08       0x14 build/FreeRTOS_IP.o
 .text.prvCalculateSleepTime
                0x0000000008007a1c       0x74 build/FreeRTOS_IP.o
 .text.prvCheckNetworkTimers
                0x0000000008007a90       0xc4 build/FreeRTOS_IP.o
 .text.prvIPTimerStart
                0x0000000008007b54       0x48 build/FreeRTOS_IP.o
 .text.prvIPTimerReload
                0x0000000008007b9c       0x20 build/FreeRTOS_IP.o
 .text.prvIPTimerCheck
                0x0000000008007bbc       0x60 build/FreeRTOS_IP.o
 .text.FreeRTOS_NetworkDown
                0x0000000008007c1c       0x34 build/FreeRTOS_IP.o
                0x0000000008007c1c                FreeRTOS_NetworkDown
 .text.pxDuplicateNetworkBufferWithDescriptor
                0x0000000008007c50       0x54 build/FreeRTOS_IP.o
                0x0000000008007c50                pxDuplicateNetworkBufferWithDescriptor
 .text.pxPacketBuffer_to_NetworkBuffer
                0x0000000008007ca4       0x44 build/FreeRTOS_IP.o
                0x0000000008007ca4                pxPacketBuffer_to_NetworkBuffer
 .text.pxUDPPayloadBuffer_to_NetworkBuffer
                0x0000000008007ce8       0x44 build/FreeRTOS_IP.o
                0x0000000008007ce8                pxUDPPayloadBuffer_to_NetworkBuffer
 .text.FreeRTOS_IPInit
                0x0000000008007d2c      0x200 build/FreeRTOS_IP.o
                0x0000000008007d2c                FreeRTOS_IPInit
 .text.FreeRTOS_GetAddressConfiguration
                0x0000000008007f2c       0x58 build/FreeRTOS_IP.o
                0x0000000008007f2c                FreeRTOS_GetAddressConfiguration
 .text.xSendEventToIPTask
                0x0000000008007f84       0x2c build/FreeRTOS_IP.o
                0x0000000008007f84                xSendEventToIPTask
 .text.xSendEventStructToIPTask
                0x0000000008007fb0       0x94 build/FreeRTOS_IP.o
                0x0000000008007fb0                xSendEventStructToIPTask
 .text.prvProcessNetworkDownEvent
                0x0000000008008044       0x48 build/FreeRTOS_IP.o
 .text.vIPNetworkUpCalls
                0x000000000800808c       0x28 build/FreeRTOS_IP.o
                0x000000000800808c                vIPNetworkUpCalls
 .text.prvProcessEthernetPacket
                0x00000000080080b4       0x98 build/FreeRTOS_IP.o
 .text.prvAllowIPPacket
                0x000000000800814c       0x94 build/FreeRTOS_IP.o
 .text.prvProcessIPPacket
                0x00000000080081e0      0x154 build/FreeRTOS_IP.o
 .text.prvProcessICMPEchoReply
                0x0000000008008334       0x80 build/FreeRTOS_IP.o
 .text.prvProcessICMPEchoRequest
                0x00000000080083b4       0xb0 build/FreeRTOS_IP.o
 .text.prvProcessICMPPacket
                0x0000000008008464       0x3c build/FreeRTOS_IP.o
 .text.vReturnEthernetFrame
                0x00000000080084a0       0x64 build/FreeRTOS_IP.o
                0x00000000080084a0                vReturnEthernetFrame
 .text.FreeRTOS_GetIPAddress
                0x0000000008008504       0x18 build/FreeRTOS_IP.o
                0x0000000008008504                FreeRTOS_GetIPAddress
 .text.vIPSetDnsTimerEnableState
                0x000000000800851c       0x34 build/FreeRTOS_IP.o
                0x000000000800851c                vIPSetDnsTimerEnableState
 .text.xIPIsNetworkTaskReady
                0x0000000008008550       0x18 build/FreeRTOS_IP.o
                0x0000000008008550                xIPIsNetworkTaskReady
 .text.eARPProcessPacket
                0x0000000008008568      0x100 build/FreeRTOS_ARP.o
                0x0000000008008568                eARPProcessPacket
 .text.vARPRefreshCacheEntry
                0x0000000008008668      0x1f8 build/FreeRTOS_ARP.o
                0x0000000008008668                vARPRefreshCacheEntry
 .text.eARPGetCacheEntry
                0x0000000008008860       0xcc build/FreeRTOS_ARP.o
                0x0000000008008860                eARPGetCacheEntry
 .text.prvCacheLookup
                0x000000000800892c       0x84 build/FreeRTOS_ARP.o
 .text.vARPAgeCache
                0x00000000080089b0      0x11c build/FreeRTOS_ARP.o
                0x00000000080089b0                vARPAgeCache
 .text.FreeRTOS_OutputARPRequest
                0x0000000008008acc       0x34 build/FreeRTOS_ARP.o
                0x0000000008008acc                FreeRTOS_OutputARPRequest
 .text.vARPGenerateRequestPacket
                0x0000000008008b00       0x5c build/FreeRTOS_ARP.o
                0x0000000008008b00                vARPGenerateRequestPacket
 .text.FreeRTOS_max_uint32
                0x0000000008008b5c       0x20 build/FreeRTOS_Sockets.o
 .text.FreeRTOS_round_up
                0x0000000008008b7c       0x2c build/FreeRTOS_Sockets.o
 .text.uxStreamBufferSpace
                0x0000000008008ba8       0x40 build/FreeRTOS_Sockets.o
 .text.uxStreamBufferDistance
                0x0000000008008be8       0x3c build/FreeRTOS_Sockets.o
 .text.uxStreamBufferGetSpace
                0x0000000008008c24       0x28 build/FreeRTOS_Sockets.o
 .text.uxStreamBufferFrontSpace
                0x0000000008008c4c       0x28 build/FreeRTOS_Sockets.o
 .text.uxStreamBufferGetSize
                0x0000000008008c74       0x28 build/FreeRTOS_Sockets.o
 .text.vNetworkSocketsInit
                0x0000000008008c9c       0x88 build/FreeRTOS_Sockets.o
                0x0000000008008c9c                vNetworkSocketsInit
 .text.prvDetermineSocketSize
                0x0000000008008d24       0xc0 build/FreeRTOS_Sockets.o
 .text.FreeRTOS_socket
                0x0000000008008de4      0x134 build/FreeRTOS_Sockets.o
                0x0000000008008de4                FreeRTOS_socket
 .text.FreeRTOS_sendto
                0x0000000008008f18      0x13c build/FreeRTOS_Sockets.o
                0x0000000008008f18                FreeRTOS_sendto
 .text.FreeRTOS_bind
                0x0000000008009054       0xc0 build/FreeRTOS_Sockets.o
                0x0000000008009054                FreeRTOS_bind
 .text.vSocketBind
                0x0000000008009114      0x120 build/FreeRTOS_Sockets.o
                0x0000000008009114                vSocketBind
 .text.FreeRTOS_closesocket
                0x0000000008009234       0x4c build/FreeRTOS_Sockets.o
                0x0000000008009234                FreeRTOS_closesocket
 .text.vSocketClose
                0x0000000008009280       0xc0 build/FreeRTOS_Sockets.o
                0x0000000008009280                vSocketClose
 .text.prvTCPSetSocketCount
                0x0000000008009340       0x6c build/FreeRTOS_Sockets.o
 .text.FreeRTOS_setsockopt
                0x00000000080093ac      0x334 build/FreeRTOS_Sockets.o
                0x00000000080093ac                FreeRTOS_setsockopt
 .text.prvGetPrivatePortNumber
                0x00000000080096e0       0x9c build/FreeRTOS_Sockets.o
 .text.pxListFindListItemWithValue
                0x000000000800977c       0x54 build/FreeRTOS_Sockets.o
 .text.pxUDPSocketLookup
                0x00000000080097d0       0x4c build/FreeRTOS_Sockets.o
                0x00000000080097d0                pxUDPSocketLookup
 .text.vSocketWakeUpUser
                0x000000000800981c       0x74 build/FreeRTOS_Sockets.o
                0x000000000800981c                vSocketWakeUpUser
 .text.xTCPTimerCheck
                0x0000000008009890       0xe4 build/FreeRTOS_Sockets.o
                0x0000000008009890                xTCPTimerCheck
 .text.pxTCPSocketLookup
                0x0000000008009974       0x8c build/FreeRTOS_Sockets.o
                0x0000000008009974                pxTCPSocketLookup
 .text.prvTCPCreateStream
                0x0000000008009a00       0xbc build/FreeRTOS_Sockets.o
 .text.lTCPAddRxdata
                0x0000000008009abc       0xc4 build/FreeRTOS_Sockets.o
                0x0000000008009abc                lTCPAddRxdata
 .text.FreeRTOS_tx_space
                0x0000000008009b80       0x48 build/FreeRTOS_Sockets.o
                0x0000000008009b80                FreeRTOS_tx_space
 .text.FreeRTOS_tx_size
                0x0000000008009bc8       0x44 build/FreeRTOS_Sockets.o
                0x0000000008009bc8                FreeRTOS_tx_size
 .text.FreeRTOS_rx_size
                0x0000000008009c0c       0x44 build/FreeRTOS_Sockets.o
                0x0000000008009c0c                FreeRTOS_rx_size
 .text.vTCPNetStat
                0x0000000008009c50      0x194 build/FreeRTOS_Sockets.o
                0x0000000008009c50                vTCPNetStat
 .text.vSocketSelect
                0x0000000008009de4      0x214 build/FreeRTOS_Sockets.o
                0x0000000008009de4                vSocketSelect
 .text.FreeRTOS_SignalSocket
                0x0000000008009ff8       0x6c build/FreeRTOS_Sockets.o
                0x0000000008009ff8                FreeRTOS_SignalSocket
 .text.vProcessGeneratedUDPPacket
                0x000000000800a064      0x158 build/FreeRTOS_UDP_IP.o
                0x000000000800a064                vProcessGeneratedUDPPacket
 .text.xProcessReceivedUDPPacket
                0x000000000800a1bc      0x120 build/FreeRTOS_UDP_IP.o
                0x000000000800a1bc                xProcessReceivedUDPPacket
 .text.FreeRTOS_max_int32
                0x000000000800a2dc       0x20 build/FreeRTOS_TCP_IP.o
 .text.FreeRTOS_min_int32
                0x000000000800a2fc       0x20 build/FreeRTOS_TCP_IP.o
 .text.FreeRTOS_min_uint32
                0x000000000800a31c       0x20 build/FreeRTOS_TCP_IP.o
 .text.uxStreamBufferSpace
                0x000000000800a33c       0x40 build/FreeRTOS_TCP_IP.o
 .text.uxStreamBufferDistance
                0x000000000800a37c       0x3c build/FreeRTOS_TCP_IP.o
 .text.uxStreamBufferGetSpace
                0x000000000800a3b8       0x28 build/FreeRTOS_TCP_IP.o
 .text.uxStreamBufferFrontSpace
                0x000000000800a3e0       0x28 build/FreeRTOS_TCP_IP.o
 .text.uxStreamBufferMidSpace
                0x000000000800a408       0x28 build/FreeRTOS_TCP_IP.o
 .text.vStreamBufferMoveMid
                0x000000000800a430       0x4c build/FreeRTOS_TCP_IP.o
 .text.ulChar2u32
                0x000000000800a47c       0x38 build/FreeRTOS_TCP_IP.o
 .text.usChar2u16
                0x000000000800a4b4       0x2c build/FreeRTOS_TCP_IP.o
 .text.prvTCPSocketIsActive
                0x000000000800a4e0       0x58 build/FreeRTOS_TCP_IP.o
 .text.prvTCPStatusAgeCheck
                0x000000000800a538       0xac build/FreeRTOS_TCP_IP.o
 .text.xTCPSocketCheck
                0x000000000800a5e4       0xcc build/FreeRTOS_TCP_IP.o
                0x000000000800a5e4                xTCPSocketCheck
 .text.prvTCPSendPacket
                0x000000000800a6b0       0xb8 build/FreeRTOS_TCP_IP.o
 .text.prvTCPSendRepeated
                0x000000000800a768       0x64 build/FreeRTOS_TCP_IP.o
 .text.prvTCPReturnPacket
                0x000000000800a7cc      0x370 build/FreeRTOS_TCP_IP.o
 .text.prvTCPCreateWindow
                0x000000000800ab3c       0x50 build/FreeRTOS_TCP_IP.o
 .text.prvTCPPrepareConnect
                0x000000000800ab8c      0x1bc build/FreeRTOS_TCP_IP.o
 .text.prvCheckOptions
                0x000000000800ad48      0x1dc build/FreeRTOS_TCP_IP.o
 .text.prvWinScaleFactor
                0x000000000800af24       0x44 build/FreeRTOS_TCP_IP.o
 .text.prvSetSynAckOptions
                0x000000000800af68       0xa8 build/FreeRTOS_TCP_IP.o
 .text.prvTCPTouchSocket
                0x000000000800b010       0x48 build/FreeRTOS_TCP_IP.o
 .text.vTCPStateChange
                0x000000000800b058      0x1b4 build/FreeRTOS_TCP_IP.o
                0x000000000800b058                vTCPStateChange
 .text.prvTCPBufferResize
                0x000000000800b20c       0xc8 build/FreeRTOS_TCP_IP.o
 .text.prvTCPPrepareSend
                0x000000000800b2d4      0x2dc build/FreeRTOS_TCP_IP.o
 .text.prvTCPNextTimeout
                0x000000000800b5b0      0x100 build/FreeRTOS_TCP_IP.o
 .text.prvTCPAddTxData
                0x000000000800b6b0       0x58 build/FreeRTOS_TCP_IP.o
 .text.prvTCPHandleFin
                0x000000000800b708      0x14c build/FreeRTOS_TCP_IP.o
 .text.prvCheckRxData
                0x000000000800b854       0xd4 build/FreeRTOS_TCP_IP.o
 .text.prvStoreRxData
                0x000000000800b928       0xe8 build/FreeRTOS_TCP_IP.o
 .text.prvSetOptions
                0x000000000800ba10       0xc0 build/FreeRTOS_TCP_IP.o
 .text.prvHandleSynReceived
                0x000000000800bad0      0x184 build/FreeRTOS_TCP_IP.o
 .text.prvHandleEstablished
                0x000000000800bc54      0x230 build/FreeRTOS_TCP_IP.o
 .text.prvSendData
                0x000000000800be84      0x184 build/FreeRTOS_TCP_IP.o
 .text.prvTCPHandleState
                0x000000000800c008      0x224 build/FreeRTOS_TCP_IP.o
 .text.prvTCPSendReset
                0x000000000800c22c       0x3c build/FreeRTOS_TCP_IP.o
 .text.prvSocketSetMSS
                0x000000000800c268       0x74 build/FreeRTOS_TCP_IP.o
 .text.xProcessReceivedTCPPacket
                0x000000000800c2dc      0x238 build/FreeRTOS_TCP_IP.o
                0x000000000800c2dc                xProcessReceivedTCPPacket
 .text.prvHandleListen
                0x000000000800c514      0x1a0 build/FreeRTOS_TCP_IP.o
 .text.prvTCPSocketCopy
                0x000000000800c6b4       0xec build/FreeRTOS_TCP_IP.o
 .text.FreeRTOS_GetTCPStateName
                0x000000000800c7a0       0x2c build/FreeRTOS_TCP_IP.o
                0x000000000800c7a0                FreeRTOS_GetTCPStateName
 .text.xTCPCheckNewClient
                0x000000000800c7cc       0x88 build/FreeRTOS_TCP_IP.o
                0x000000000800c7cc                xTCPCheckNewClient
 .text.FreeRTOS_min_int32
                0x000000000800c854       0x20 build/FreeRTOS_TCP_WIN.o
 .text.FreeRTOS_min_uint32
                0x000000000800c874       0x20 build/FreeRTOS_TCP_WIN.o
 .text.xSequenceLessThanOrEqual
                0x000000000800c894       0x24 build/FreeRTOS_TCP_WIN.o
 .text.xSequenceLessThan
                0x000000000800c8b8       0x24 build/FreeRTOS_TCP_WIN.o
 .text.xSequenceGreaterThan
                0x000000000800c8dc       0x24 build/FreeRTOS_TCP_WIN.o
 .text.xSequenceGreaterThanOrEqual
                0x000000000800c900       0x24 build/FreeRTOS_TCP_WIN.o
 .text.vListInsertFifo
                0x000000000800c924       0x20 build/FreeRTOS_TCP_WIN.o
 .text.vTCPTimerSet
                0x000000000800c944       0x18 build/FreeRTOS_TCP_WIN.o
 .text.ulTimerGetAge
                0x000000000800c95c       0x1c build/FreeRTOS_TCP_WIN.o
 .text.vListInsertGeneric
                0x000000000800c978       0x44 build/FreeRTOS_TCP_WIN.o
                0x000000000800c978                vListInsertGeneric
 .text.prvCreateSectors
                0x000000000800c9bc       0xa0 build/FreeRTOS_TCP_WIN.o
 .text.xTCPWindowRxFind
                0x000000000800ca5c       0x50 build/FreeRTOS_TCP_WIN.o
 .text.xTCPWindowNew
                0x000000000800caac       0xcc build/FreeRTOS_TCP_WIN.o
 .text.xTCPWindowRxEmpty
                0x000000000800cb78       0x44 build/FreeRTOS_TCP_WIN.o
                0x000000000800cb78                xTCPWindowRxEmpty
 .text.xTCPWindowGetHead
                0x000000000800cbbc       0x3c build/FreeRTOS_TCP_WIN.o
 .text.xTCPWindowPeekHead
                0x000000000800cbf8       0x3c build/FreeRTOS_TCP_WIN.o
 .text.vTCPWindowFree
                0x000000000800cc34       0x54 build/FreeRTOS_TCP_WIN.o
 .text.vTCPWindowDestroy
                0x000000000800cc88       0x60 build/FreeRTOS_TCP_WIN.o
                0x000000000800cc88                vTCPWindowDestroy
 .text.vTCPWindowCreate
                0x000000000800cce8       0x70 build/FreeRTOS_TCP_WIN.o
                0x000000000800cce8                vTCPWindowCreate
 .text.vTCPWindowInit
                0x000000000800cd58       0xb4 build/FreeRTOS_TCP_WIN.o
                0x000000000800cd58                vTCPWindowInit
 .text.xTCPWindowRxConfirm
                0x000000000800ce0c       0x98 build/FreeRTOS_TCP_WIN.o
 .text.lTCPWindowRxCheck
                0x000000000800cea4      0x1c0 build/FreeRTOS_TCP_WIN.o
                0x000000000800cea4                lTCPWindowRxCheck
 .text.lTCPIncrementTxPosition
                0x000000000800d064       0x34 build/FreeRTOS_TCP_WIN.o
 .text.lTCPWindowTxAdd
                0x000000000800d098      0x164 build/FreeRTOS_TCP_WIN.o
                0x000000000800d098                lTCPWindowTxAdd
 .text.xTCPWindowTxDone
                0x000000000800d1fc       0x24 build/FreeRTOS_TCP_WIN.o
                0x000000000800d1fc                xTCPWindowTxDone
 .text.prvTCPWindowTxHasSpace
                0x000000000800d220       0x8c build/FreeRTOS_TCP_WIN.o
 .text.xTCPWindowTxHasData
                0x000000000800d2ac       0xc0 build/FreeRTOS_TCP_WIN.o
                0x000000000800d2ac                xTCPWindowTxHasData
 .text.ulTCPWindowTxGet
                0x000000000800d36c      0x1a8 build/FreeRTOS_TCP_WIN.o
                0x000000000800d36c                ulTCPWindowTxGet
 .text.prvTCPWindowTxCheckAck
                0x000000000800d514      0x184 build/FreeRTOS_TCP_WIN.o
 .text.prvTCPWindowFastRetransmit
                0x000000000800d698       0xac build/FreeRTOS_TCP_WIN.o
 .text.ulTCPWindowTxAck
                0x000000000800d744       0x3c build/FreeRTOS_TCP_WIN.o
                0x000000000800d744                ulTCPWindowTxAck
 .text.ulTCPWindowTxSack
                0x000000000800d780       0x48 build/FreeRTOS_TCP_WIN.o
                0x000000000800d780                ulTCPWindowTxSack
 .text.FreeRTOS_min_uint32
                0x000000000800d7c8       0x20 build/FreeRTOS_Stream_Buffer.o
 .text.uxStreamBufferSpace
                0x000000000800d7e8       0x40 build/FreeRTOS_Stream_Buffer.o
 .text.uxStreamBufferDistance
                0x000000000800d828       0x3c build/FreeRTOS_Stream_Buffer.o
 .text.uxStreamBufferGetSpace
                0x000000000800d864       0x28 build/FreeRTOS_Stream_Buffer.o
 .text.uxStreamBufferGetSize
                0x000000000800d88c       0x28 build/FreeRTOS_Stream_Buffer.o
 .text.xStreamBufferLessThenEqual
                0x000000000800d8b4       0x6c build/FreeRTOS_Stream_Buffer.o
 .text.uxStreamBufferAdd
                0x000000000800d920       0xfc build/FreeRTOS_Stream_Buffer.o
                0x000000000800d920                uxStreamBufferAdd
 .text.uxStreamBufferGet
                0x000000000800da1c       0xe8 build/FreeRTOS_Stream_Buffer.o
                0x000000000800da1c                uxStreamBufferGet
 .text.usChar2u16
                0x000000000800db04       0x2c build/FreeRTOS_DNS.o
 .text.vDNSInitialise
                0x000000000800db30       0x10 build/FreeRTOS_DNS.o
                0x000000000800db30                vDNSInitialise
 .text.vDNSCheckCallBack
                0x000000000800db40       0xac build/FreeRTOS_DNS.o
                0x000000000800db40                vDNSCheckCallBack
 .text.vDNSDoCallback
                0x000000000800dbec       0x80 build/FreeRTOS_DNS.o
 .text.prvReadNameField
                0x000000000800dc6c       0x9c build/FreeRTOS_DNS.o
 .text.prvSkipNameField
                0x000000000800dd08       0x48 build/FreeRTOS_DNS.o
 .text.ulDNSHandlePacket
                0x000000000800dd50       0x2c build/FreeRTOS_DNS.o
                0x000000000800dd50                ulDNSHandlePacket
 .text.prvParseDNSReply
                0x000000000800dd7c      0x4c0 build/FreeRTOS_DNS.o
 .text.prvReplyDNSMessage
                0x000000000800e23c       0xd4 build/FreeRTOS_DNS.o
 .text.prvProcessDNSCache
                0x000000000800e310      0x100 build/FreeRTOS_DNS.o
 .text.strbuf_init
                0x000000000800e410       0x3c build/printf-stdarg.o
 .text.strbuf_printchar
                0x000000000800e44c       0x7c build/printf-stdarg.o
 .text.strbuf_printchar_inline
                0x000000000800e4c8       0x90 build/printf-stdarg.o
 .text.prints   0x000000000800e558      0x13c build/printf-stdarg.o
 .text.printi   0x000000000800e694      0x118 build/printf-stdarg.o
 .text.printIp  0x000000000800e7ac       0x58 build/printf-stdarg.o
 .text.tiny_print
                0x000000000800e804      0x2e4 build/printf-stdarg.o
 .text.vsnprintf
                0x000000000800eae8       0x3c build/printf-stdarg.o
                0x000000000800eae8                vsnprintf
 .text.snprintf
                0x000000000800eb24       0x44 build/printf-stdarg.o
                0x000000000800eb24                snprintf
 .text.sprintf  0x000000000800eb68       0x44 build/printf-stdarg.o
                0x000000000800eb68                sprintf
 .text.uxStreamBufferSpace
                0x000000000800ebac       0x40 build/UDPLoggingPrintf.o
 .text.uxStreamBufferDistance
                0x000000000800ebec       0x3c build/UDPLoggingPrintf.o
 .text.uxStreamBufferGetSpace
                0x000000000800ec28       0x28 build/UDPLoggingPrintf.o
 .text.uxStreamBufferGetSize
                0x000000000800ec50       0x28 build/UDPLoggingPrintf.o
 .text.prvInitialiseLogging
                0x000000000800ec78       0x64 build/UDPLoggingPrintf.o
 .text.prvGetMessageFromStreamBuffer
                0x000000000800ecdc       0xb4 build/UDPLoggingPrintf.o
 .text.prvBufferFormattedString
                0x000000000800ed90      0x158 build/UDPLoggingPrintf.o
 .text.lUDPLoggingPrintf
                0x000000000800eee8       0x38 build/UDPLoggingPrintf.o
                0x000000000800eee8                lUDPLoggingPrintf
 .text.vUDPLoggingTaskCreate
                0x000000000800ef20       0x2c build/UDPLoggingPrintf.o
                0x000000000800ef20                vUDPLoggingTaskCreate
 .text.prvLoggingTask
                0x000000000800ef4c      0x178 build/UDPLoggingPrintf.o
 .text.SCB_EnableICache
                0x000000000800f0c4       0x34 build/main.o
 .text.SCB_EnableDCache
                0x000000000800f0f8       0x84 build/main.o
 .text.blink_task
                0x000000000800f17c       0x18 build/main.o
 .text.main     0x000000000800f194       0x98 build/main.o
                0x000000000800f194                main
 .text.prvMiscInitialisation
                0x000000000800f22c       0x10 build/main.o
 .text.vApplicationIdleHook
                0x000000000800f23c       0x48 build/main.o
                0x000000000800f23c                vApplicationIdleHook
 .text.vApplicationIPNetworkEventHook
                0x000000000800f284      0x134 build/main.o
                0x000000000800f284                vApplicationIPNetworkEventHook
 .text.vApplicationMallocFailedHook
                0x000000000800f3b8       0x1c build/main.o
                0x000000000800f3b8                vApplicationMallocFailedHook
 .text.vApplicationStackOverflowHook
                0x000000000800f3d4       0x20 build/main.o
                0x000000000800f3d4                vApplicationStackOverflowHook
 .text.uxRand   0x000000000800f3f4       0x7c build/main.o
                0x000000000800f3f4                uxRand
 .text.prvSRand
                0x000000000800f470       0x1c build/main.o
 .text.vApplicationPingReplyHook
                0x000000000800f48c       0x1c build/main.o
                0x000000000800f48c                vApplicationPingReplyHook
 .text.prvInitialiseHeap
                0x000000000800f4a8       0x50 build/main.o
 .text.vOutputChar
                0x000000000800f4f8       0x18 build/main.o
                0x000000000800f4f8                vOutputChar
 .text.pcApplicationHostnameHook
                0x000000000800f510       0x14 build/main.o
                0x000000000800f510                pcApplicationHostnameHook
 .text.xApplicationDNSQueryHook
                0x000000000800f524       0x48 build/main.o
                0x000000000800f524                xApplicationDNSQueryHook
 .text.xGetRunTimeCounterValue
                0x000000000800f56c       0x20 build/main.o
                0x000000000800f56c                xGetRunTimeCounterValue
 .text.vApplicationTickHook
                0x000000000800f58c        0xc build/main.o
                0x000000000800f58c                vApplicationTickHook
 .text.HAL_ETH_MspInit
                0x000000000800f598      0x100 build/main.o
                0x000000000800f598                HAL_ETH_MspInit
 .text.BSP_Config_task
                0x000000000800f698       0x24 build/main.o
 .text.SystemClock_Config
                0x000000000800f6bc      0x130 build/main.o
 .text.MX_RTC_Init
                0x000000000800f7ec       0x48 build/main.o
 .text.MX_FMC_Init
                0x000000000800f834       0x88 build/main.o
 .text.MX_GPIO_Init
                0x000000000800f8bc      0x7b4 build/main.o
 .text.HAL_TIM_PeriodElapsedCallback
                0x0000000008010070       0x20 build/main.o
                0x0000000008010070                HAL_TIM_PeriodElapsedCallback
 .text.Error_Handler
                0x0000000008010090        0x8 build/main.o
                0x0000000008010090                Error_Handler
 .text.CPU_CACHE_Enable
                0x0000000008010098       0x10 build/main.o
 .text.memcpy   0x00000000080100a8      0x200 build/memcpy.o
                0x00000000080100a8                memcpy
 .text.memset   0x00000000080102a8      0x11c build/memcpy.o
                0x00000000080102a8                memset
 .text.TIM2_IRQHandler
                0x00000000080103c4       0x44 build/hr_gettime.o
                0x00000000080103c4                TIM2_IRQHandler
 .text.vStartHighResolutionTimer
                0x0000000008010408       0x8c build/hr_gettime.o
                0x0000000008010408                vStartHighResolutionTimer
 .text.ullGetHighResolutionTime
                0x0000000008010494       0xd0 build/hr_gettime.o
                0x0000000008010494                ullGetHighResolutionTime
 .text.HAL_MspInit
                0x0000000008010564       0x60 build/stm32f7xx_hal_msp.o
                0x0000000008010564                HAL_MspInit
 .text.HAL_RTC_MspInit
                0x00000000080105c4       0x30 build/stm32f7xx_hal_msp.o
                0x00000000080105c4                HAL_RTC_MspInit
 .text.HAL_RNG_MspInit
                0x00000000080105f4       0x54 build/stm32f7xx_hal_msp.o
                0x00000000080105f4                HAL_RNG_MspInit
 .text.HAL_InitTick
                0x0000000008010648       0xb0 build/stm32f7xx_hal_timebase_tim.o
                0x0000000008010648                HAL_InitTick
 .text.NMI_Handler
                0x00000000080106f8        0xc build/stm32f7xx_it.o
                0x00000000080106f8                NMI_Handler
 .text.HardFault_Handler
                0x0000000008010704       0x24 build/stm32f7xx_it.o
                0x0000000008010704                HardFault_Handler
 .text.prvGetRegistersFromStack
                0x0000000008010728       0x3c build/stm32f7xx_it.o
                0x0000000008010728                prvGetRegistersFromStack
 .text.MemManage_Handler
                0x0000000008010764        0x8 build/stm32f7xx_it.o
                0x0000000008010764                MemManage_Handler
 .text.BusFault_Handler
                0x000000000801076c        0x8 build/stm32f7xx_it.o
                0x000000000801076c                BusFault_Handler
 .text.UsageFault_Handler
                0x0000000008010774        0x8 build/stm32f7xx_it.o
                0x0000000008010774                UsageFault_Handler
 .text.DebugMon_Handler
                0x000000000801077c        0xc build/stm32f7xx_it.o
                0x000000000801077c                DebugMon_Handler
 .text.SysTick_Handler
                0x0000000008010788       0x18 build/stm32f7xx_it.o
                0x0000000008010788                SysTick_Handler
 .text.TIM8_UP_TIM13_IRQHandler
                0x00000000080107a0       0x10 build/stm32f7xx_it.o
                0x00000000080107a0                TIM8_UP_TIM13_IRQHandler
 .text.SystemInit
                0x00000000080107b0       0x6c build/system_stm32f7xx.o
                0x00000000080107b0                SystemInit
 .text._cbSendSystemDesc
                0x000000000801081c       0x1c build/SEGGER_SYSVIEW_Config_FreeRTOS.o
 .text.SEGGER_SYSVIEW_Conf
                0x0000000008010838       0x30 build/SEGGER_SYSVIEW_Config_FreeRTOS.o
                0x0000000008010838                SEGGER_SYSVIEW_Conf
 .text.BSP_LED_Init
                0x0000000008010868       0x60 build/stm32f769i_discovery.o
                0x0000000008010868                BSP_LED_Init
 .text.BSP_LED_Toggle
                0x00000000080108c8       0x34 build/stm32f769i_discovery.o
                0x00000000080108c8                BSP_LED_Toggle
 .text._DoInit  0x00000000080108fc       0x9c build/SEGGER_RTT.o
 .text.SEGGER_RTT_ReadNoLock
                0x0000000008010998      0x104 build/SEGGER_RTT.o
                0x0000000008010998                SEGGER_RTT_ReadNoLock
 .text.SEGGER_RTT_WriteSkipNoLock
                0x0000000008010a9c      0x13c build/SEGGER_RTT.o
                0x0000000008010a9c                SEGGER_RTT_WriteSkipNoLock
 .text.SEGGER_RTT_ConfigUpBuffer
                0x0000000008010bd8       0xd4 build/SEGGER_RTT.o
                0x0000000008010bd8                SEGGER_RTT_ConfigUpBuffer
 .text.SEGGER_RTT_ConfigDownBuffer
                0x0000000008010cac       0xd4 build/SEGGER_RTT.o
                0x0000000008010cac                SEGGER_RTT_ConfigDownBuffer
 .text._EncodeStr
                0x0000000008010d80       0x9c build/SEGGER_SYSVIEW.o
 .text._PreparePacket
                0x0000000008010e1c       0x18 build/SEGGER_SYSVIEW.o
 .text._HandleIncomingPacket
                0x0000000008010e34       0xb0 build/SEGGER_SYSVIEW.o
 .text._TrySendOverflowPacket
                0x0000000008010ee4       0xe0 build/SEGGER_SYSVIEW.o
 .text._SendPacket
                0x0000000008010fc4      0x194 build/SEGGER_SYSVIEW.o
 .text.SEGGER_SYSVIEW_Init
                0x0000000008011158       0x78 build/SEGGER_SYSVIEW.o
                0x0000000008011158                SEGGER_SYSVIEW_Init
 .text.SEGGER_SYSVIEW_SetRAMBase
                0x00000000080111d0       0x1c build/SEGGER_SYSVIEW.o
                0x00000000080111d0                SEGGER_SYSVIEW_SetRAMBase
 .text.SEGGER_SYSVIEW_RecordVoid
                0x00000000080111ec       0x38 build/SEGGER_SYSVIEW.o
                0x00000000080111ec                SEGGER_SYSVIEW_RecordVoid
 .text.SEGGER_SYSVIEW_RecordU32
                0x0000000008011224       0x78 build/SEGGER_SYSVIEW.o
                0x0000000008011224                SEGGER_SYSVIEW_RecordU32
 .text.SEGGER_SYSVIEW_RecordU32x2
                0x000000000801129c       0xb0 build/SEGGER_SYSVIEW.o
                0x000000000801129c                SEGGER_SYSVIEW_RecordU32x2
 .text.SEGGER_SYSVIEW_RecordU32x3
                0x000000000801134c       0xec build/SEGGER_SYSVIEW.o
                0x000000000801134c                SEGGER_SYSVIEW_RecordU32x3
 .text.SEGGER_SYSVIEW_Start
                0x0000000008011438      0x178 build/SEGGER_SYSVIEW.o
                0x0000000008011438                SEGGER_SYSVIEW_Start
 .text.SEGGER_SYSVIEW_Stop
                0x00000000080115b0       0x48 build/SEGGER_SYSVIEW.o
                0x00000000080115b0                SEGGER_SYSVIEW_Stop
 .text.SEGGER_SYSVIEW_GetSysDesc
                0x00000000080115f8      0x134 build/SEGGER_SYSVIEW.o
                0x00000000080115f8                SEGGER_SYSVIEW_GetSysDesc
 .text.SEGGER_SYSVIEW_SendTaskInfo
                0x000000000801172c      0x1c8 build/SEGGER_SYSVIEW.o
                0x000000000801172c                SEGGER_SYSVIEW_SendTaskInfo
 .text.SEGGER_SYSVIEW_SendTaskList
                0x00000000080118f4       0x24 build/SEGGER_SYSVIEW.o
                0x00000000080118f4                SEGGER_SYSVIEW_SendTaskList
 .text.SEGGER_SYSVIEW_SendSysDesc
                0x0000000008011918       0x44 build/SEGGER_SYSVIEW.o
                0x0000000008011918                SEGGER_SYSVIEW_SendSysDesc
 .text.SEGGER_SYSVIEW_RecordSystime
                0x000000000801195c       0x54 build/SEGGER_SYSVIEW.o
                0x000000000801195c                SEGGER_SYSVIEW_RecordSystime
 .text.SEGGER_SYSVIEW_RecordEnterISR
                0x00000000080119b0       0x80 build/SEGGER_SYSVIEW.o
                0x00000000080119b0                SEGGER_SYSVIEW_RecordEnterISR
 .text.SEGGER_SYSVIEW_RecordExitISR
                0x0000000008011a30       0x38 build/SEGGER_SYSVIEW.o
                0x0000000008011a30                SEGGER_SYSVIEW_RecordExitISR
 .text.SEGGER_SYSVIEW_RecordExitISRToScheduler
                0x0000000008011a68       0x38 build/SEGGER_SYSVIEW.o
                0x0000000008011a68                SEGGER_SYSVIEW_RecordExitISRToScheduler
 .text.SEGGER_SYSVIEW_OnIdle
                0x0000000008011aa0       0x38 build/SEGGER_SYSVIEW.o
                0x0000000008011aa0                SEGGER_SYSVIEW_OnIdle
 .text.SEGGER_SYSVIEW_OnTaskCreate
                0x0000000008011ad8       0x84 build/SEGGER_SYSVIEW.o
                0x0000000008011ad8                SEGGER_SYSVIEW_OnTaskCreate
 .text.SEGGER_SYSVIEW_OnTaskStartExec
                0x0000000008011b5c       0x84 build/SEGGER_SYSVIEW.o
                0x0000000008011b5c                SEGGER_SYSVIEW_OnTaskStartExec
 .text.SEGGER_SYSVIEW_OnTaskStartReady
                0x0000000008011be0       0x84 build/SEGGER_SYSVIEW.o
                0x0000000008011be0                SEGGER_SYSVIEW_OnTaskStartReady
 .text.SEGGER_SYSVIEW_OnTaskStopReady
                0x0000000008011c64       0xc0 build/SEGGER_SYSVIEW.o
                0x0000000008011c64                SEGGER_SYSVIEW_OnTaskStopReady
 .text.SEGGER_SYSVIEW_SendPacket
                0x0000000008011d24       0x38 build/SEGGER_SYSVIEW.o
                0x0000000008011d24                SEGGER_SYSVIEW_SendPacket
 .text.SEGGER_SYSVIEW_EncodeU32
                0x0000000008011d5c       0x50 build/SEGGER_SYSVIEW.o
                0x0000000008011d5c                SEGGER_SYSVIEW_EncodeU32
 .text.SEGGER_SYSVIEW_ShrinkId
                0x0000000008011dac       0x24 build/SEGGER_SYSVIEW.o
                0x0000000008011dac                SEGGER_SYSVIEW_ShrinkId
 .text.SEGGER_SYSVIEW_SendModule
                0x0000000008011dd0       0xfc build/SEGGER_SYSVIEW.o
                0x0000000008011dd0                SEGGER_SYSVIEW_SendModule
 .text.SEGGER_SYSVIEW_SendModuleDescription
                0x0000000008011ecc       0x38 build/SEGGER_SYSVIEW.o
                0x0000000008011ecc                SEGGER_SYSVIEW_SendModuleDescription
 .text.SEGGER_SYSVIEW_SendNumModules
                0x0000000008011f04       0x78 build/SEGGER_SYSVIEW.o
                0x0000000008011f04                SEGGER_SYSVIEW_SendNumModules
 .text.SEGGER_SYSVIEW_Warn
                0x0000000008011f7c       0xb4 build/SEGGER_SYSVIEW.o
                0x0000000008011f7c                SEGGER_SYSVIEW_Warn
 .text._cbSendTaskList
                0x0000000008012030       0x8c build/SEGGER_SYSVIEW_FreeRTOS.o
 .text._cbGetTime
                0x00000000080120bc       0x68 build/SEGGER_SYSVIEW_FreeRTOS.o
 .text.SYSVIEW_AddTask
                0x0000000008012124       0xcc build/SEGGER_SYSVIEW_FreeRTOS.o
                0x0000000008012124                SYSVIEW_AddTask
 .text.SYSVIEW_SendTaskInfo
                0x00000000080121f0       0x40 build/SEGGER_SYSVIEW_FreeRTOS.o
                0x00000000080121f0                SYSVIEW_SendTaskInfo
 .text.SYSVIEW_RecordU32x4
                0x0000000008012230       0x54 build/SEGGER_SYSVIEW_FreeRTOS.o
                0x0000000008012230                SYSVIEW_RecordU32x4
 .text.Reset_Handler
                0x0000000008012284       0x50 build/startup_stm32f769xx.o
                0x0000000008012284                Reset_Handler
 .text.Default_Handler
                0x00000000080122d4        0x2 build/startup_stm32f769xx.o
                0x00000000080122d4                RTC_Alarm_IRQHandler
                0x00000000080122d4                EXTI2_IRQHandler
                0x00000000080122d4                TIM8_CC_IRQHandler
                0x00000000080122d4                UART8_IRQHandler
                0x00000000080122d4                SPI4_IRQHandler
                0x00000000080122d4                TIM1_CC_IRQHandler
                0x00000000080122d4                DMA2_Stream5_IRQHandler
                0x00000000080122d4                JPEG_IRQHandler
                0x00000000080122d4                DMA1_Stream5_IRQHandler
                0x00000000080122d4                CAN3_RX1_IRQHandler
                0x00000000080122d4                PVD_IRQHandler
                0x00000000080122d4                TAMP_STAMP_IRQHandler
                0x00000000080122d4                CAN2_RX1_IRQHandler
                0x00000000080122d4                EXTI3_IRQHandler
                0x00000000080122d4                TIM8_TRG_COM_TIM14_IRQHandler
                0x00000000080122d4                DFSDM1_FLT1_IRQHandler
                0x00000000080122d4                TIM1_UP_TIM10_IRQHandler
                0x00000000080122d4                I2C3_ER_IRQHandler
                0x00000000080122d4                DFSDM1_FLT2_IRQHandler
                0x00000000080122d4                EXTI0_IRQHandler
                0x00000000080122d4                I2C2_EV_IRQHandler
                0x00000000080122d4                DMA1_Stream2_IRQHandler
                0x00000000080122d4                CAN1_RX0_IRQHandler
                0x00000000080122d4                FPU_IRQHandler
                0x00000000080122d4                OTG_HS_WKUP_IRQHandler
                0x00000000080122d4                CAN3_SCE_IRQHandler
                0x00000000080122d4                LTDC_ER_IRQHandler
                0x00000000080122d4                CAN2_SCE_IRQHandler
                0x00000000080122d4                DMA2_Stream2_IRQHandler
                0x00000000080122d4                SPI1_IRQHandler
                0x00000000080122d4                TIM6_DAC_IRQHandler
                0x00000000080122d4                TIM1_BRK_TIM9_IRQHandler
                0x00000000080122d4                DCMI_IRQHandler
                0x00000000080122d4                CAN2_RX0_IRQHandler
                0x00000000080122d4                DMA2_Stream3_IRQHandler
                0x00000000080122d4                SAI2_IRQHandler
                0x00000000080122d4                DFSDM1_FLT3_IRQHandler
                0x00000000080122d4                USART6_IRQHandler
                0x00000000080122d4                CAN3_RX0_IRQHandler
                0x00000000080122d4                USART3_IRQHandler
                0x00000000080122d4                CAN1_RX1_IRQHandler
                0x00000000080122d4                UART5_IRQHandler
                0x00000000080122d4                DMA2_Stream0_IRQHandler
                0x00000000080122d4                TIM4_IRQHandler
                0x00000000080122d4                QUADSPI_IRQHandler
                0x00000000080122d4                I2C1_EV_IRQHandler
                0x00000000080122d4                DMA1_Stream6_IRQHandler
                0x00000000080122d4                DMA1_Stream1_IRQHandler
                0x00000000080122d4                UART4_IRQHandler
                0x00000000080122d4                TIM3_IRQHandler
                0x00000000080122d4                RCC_IRQHandler
                0x00000000080122d4                TIM8_BRK_TIM12_IRQHandler
                0x00000000080122d4                Default_Handler
                0x00000000080122d4                CEC_IRQHandler
                0x00000000080122d4                EXTI15_10_IRQHandler
                0x00000000080122d4                ADC_IRQHandler
                0x00000000080122d4                DMA1_Stream7_IRQHandler
                0x00000000080122d4                SPI5_IRQHandler
                0x00000000080122d4                TIM7_IRQHandler
                0x00000000080122d4                SDMMC1_IRQHandler
                0x00000000080122d4                CAN2_TX_IRQHandler
                0x00000000080122d4                TIM5_IRQHandler
                0x00000000080122d4                DMA2_Stream7_IRQHandler
                0x00000000080122d4                I2C3_EV_IRQHandler
                0x00000000080122d4                EXTI9_5_IRQHandler
                0x00000000080122d4                RTC_WKUP_IRQHandler
                0x00000000080122d4                LTDC_IRQHandler
                0x00000000080122d4                ETH_WKUP_IRQHandler
                0x00000000080122d4                SPDIF_RX_IRQHandler
                0x00000000080122d4                SPI2_IRQHandler
                0x00000000080122d4                OTG_HS_EP1_IN_IRQHandler
                0x00000000080122d4                DMA1_Stream0_IRQHandler
                0x00000000080122d4                CAN1_TX_IRQHandler
                0x00000000080122d4                EXTI4_IRQHandler
                0x00000000080122d4                RNG_IRQHandler
                0x00000000080122d4                DSI_IRQHandler
                0x00000000080122d4                OTG_HS_EP1_OUT_IRQHandler
                0x00000000080122d4                WWDG_IRQHandler
                0x00000000080122d4                SPI6_IRQHandler
                0x00000000080122d4                MDIOS_IRQHandler
                0x00000000080122d4                I2C4_EV_IRQHandler
                0x00000000080122d4                CAN3_TX_IRQHandler
                0x00000000080122d4                OTG_FS_WKUP_IRQHandler
                0x00000000080122d4                TIM1_TRG_COM_TIM11_IRQHandler
                0x00000000080122d4                OTG_HS_IRQHandler
                0x00000000080122d4                DMA2D_IRQHandler
                0x00000000080122d4                EXTI1_IRQHandler
                0x00000000080122d4                SDMMC2_IRQHandler
                0x00000000080122d4                UART7_IRQHandler
                0x00000000080122d4                USART2_IRQHandler
                0x00000000080122d4                DFSDM1_FLT0_IRQHandler
                0x00000000080122d4                I2C2_ER_IRQHandler
                0x00000000080122d4                DMA2_Stream1_IRQHandler
                0x00000000080122d4                CAN1_SCE_IRQHandler
                0x00000000080122d4                FLASH_IRQHandler
                0x00000000080122d4                DMA2_Stream4_IRQHandler
                0x00000000080122d4                USART1_IRQHandler
                0x00000000080122d4                OTG_FS_IRQHandler
                0x00000000080122d4                SPI3_IRQHandler
                0x00000000080122d4                DMA1_Stream4_IRQHandler
                0x00000000080122d4                I2C1_ER_IRQHandler
                0x00000000080122d4                FMC_IRQHandler
                0x00000000080122d4                LPTIM1_IRQHandler
                0x00000000080122d4                I2C4_ER_IRQHandler
                0x00000000080122d4                DMA2_Stream6_IRQHandler
                0x00000000080122d4                SAI1_IRQHandler
                0x00000000080122d4                DMA1_Stream3_IRQHandler
 *fill*         0x00000000080122d6        0x2 
 .text.__libc_init_array
                0x00000000080122d8       0x4c /usr/bin/../lib/gcc/arm-none-eabi/4.9.3/../../../../arm-none-eabi/lib/cortex-m7/fpu/fpv5-sp-d16/libc_nano.a(lib_a-init.o)
                0x00000000080122d8                __libc_init_array
 .text.memcmp   0x0000000008012324       0x20 /usr/bin/../lib/gcc/arm-none-eabi/4.9.3/../../../../arm-none-eabi/lib/cortex-m7/fpu/fpv5-sp-d16/libc_nano.a(lib_a-memcmp.o)
                0x0000000008012324                memcmp
 .text.memmove  0x0000000008012344       0x36 /usr/bin/../lib/gcc/arm-none-eabi/4.9.3/../../../../arm-none-eabi/lib/cortex-m7/fpu/fpv5-sp-d16/libc_nano.a(lib_a-memmove.o)
                0x0000000008012344                memmove
 *fill*         0x000000000801237a        0x2 
 .text.strcasecmp
                0x000000000801237c       0x3c /usr/bin/../lib/gcc/arm-none-eabi/4.9.3/../../../../arm-none-eabi/lib/cortex-m7/fpu/fpv5-sp-d16/libc_nano.a(lib_a-strcasecmp.o)
                0x000000000801237c                strcasecmp
 .text.strcpy   0x00000000080123b8       0x10 /usr/bin/../lib/gcc/arm-none-eabi/4.9.3/../../../../arm-none-eabi/lib/cortex-m7/fpu/fpv5-sp-d16/libc_nano.a(lib_a-strcpy.o)
                0x00000000080123b8                strcpy
 .text.strlen   0x00000000080123c8       0x10 /usr/bin/../lib/gcc/arm-none-eabi/4.9.3/../../../../arm-none-eabi/lib/cortex-m7/fpu/fpv5-sp-d16/libc_nano.a(lib_a-strlen.o)
                0x00000000080123c8                strlen
 .text.strncmp  0x00000000080123d8       0x32 /usr/bin/../lib/gcc/arm-none-eabi/4.9.3/../../../../arm-none-eabi/lib/cortex-m7/fpu/fpv5-sp-d16/libc_nano.a(lib_a-strncmp.o)
                0x00000000080123d8                strncmp
 .text.strncpy  0x000000000801240a       0x24 /usr/bin/../lib/gcc/arm-none-eabi/4.9.3/../../../../arm-none-eabi/lib/cortex-m7/fpu/fpv5-sp-d16/libc_nano.a(lib_a-strncpy.o)
                0x000000000801240a                strncpy
 *(.glue_7)
 .glue_7        0x0000000000000000        0x0 linker stubs
 *(.glue_7t)
 .glue_7t       0x0000000000000000        0x0 linker stubs
 *(.eh_frame)
 *fill*         0x000000000801242e        0x2 
 .eh_frame      0x0000000008012430        0x0 /usr/bin/../lib/gcc/arm-none-eabi/4.9.3/cortex-m7/fpu/fpv5-sp-d16/crtbegin.o
 *(.init)
 .init          0x0000000008012430        0x4 /usr/bin/../lib/gcc/arm-none-eabi/4.9.3/cortex-m7/fpu/fpv5-sp-d16/crti.o
                0x0000000008012430                _init
 .init          0x0000000008012434        0x8 /usr/bin/../lib/gcc/arm-none-eabi/4.9.3/cortex-m7/fpu/fpv5-sp-d16/crtn.o
 *(.fini)
 .fini          0x000000000801243c        0x4 /usr/bin/../lib/gcc/arm-none-eabi/4.9.3/cortex-m7/fpu/fpv5-sp-d16/crti.o
                0x000000000801243c                _fini
 .fini          0x0000000008012440        0x8 /usr/bin/../lib/gcc/arm-none-eabi/4.9.3/cortex-m7/fpu/fpv5-sp-d16/crtn.o
                0x0000000008012448                . = ALIGN (0x4)
                0x0000000008012448                _etext = .

.vfp11_veneer   0x0000000008012448        0x0
 .vfp11_veneer  0x0000000000000000        0x0 linker stubs

.v4_bx          0x0000000008012448        0x0
 .v4_bx         0x0000000000000000        0x0 linker stubs

.iplt           0x0000000008012448        0x0
 .iplt          0x0000000000000000        0x0 /usr/bin/../lib/gcc/arm-none-eabi/4.9.3/cortex-m7/fpu/fpv5-sp-d16/crtbegin.o

.rodata         0x0000000008012448      0x74c
                0x0000000008012448                . = ALIGN (0x4)
 *(.rodata)
 .rodata        0x0000000008012448       0x1e build/stm32f7xx_hal_eth_FreeRTOS_TCP.o
 *fill*         0x0000000008012466        0x2 
 .rodata        0x0000000008012468       0x30 build/tasks.o
 .rodata        0x0000000008012498      0x187 build/NetworkInterface.o
 *fill*         0x000000000801261f        0x1 
 .rodata        0x0000000008012620        0xa build/BufferAllocation_2.o
 *fill*         0x000000000801262a        0x2 
 .rodata        0x000000000801262c       0x10 build/FreeRTOS_IP.o
 .rodata        0x000000000801263c       0xe7 build/FreeRTOS_Sockets.o
 *fill*         0x0000000008012723        0x1 
 .rodata        0x0000000008012724       0xda build/FreeRTOS_TCP_IP.o
 *fill*         0x00000000080127fe        0x2 
 .rodata        0x0000000008012800       0x41 build/printf-stdarg.o
 *fill*         0x0000000008012841        0x3 
 .rodata        0x0000000008012844       0x2f build/UDPLoggingPrintf.o
 *fill*         0x0000000008012873        0x1 
 .rodata        0x0000000008012874       0xca build/main.o
 *fill*         0x000000000801293e        0x2 
 .rodata        0x0000000008012940       0x45 build/SEGGER_SYSVIEW_Config_FreeRTOS.o
 *fill*         0x0000000008012985        0x3 
 .rodata        0x0000000008012988       0x17 build/SEGGER_RTT.o
 *fill*         0x000000000801299f        0x1 
 .rodata        0x00000000080129a0        0x8 build/SEGGER_SYSVIEW.o
 .rodata        0x00000000080129a8       0x58 build/SEGGER_SYSVIEW_FreeRTOS.o
 *(.rodata*)
 .rodata.xLLMNR_MACAddress
                0x0000000008012a00        0x6 build/NetworkInterface.o
 *fill*         0x0000000008012a06        0x2 
 .rodata.xBufferAllocFixedSize
                0x0000000008012a08        0x4 build/BufferAllocation_2.o
                0x0000000008012a08                xBufferAllocFixedSize
 .rodata.xBroadcastMACAddress
                0x0000000008012a0c        0x6 build/FreeRTOS_IP.o
                0x0000000008012a0c                xBroadcastMACAddress
 *fill*         0x0000000008012a12        0x2 
 .rodata.xNetworkDownEvent.6806
                0x0000000008012a14        0x8 build/FreeRTOS_IP.o
 .rodata.xDefaultPartARPPacketHeader
                0x0000000008012a1c       0x26 build/FreeRTOS_ARP.o
 *fill*         0x0000000008012a42        0x2 
 .rodata.xLLMNR_MacAdress
                0x0000000008012a44        0x6 build/FreeRTOS_DNS.o
                0x0000000008012a44                xLLMNR_MacAdress
 *fill*         0x0000000008012a4a        0x2 
 .rodata.ucIPAddress
                0x0000000008012a4c        0x4 build/main.o
 .rodata.ucNetMask
                0x0000000008012a50        0x4 build/main.o
 .rodata.ucGatewayAddress
                0x0000000008012a54        0x4 build/main.o
 .rodata.ucDNSServerAddress
                0x0000000008012a58        0x4 build/main.o
 .rodata.ucMACAddress
                0x0000000008012a5c        0x6 build/main.o
                0x0000000008012a5c                ucMACAddress
 *fill*         0x0000000008012a62        0x2 
 .rodata.AHBPrescTable
                0x0000000008012a64       0x10 build/system_stm32f7xx.o
                0x0000000008012a64                AHBPrescTable
 .rodata.APBPrescTable
                0x0000000008012a74        0x8 build/system_stm32f7xx.o
                0x0000000008012a74                APBPrescTable
 .rodata._abSync
                0x0000000008012a7c        0xa build/SEGGER_SYSVIEW.o
 *fill*         0x0000000008012a86        0x2 
 .rodata.SYSVIEW_X_OS_TraceAPI
                0x0000000008012a88        0x8 build/SEGGER_SYSVIEW_FreeRTOS.o
                0x0000000008012a88                SYSVIEW_X_OS_TraceAPI
 .rodata._ctype_
                0x0000000008012a90      0x101 /usr/bin/../lib/gcc/arm-none-eabi/4.9.3/../../../../arm-none-eabi/lib/cortex-m7/fpu/fpv5-sp-d16/libc_nano.a(lib_a-ctype_.o)
                0x0000000008012a90                _ctype_
                0x0000000008012b94                . = ALIGN (0x4)
 *fill*         0x0000000008012b91        0x3 

.ARM.extab
 *(.ARM.extab* .gnu.linkonce.armextab.*)

.ARM            0x0000000008012b94        0x8
                0x0000000008012b94                __exidx_start = .
 *(.ARM.exidx*)
 .ARM.exidx     0x0000000008012b94        0x8 /usr/bin/../lib/gcc/arm-none-eabi/4.9.3/cortex-m7/fpu/fpv5-sp-d16/libgcc.a(_divdi3.o)
 .ARM.exidx     0x0000000008012b9c        0x0 /usr/bin/../lib/gcc/arm-none-eabi/4.9.3/cortex-m7/fpu/fpv5-sp-d16/libgcc.a(_udivdi3.o)
                                          0x8 (size before relaxing)
                0x0000000008012b9c                __exidx_end = .

.rel.dyn        0x0000000008012b9c        0x0
 .rel.iplt      0x0000000000000000        0x0 /usr/bin/../lib/gcc/arm-none-eabi/4.9.3/cortex-m7/fpu/fpv5-sp-d16/crtbegin.o

.preinit_array  0x0000000008012b9c        0x0
                0x0000000008012b9c                PROVIDE (__preinit_array_start, .)
 *(.preinit_array*)
                0x0000000008012b9c                PROVIDE (__preinit_array_end, .)

.init_array     0x0000000008012b9c        0x4
                0x0000000008012b9c                PROVIDE (__init_array_start, .)
 *(SORT(.init_array.*))
 *(.init_array*)
 .init_array    0x0000000008012b9c        0x4 /usr/bin/../lib/gcc/arm-none-eabi/4.9.3/cortex-m7/fpu/fpv5-sp-d16/crtbegin.o
                0x0000000008012ba0                PROVIDE (__init_array_end, .)

.fini_array     0x0000000008012ba0        0x4
                0x0000000008012ba0                PROVIDE (__fini_array_start, .)
 *(SORT(.fini_array.*))
 *(.fini_array*)
 .fini_array    0x0000000008012ba0        0x4 /usr/bin/../lib/gcc/arm-none-eabi/4.9.3/cortex-m7/fpu/fpv5-sp-d16/crtbegin.o
                0x0000000008012ba4                PROVIDE (__fini_array_end, .)
                0x0000000008012ba4                _sidata = LOADADDR (.data)

.data           0x0000000020000000     0xbb70 load address 0x0000000008012ba4
                0x0000000020000000                . = ALIGN (0x4)
                0x0000000020000000                _sdata = .
 *(.first_data)
 .first_data    0x0000000020000000     0xbb00 build/NetworkInterface.o
                0x0000000020000000                DMARxDscrTab
                0x0000000020000080                DMATxDscrTab
 *(.data)
 *(.data*)
 .data.uxCriticalNesting
                0x000000002000bb00        0x4 build/port.o
 .data.uxLowestSemCount.11536
                0x000000002000bb04        0x4 build/NetworkInterface.o
 .data.xDefaultPartUDPPacketHeader
                0x000000002000bb08       0x18 build/FreeRTOS_UDP_IP.o
                0x000000002000bb08                xDefaultPartUDPPacketHeader
 .data.pcStateNames
                0x000000002000bb20       0x34 build/FreeRTOS_TCP_IP.o
 .data.xUDPLoggingSocket
                0x000000002000bb54        0x4 build/UDPLoggingPrintf.o
 .data.SystemCoreClock
                0x000000002000bb58        0x4 build/system_stm32f7xx.o
                0x000000002000bb58                SystemCoreClock
 .data.GPIO_PIN
                0x000000002000bb5c        0x8 build/stm32f769i_discovery.o
                0x000000002000bb5c                GPIO_PIN
 .data.GPIO_PORT
                0x000000002000bb64        0x8 build/stm32f769i_discovery.o
                0x000000002000bb64                GPIO_PORT
 .data.__ctype_ptr__
                0x000000002000bb6c        0x4 /usr/bin/../lib/gcc/arm-none-eabi/4.9.3/../../../../arm-none-eabi/lib/cortex-m7/fpu/fpv5-sp-d16/libc_nano.a(lib_a-ctype_.o)
                0x000000002000bb6c                __ctype_ptr__
                0x000000002000bb70                . = ALIGN (0x4)
                0x000000002000bb70                _edata = .

.jcr            0x000000002000bb70        0x0 load address 0x000000000801e714
 .jcr           0x000000002000bb70        0x0 /usr/bin/../lib/gcc/arm-none-eabi/4.9.3/cortex-m7/fpu/fpv5-sp-d16/crtbegin.o

.igot.plt       0x000000002000bb70        0x0 load address 0x000000000801e714
 .igot.plt      0x0000000000000000        0x0 /usr/bin/../lib/gcc/arm-none-eabi/4.9.3/cortex-m7/fpu/fpv5-sp-d16/crtbegin.o
                0x000000002000bb70                . = ALIGN (0x4)

.bss            0x000000002000bb70     0x1540 load address 0x000000000801e714
                0x000000002000bb70                _sbss = .
                0x000000002000bb70                __bss_start__ = _sbss
 *(.bss)
 .bss           0x000000002000bb70       0x1c /usr/bin/../lib/gcc/arm-none-eabi/4.9.3/cortex-m7/fpu/fpv5-sp-d16/crtbegin.o
 *(.bss*)
 .bss.ucMaxSysCallPriority
                0x000000002000bb8c        0x1 build/port.o
 *fill*         0x000000002000bb8d        0x3 
 .bss.ulMaxPRIGROUPValue
                0x000000002000bb90        0x4 build/port.o
 .bss.xStart    0x000000002000bb94        0x8 build/heap_5.o
 .bss.pxEnd     0x000000002000bb9c        0x4 build/heap_5.o
 .bss.xFreeBytesRemaining
                0x000000002000bba0        0x4 build/heap_5.o
 .bss.xMinimumEverFreeBytesRemaining
                0x000000002000bba4        0x4 build/heap_5.o
 .bss.xBlockAllocatedBit
                0x000000002000bba8        0x4 build/heap_5.o
 .bss.pxCurrentTCB
                0x000000002000bbac        0x4 build/tasks.o
                0x000000002000bbac                pxCurrentTCB
 .bss.pxReadyTasksLists
                0x000000002000bbb0       0x8c build/tasks.o
 .bss.xDelayedTaskList1
                0x000000002000bc3c       0x14 build/tasks.o
 .bss.xDelayedTaskList2
                0x000000002000bc50       0x14 build/tasks.o
 .bss.pxDelayedTaskList
                0x000000002000bc64        0x4 build/tasks.o
 .bss.pxOverflowDelayedTaskList
                0x000000002000bc68        0x4 build/tasks.o
 .bss.xPendingReadyList
                0x000000002000bc6c       0x14 build/tasks.o
 .bss.xTasksWaitingTermination
                0x000000002000bc80       0x14 build/tasks.o
 .bss.uxDeletedTasksWaitingCleanUp
                0x000000002000bc94        0x4 build/tasks.o
 .bss.xSuspendedTaskList
                0x000000002000bc98       0x14 build/tasks.o
 .bss.uxCurrentNumberOfTasks
                0x000000002000bcac        0x4 build/tasks.o
 .bss.xTickCount
                0x000000002000bcb0        0x4 build/tasks.o
 .bss.uxTopReadyPriority
                0x000000002000bcb4        0x4 build/tasks.o
 .bss.xSchedulerRunning
                0x000000002000bcb8        0x4 build/tasks.o
 .bss.uxPendedTicks
                0x000000002000bcbc        0x4 build/tasks.o
 .bss.xYieldPending
                0x000000002000bcc0        0x4 build/tasks.o
 .bss.xNumOfOverflows
                0x000000002000bcc4        0x4 build/tasks.o
 .bss.uxTaskNumber
                0x000000002000bcc8        0x4 build/tasks.o
 .bss.xNextTaskUnblockTime
                0x000000002000bccc        0x4 build/tasks.o
 .bss.xIdleTaskHandle
                0x000000002000bcd0        0x4 build/tasks.o
 .bss.uxSchedulerSuspended
                0x000000002000bcd4        0x4 build/tasks.o
 .bss.ulTaskSwitchedInTime
                0x000000002000bcd8        0x4 build/tasks.o
 .bss.ulTotalRunTime
                0x000000002000bcdc        0x4 build/tasks.o
 .bss.ulISREvents
                0x000000002000bce0        0x4 build/NetworkInterface.o
 .bss.ulPHYLinkStatus
                0x000000002000bce4        0x4 build/NetworkInterface.o
 .bss.xETH      0x000000002000bce8       0x48 build/NetworkInterface.o
 .bss.xTXDescriptorSemaphore
                0x000000002000bd30        0x4 build/NetworkInterface.o
 .bss.DMATxDescToClear
                0x000000002000bd34        0x4 build/NetworkInterface.o
 .bss.ulBCRvalue
                0x000000002000bd38        0x4 build/NetworkInterface.o
 .bss.ulACRValue
                0x000000002000bd3c        0x4 build/NetworkInterface.o
 .bss.xEMACTaskHandle
                0x000000002000bd40        0x4 build/NetworkInterface.o
 .bss.xFreeBuffersList
                0x000000002000bd44       0x14 build/BufferAllocation_2.o
 .bss.uxMinimumFreeNetworkBuffers
                0x000000002000bd58        0x4 build/BufferAllocation_2.o
 .bss.xNetworkBufferDescriptors
                0x000000002000bd5c      0x45c build/BufferAllocation_2.o
 .bss.xNetworkBufferSemaphore
                0x000000002000c1b8        0x4 build/BufferAllocation_2.o
 .bss.xNetworkEventQueue
                0x000000002000c1bc        0x4 build/FreeRTOS_IP.o
                0x000000002000c1bc                xNetworkEventQueue
 .bss.usPacketIdentifier
                0x000000002000c1c0        0x2 build/FreeRTOS_IP.o
                0x000000002000c1c0                usPacketIdentifier
 *fill*         0x000000002000c1c2        0x2 
 .bss.xNetworkAddressing
                0x000000002000c1c4       0x14 build/FreeRTOS_IP.o
                0x000000002000c1c4                xNetworkAddressing
 .bss.xDefaultAddressing
                0x000000002000c1d8       0x14 build/FreeRTOS_IP.o
                0x000000002000c1d8                xDefaultAddressing
 .bss.xNetworkDownEventPending
                0x000000002000c1ec        0x4 build/FreeRTOS_IP.o
 .bss.xIPTaskHandle
                0x000000002000c1f0        0x4 build/FreeRTOS_IP.o
 .bss.xProcessedTCPMessage
                0x000000002000c1f4        0x4 build/FreeRTOS_IP.o
 .bss.xNetworkUp
                0x000000002000c1f8        0x4 build/FreeRTOS_IP.o
 .bss.xARPTimer
                0x000000002000c1fc       0x14 build/FreeRTOS_IP.o
 .bss.xTCPTimer
                0x000000002000c210       0x14 build/FreeRTOS_IP.o
 .bss.xDNSTimer
                0x000000002000c224       0x14 build/FreeRTOS_IP.o
 .bss.xIPTaskInitialised
                0x000000002000c238        0x4 build/FreeRTOS_IP.o
 .bss.xStart.6785
                0x000000002000c23c        0x4 build/FreeRTOS_IP.o
 .bss.xCallEventHook.6898
                0x000000002000c240        0x4 build/FreeRTOS_IP.o
 .bss.xARPCache
                0x000000002000c244       0x48 build/FreeRTOS_ARP.o
 .bss.xLastGratuitousARPTime
                0x000000002000c28c        0x4 build/FreeRTOS_ARP.o
 .bss.usNextPortToUse
                0x000000002000c290        0x4 build/FreeRTOS_Sockets.o
 .bss.xLastTime.6999
                0x000000002000c294        0x4 build/FreeRTOS_Sockets.o
 .bss.ulNextInitialSequenceNumber
                0x000000002000c298        0x4 build/FreeRTOS_TCP_IP.o
                0x000000002000c298                ulNextInitialSequenceNumber
 .bss.xTCPSegments
                0x000000002000c29c        0x4 build/FreeRTOS_TCP_WIN.o
 .bss.xSegmentList
                0x000000002000c2a0       0x14 build/FreeRTOS_TCP_WIN.o
 .bss.xTCPWindowLoggingLevel
                0x000000002000c2b4        0x4 build/FreeRTOS_TCP_WIN.o
                0x000000002000c2b4                xTCPWindowLoggingLevel
 .bss.xDNSCache
                0x000000002000c2b8       0x60 build/FreeRTOS_DNS.o
 .bss.xCallbackList
                0x000000002000c318       0x14 build/FreeRTOS_DNS.o
 .bss.xFreeEntry.6102
                0x000000002000c32c        0x4 build/FreeRTOS_DNS.o
 .bss.xLogEntry
                0x000000002000c330       0xd4 build/UDPLoggingPrintf.o
 .bss.pxStreamBuffer
                0x000000002000c404        0x4 build/UDPLoggingPrintf.o
 .bss.xLoggingTask
                0x000000002000c408        0x4 build/UDPLoggingPrintf.o
 .bss.xLoggingInitialised.6618
                0x000000002000c40c        0x4 build/UDPLoggingPrintf.o
 .bss.cLoggingLine.6657
                0x000000002000c410       0xc8 build/UDPLoggingPrintf.o
 .bss.ulNextRand
                0x000000002000c4d8        0x4 build/main.o
 .bss.xTimeNow.10665
                0x000000002000c4dc        0x4 build/main.o
 .bss.xLastToggle.10664
                0x000000002000c4e0        0x4 build/main.o
 .bss.xTasksAlreadyCreated.10674
                0x000000002000c4e4        0x4 build/main.o
 .bss.xInitialised.10689
                0x000000002000c4e8        0x4 build/main.o
 *fill*         0x000000002000c4ec        0x4 
 .bss.ullHiresTime.10723
                0x000000002000c4f0        0x8 build/main.o
 .bss.ulInterruptCount
                0x000000002000c4f8        0x4 build/hr_gettime.o
 .bss._acUpBuffer
                0x000000002000c4fc      0x400 build/SEGGER_RTT.o
 .bss._acDownBuffer
                0x000000002000c8fc       0x10 build/SEGGER_RTT.o
 .bss._UpBuffer
                0x000000002000c90c      0x400 build/SEGGER_SYSVIEW.o
 .bss._DownBuffer
                0x000000002000cd0c        0x8 build/SEGGER_SYSVIEW.o
 .bss._SYSVIEW_Globals
                0x000000002000cd14       0x28 build/SEGGER_SYSVIEW.o
 .bss._pFirstModule
                0x000000002000cd3c        0x4 build/SEGGER_SYSVIEW.o
 .bss._NumModules
                0x000000002000cd40        0x1 build/SEGGER_SYSVIEW.o
 *fill*         0x000000002000cd41        0x3 
 .bss._aPacket  0x000000002000cd44       0xe3 build/SEGGER_SYSVIEW.o
 *fill*         0x000000002000ce27        0x1 
 .bss._aTasks   0x000000002000ce28       0xa0 build/SEGGER_SYSVIEW_FreeRTOS.o
 .bss._NumTasks
                0x000000002000cec8        0x4 build/SEGGER_SYSVIEW_FreeRTOS.o
 *(COMMON)
 COMMON         0x000000002000cecc        0x4 build/stm32f7xx_hal.o
                0x000000002000cecc                uwTick
 COMMON         0x000000002000ced0       0x40 build/queue.o
                0x000000002000ced0                xQueueRegistry
 COMMON         0x000000002000cf10       0x28 build/FreeRTOS_Sockets.o
                0x000000002000cf10                xBoundTCPSocketsList
                0x000000002000cf24                xBoundUDPSocketsList
 COMMON         0x000000002000cf38       0x54 build/main.o
                0x000000002000cf38                hrtc
                0x000000002000cf58                hsdram1
 COMMON         0x000000002000cf8c       0x40 build/hr_gettime.o
                0x000000002000cf8c                ulTimer2Flags
                0x000000002000cf90                tim2_handle
 COMMON         0x000000002000cfcc       0x3c build/stm32f7xx_hal_timebase_tim.o
                0x000000002000cfcc                htim13
 COMMON         0x000000002000d008       0xa8 build/SEGGER_RTT.o
                0x000000002000d008                _SEGGER_RTT
                0x000000002000d0b0                . = ALIGN (0x4)
                0x000000002000d0b0                _ebss = .
                0x000000002000d0b0                __bss_end__ = _ebss

._user_heap_stack
                0x000000002000d0b0      0x600 load address 0x000000000801e714