Archive member included because of file (symbol)

/usr/bin/../lib/gcc/arm-none-eabi/4.9.3/../../../../arm-none-eabi/lib/cortex-m7/fpu/fpv5-sp-d16/libc_nano.a(lib_a-errno.o)
                              build/syscalls.o (__errno)
/usr/bin/../lib/gcc/arm-none-eabi/4.9.3/../../../../arm-none-eabi/lib/cortex-m7/fpu/fpv5-sp-d16/libc_nano.a(lib_a-exit.o)
                              /usr/bin/../lib/gcc/arm-none-eabi/4.9.3/../../../../arm-none-eabi/lib/cortex-m7/fpu/fpv5-sp-d16/crt0.o (exit)
/usr/bin/../lib/gcc/arm-none-eabi/4.9.3/../../../../arm-none-eabi/lib/cortex-m7/fpu/fpv5-sp-d16/libc_nano.a(lib_a-impure.o)
                              /usr/bin/../lib/gcc/arm-none-eabi/4.9.3/../../../../arm-none-eabi/lib/cortex-m7/fpu/fpv5-sp-d16/libc_nano.a(lib_a-exit.o) (_global_impure_ptr)
/usr/bin/../lib/gcc/arm-none-eabi/4.9.3/../../../../arm-none-eabi/lib/cortex-m7/fpu/fpv5-sp-d16/libc_nano.a(lib_a-init.o)
                              /usr/bin/../lib/gcc/arm-none-eabi/4.9.3/../../../../arm-none-eabi/lib/cortex-m7/fpu/fpv5-sp-d16/crt0.o (__libc_init_array)
/usr/bin/../lib/gcc/arm-none-eabi/4.9.3/../../../../arm-none-eabi/lib/cortex-m7/fpu/fpv5-sp-d16/libc_nano.a(lib_a-memcmp.o)
                              build/tasks.o (memcmp)
/usr/bin/../lib/gcc/arm-none-eabi/4.9.3/../../../../arm-none-eabi/lib/cortex-m7/fpu/fpv5-sp-d16/libc_nano.a(lib_a-memcpy.o)
                              build/queue.o (memcpy)
/usr/bin/../lib/gcc/arm-none-eabi/4.9.3/../../../../arm-none-eabi/lib/cortex-m7/fpu/fpv5-sp-d16/libc_nano.a(lib_a-memmove.o)
                              build/FreeRTOS_IP.o (memmove)
/usr/bin/../lib/gcc/arm-none-eabi/4.9.3/../../../../arm-none-eabi/lib/cortex-m7/fpu/fpv5-sp-d16/libc_nano.a(lib_a-memset.o)
                              /usr/bin/../lib/gcc/arm-none-eabi/4.9.3/../../../../arm-none-eabi/lib/cortex-m7/fpu/fpv5-sp-d16/crt0.o (memset)
/usr/bin/../lib/gcc/arm-none-eabi/4.9.3/../../../../arm-none-eabi/lib/cortex-m7/fpu/fpv5-sp-d16/libc_nano.a(lib_a-puts.o)
                              build/main.o (puts)
/usr/bin/../lib/gcc/arm-none-eabi/4.9.3/../../../../arm-none-eabi/lib/cortex-m7/fpu/fpv5-sp-d16/libc_nano.a(lib_a-snprintf.o)
                              build/FreeRTOS_Sockets.o (snprintf)
/usr/bin/../lib/gcc/arm-none-eabi/4.9.3/../../../../arm-none-eabi/lib/cortex-m7/fpu/fpv5-sp-d16/libc_nano.a(lib_a-sprintf.o)
                              build/tasks.o (sprintf)
/usr/bin/../lib/gcc/arm-none-eabi/4.9.3/../../../../arm-none-eabi/lib/cortex-m7/fpu/fpv5-sp-d16/libc_nano.a(lib_a-strcasecmp.o)
                              build/main.o (strcasecmp)
/usr/bin/../lib/gcc/arm-none-eabi/4.9.3/../../../../arm-none-eabi/lib/cortex-m7/fpu/fpv5-sp-d16/libc_nano.a(lib_a-strcpy.o)
                              build/tasks.o (strcpy)
/usr/bin/../lib/gcc/arm-none-eabi/4.9.3/../../../../arm-none-eabi/lib/cortex-m7/fpu/fpv5-sp-d16/libc_nano.a(lib_a-strlen.o)
                              build/tasks.o (strlen)
/usr/bin/../lib/gcc/arm-none-eabi/4.9.3/../../../../arm-none-eabi/lib/cortex-m7/fpu/fpv5-sp-d16/libc_nano.a(lib_a-strncmp.o)
                              build/FreeRTOS_DNS.o (strncmp)
/usr/bin/../lib/gcc/arm-none-eabi/4.9.3/../../../../arm-none-eabi/lib/cortex-m7/fpu/fpv5-sp-d16/libc_nano.a(lib_a-strncpy.o)
                              build/FreeRTOS_DNS.o (strncpy)
/usr/bin/../lib/gcc/arm-none-eabi/4.9.3/../../../../arm-none-eabi/lib/cortex-m7/fpu/fpv5-sp-d16/libc_nano.a(lib_a-vsnprintf.o)
                              build/UDPLoggingPrintf.o (vsnprintf)
/usr/bin/../lib/gcc/arm-none-eabi/4.9.3/../../../../arm-none-eabi/lib/cortex-m7/fpu/fpv5-sp-d16/libc_nano.a(lib_a-wbuf.o)
                              /usr/bin/../lib/gcc/arm-none-eabi/4.9.3/../../../../arm-none-eabi/lib/cortex-m7/fpu/fpv5-sp-d16/libc_nano.a(lib_a-puts.o) (__swbuf_r)
/usr/bin/../lib/gcc/arm-none-eabi/4.9.3/../../../../arm-none-eabi/lib/cortex-m7/fpu/fpv5-sp-d16/libc_nano.a(lib_a-wsetup.o)
                              /usr/bin/../lib/gcc/arm-none-eabi/4.9.3/../../../../arm-none-eabi/lib/cortex-m7/fpu/fpv5-sp-d16/libc_nano.a(lib_a-puts.o) (__swsetup_r)
/usr/bin/../lib/gcc/arm-none-eabi/4.9.3/../../../../arm-none-eabi/lib/cortex-m7/fpu/fpv5-sp-d16/libc_nano.a(lib_a-ctype_.o)
                              /usr/bin/../lib/gcc/arm-none-eabi/4.9.3/../../../../arm-none-eabi/lib/cortex-m7/fpu/fpv5-sp-d16/libc_nano.a(lib_a-strcasecmp.o) (__ctype_ptr__)
/usr/bin/../lib/gcc/arm-none-eabi/4.9.3/../../../../arm-none-eabi/lib/cortex-m7/fpu/fpv5-sp-d16/libc_nano.a(lib_a-fflush.o)
                              /usr/bin/../lib/gcc/arm-none-eabi/4.9.3/../../../../arm-none-eabi/lib/cortex-m7/fpu/fpv5-sp-d16/libc_nano.a(lib_a-wbuf.o) (_fflush_r)
/usr/bin/../lib/gcc/arm-none-eabi/4.9.3/../../../../arm-none-eabi/lib/cortex-m7/fpu/fpv5-sp-d16/libc_nano.a(lib_a-findfp.o)
                              /usr/bin/../lib/gcc/arm-none-eabi/4.9.3/../../../../arm-none-eabi/lib/cortex-m7/fpu/fpv5-sp-d16/libc_nano.a(lib_a-puts.o) (__sinit)
[...]
Memory Configuration

Name             Origin             Length             Attributes
FLASH            0x0000000008000000 0x0000000000200000 xr
RAM              0x0000000020000000 0x0000000000080000 xrw
*default*        0x0000000000000000 0xffffffffffffffff

Linker script and memory map

LOAD /usr/bin/../lib/gcc/arm-none-eabi/4.9.3/cortex-m7/fpu/fpv5-sp-d16/crti.o
LOAD /usr/bin/../lib/gcc/arm-none-eabi/4.9.3/cortex-m7/fpu/fpv5-sp-d16/crtbegin.o
LOAD /usr/bin/../lib/gcc/arm-none-eabi/4.9.3/../../../../arm-none-eabi/lib/cortex-m7/fpu/fpv5-sp-d16/crt0.o
LOAD build/stm32f7xx_hal.o
LOAD build/stm32f7xx_hal_adc.o
LOAD build/stm32f7xx_hal_adc_ex.o
LOAD build/stm32f7xx_hal_cortex.o
LOAD build/stm32f7xx_hal_dma.o
LOAD build/stm32f7xx_hal_dma2d.o
LOAD build/stm32f7xx_hal_dma_ex.o
LOAD build/stm32f7xx_hal_dsi.o
LOAD build/stm32f7xx_hal_flash.o
LOAD build/stm32f7xx_hal_flash_ex.o
LOAD build/stm32f7xx_hal_gpio.o
LOAD build/stm32f7xx_hal_i2c.o
LOAD build/stm32f7xx_hal_i2c_ex.o
LOAD build/stm32f7xx_hal_ltdc.o
LOAD build/stm32f7xx_hal_ltdc_ex.o
LOAD build/stm32f7xx_hal_pwr.o
LOAD build/stm32f7xx_hal_pwr_ex.o
LOAD build/stm32f7xx_hal_rcc.o
LOAD build/stm32f7xx_hal_rcc_ex.o
LOAD build/stm32f7xx_hal_sdram.o
LOAD build/stm32f7xx_hal_tim.o
LOAD build/stm32f7xx_hal_tim_ex.o
LOAD build/stm32f7xx_hal_uart.o
LOAD build/stm32f7xx_ll_fmc.o
LOAD build/stm32f7xx_hal_rtc.o
LOAD build/stm32f7xx_hal_rng.o
LOAD build/croutine.o
LOAD build/list.o
LOAD build/port.o
LOAD build/heap_5.o
LOAD build/queue.o
LOAD build/tasks.o
LOAD build/timers.o
LOAD build/event_groups.o
LOAD build/lcd_log.o
LOAD build/stm32f7xx_hal_eth.o
LOAD build/NetworkInterface.o
LOAD build/BufferAllocation_2.o
LOAD build/FreeRTOS_IP.o
LOAD build/FreeRTOS_ARP.o
LOAD build/FreeRTOS_Sockets.o
LOAD build/FreeRTOS_UDP_IP.o
LOAD build/FreeRTOS_DHCP.o
LOAD build/FreeRTOS_TCP_IP.o
LOAD build/FreeRTOS_TCP_WIN.o
LOAD build/FreeRTOS_Stream_Buffer.o
LOAD build/FreeRTOS_DNS.o
LOAD build/UDPLoggingPrintf.o
LOAD build/main.o
LOAD build/hr_gettime.o
LOAD build/stm32f7xx_hal_msp.o
LOAD build/stm32f7xx_hal_timebase_tim.o
LOAD build/stm32f7xx_it.o
LOAD build/system_stm32f7xx.o
LOAD build/SEGGER_SYSVIEW_Config_FreeRTOS.o
LOAD build/syscalls.o
LOAD build/mfxstm32l152.o
LOAD build/otm8009a.o
LOAD build/stm32f769i_discovery.o
LOAD build/stm32f769i_discovery_lcd.o
LOAD build/stm32f769i_discovery_sdram.o
LOAD build/SEGGER_RTT.o
LOAD build/SEGGER_SYSVIEW.o
LOAD build/SEGGER_SYSVIEW_FreeRTOS.o
LOAD build/startup_stm32f769xx.o
LOAD /usr/bin/../lib/gcc/arm-none-eabi/4.9.3/../../../../arm-none-eabi/lib/cortex-m7/fpu/fpv5-sp-d16/libc_nano.a
LOAD /usr/bin/../lib/gcc/arm-none-eabi/4.9.3/../../../../arm-none-eabi/lib/cortex-m7/fpu/fpv5-sp-d16/libm.a
LOAD /usr/bin/../lib/gcc/arm-none-eabi/4.9.3/../../../../arm-none-eabi/lib/cortex-m7/fpu/fpv5-sp-d16/libnosys.a
START GROUP
LOAD /usr/bin/../lib/gcc/arm-none-eabi/4.9.3/cortex-m7/fpu/fpv5-sp-d16/libgcc.a
LOAD /usr/bin/../lib/gcc/arm-none-eabi/4.9.3/../../../../arm-none-eabi/lib/cortex-m7/fpu/fpv5-sp-d16/libc_nano.a
END GROUP
START GROUP
LOAD /usr/bin/../lib/gcc/arm-none-eabi/4.9.3/cortex-m7/fpu/fpv5-sp-d16/libgcc.a
LOAD /usr/bin/../lib/gcc/arm-none-eabi/4.9.3/../../../../arm-none-eabi/lib/cortex-m7/fpu/fpv5-sp-d16/libc_nano.a
END GROUP
LOAD /usr/bin/../lib/gcc/arm-none-eabi/4.9.3/cortex-m7/fpu/fpv5-sp-d16/crtend.o
LOAD /usr/bin/../lib/gcc/arm-none-eabi/4.9.3/cortex-m7/fpu/fpv5-sp-d16/crtn.o
                0x0000000020080000                _estack = 0x20080000
                0x0000000000000200                _Min_Heap_Size = 0x200
                0x0000000000000400                _Min_Stack_Size = 0x400

.isr_vector     0x0000000008000000      0x1f8
                0x0000000008000000                . = ALIGN (0x4)
 *(.isr_vector)
 .isr_vector    0x0000000008000000      0x1f8 build/startup_stm32f769xx.o
                0x0000000008000000                g_pfnVectors
                0x00000000080001f8                . = ALIGN (0x4)

.text           0x0000000008000200    0x1677c
                0x0000000008000200                . = ALIGN (0x4)
 *(.text)
 .text          0x0000000008000200       0x5c /usr/bin/../lib/gcc/arm-none-eabi/4.9.3/cortex-m7/fpu/fpv5-sp-d16/crtbegin.o
 .text          0x000000000800025c       0x30 /usr/bin/../lib/gcc/arm-none-eabi/4.9.3/cortex-m7/fpu/fpv5-sp-d16/libgcc.a(_aeabi_uldivmod.o)
                0x000000000800025c                __aeabi_uldivmod
 .text          0x000000000800028c       0x60 /usr/bin/../lib/gcc/arm-none-eabi/4.9.3/cortex-m7/fpu/fpv5-sp-d16/libgcc.a(bpabi.o)
                0x000000000800028c                __gnu_ldivmod_helper
                0x00000000080002bc                __gnu_uldivmod_helper
 .text          0x00000000080002ec        0x4 /usr/bin/../lib/gcc/arm-none-eabi/4.9.3/cortex-m7/fpu/fpv5-sp-d16/libgcc.a(_dvmd_tls.o)
                0x00000000080002ec                __aeabi_ldiv0
                0x00000000080002ec                __aeabi_idiv0
 .text          0x00000000080002f0      0x284 /usr/bin/../lib/gcc/arm-none-eabi/4.9.3/cortex-m7/fpu/fpv5-sp-d16/libgcc.a(_divdi3.o)
                0x00000000080002f0                __divdi3
 .text          0x0000000008000574      0x248 /usr/bin/../lib/gcc/arm-none-eabi/4.9.3/cortex-m7/fpu/fpv5-sp-d16/libgcc.a(_udivdi3.o)
                0x0000000008000574                __udivdi3
 *(.text*)
 .text.HAL_Init
                0x00000000080007bc       0x2c build/stm32f7xx_hal.o
                0x00000000080007bc                HAL_Init
 .text.HAL_IncTick
                0x00000000080007e8       0x1c build/stm32f7xx_hal.o
                0x00000000080007e8                HAL_IncTick
 .text.HAL_GetTick
                0x0000000008000804       0x18 build/stm32f7xx_hal.o
                0x0000000008000804                HAL_GetTick
 .text.HAL_Delay
                0x000000000800081c       0x2c build/stm32f7xx_hal.o
                0x000000000800081c                HAL_Delay
 .text.NVIC_SetPriorityGrouping
                0x0000000008000848       0x48 build/stm32f7xx_hal_cortex.o
 .text.NVIC_GetPriorityGrouping
                0x0000000008000890       0x1c build/stm32f7xx_hal_cortex.o
 .text.NVIC_EnableIRQ
                0x00000000080008ac       0x30 build/stm32f7xx_hal_cortex.o
 .text.NVIC_SetPriority
                0x00000000080008dc       0x54 build/stm32f7xx_hal_cortex.o
 .text.NVIC_EncodePriority
                0x0000000008000930       0x64 build/stm32f7xx_hal_cortex.o
 .text.SysTick_Config
                0x0000000008000994       0x44 build/stm32f7xx_hal_cortex.o
 .text.HAL_NVIC_SetPriorityGrouping
                0x00000000080009d8       0x14 build/stm32f7xx_hal_cortex.o
                0x00000000080009d8                HAL_NVIC_SetPriorityGrouping
 .text.HAL_NVIC_SetPriority
                0x00000000080009ec       0x38 build/stm32f7xx_hal_cortex.o
                0x00000000080009ec                HAL_NVIC_SetPriority
 .text.HAL_NVIC_EnableIRQ
                0x0000000008000a24       0x1c build/stm32f7xx_hal_cortex.o
                0x0000000008000a24                HAL_NVIC_EnableIRQ
 .text.HAL_SYSTICK_Config
                0x0000000008000a40       0x18 build/stm32f7xx_hal_cortex.o
                0x0000000008000a40                HAL_SYSTICK_Config
 .text.HAL_SYSTICK_CLKSourceConfig
                0x0000000008000a58       0x38 build/stm32f7xx_hal_cortex.o
                0x0000000008000a58                HAL_SYSTICK_CLKSourceConfig
 .text.HAL_DMA_Init
                0x0000000008000a90      0x158 build/stm32f7xx_hal_dma.o
                0x0000000008000a90                HAL_DMA_Init
 .text.HAL_DMA_DeInit
                0x0000000008000be8       0x9c build/stm32f7xx_hal_dma.o
                0x0000000008000be8                HAL_DMA_DeInit
 .text.DMA_CalcBaseAndBitshift
                0x0000000008000c84       0x6c build/stm32f7xx_hal_dma.o
 .text.DMA_CheckFifoParam
                0x0000000008000cf0      0x108 build/stm32f7xx_hal_dma.o
 .text.HAL_DMA2D_Init
                0x0000000008000df8       0xf0 build/stm32f7xx_hal_dma2d.o
                0x0000000008000df8                HAL_DMA2D_Init
 .text.HAL_DMA2D_MspInit
                0x0000000008000ee8       0x14 build/stm32f7xx_hal_dma2d.o
                0x0000000008000ee8                HAL_DMA2D_MspInit
 .text.HAL_DMA2D_Start
                0x0000000008000efc       0x58 build/stm32f7xx_hal_dma2d.o
                0x0000000008000efc                HAL_DMA2D_Start
 .text.HAL_DMA2D_PollForTransfer
                0x0000000008000f54      0x1d0 build/stm32f7xx_hal_dma2d.o
                0x0000000008000f54                HAL_DMA2D_PollForTransfer
 .text.HAL_DMA2D_ConfigLayer
                0x0000000008001124      0x1b0 build/stm32f7xx_hal_dma2d.o
                0x0000000008001124                HAL_DMA2D_ConfigLayer
 .text.DMA2D_SetConfig
                0x00000000080012d4      0x160 build/stm32f7xx_hal_dma2d.o
 .text.DSI_ConfigPacketHeader
                0x0000000008001434       0x30 build/stm32f7xx_hal_dsi.o
 .text.HAL_DSI_Init
                0x0000000008001464      0x214 build/stm32f7xx_hal_dsi.o
                0x0000000008001464                HAL_DSI_Init
 .text.HAL_DSI_DeInit
                0x0000000008001678       0x9c build/stm32f7xx_hal_dsi.o
                0x0000000008001678                HAL_DSI_DeInit
 .text.HAL_DSI_MspInit
                0x0000000008001714       0x14 build/stm32f7xx_hal_dsi.o
                0x0000000008001714                HAL_DSI_MspInit
 .text.HAL_DSI_MspDeInit
                0x0000000008001728       0x14 build/stm32f7xx_hal_dsi.o
                0x0000000008001728                HAL_DSI_MspDeInit
 .text.HAL_DSI_ConfigVideoMode
                0x000000000800173c      0x400 build/stm32f7xx_hal_dsi.o
                0x000000000800173c                HAL_DSI_ConfigVideoMode
 .text.HAL_DSI_Start
                0x0000000008001b3c       0x54 build/stm32f7xx_hal_dsi.o
                0x0000000008001b3c                HAL_DSI_Start
 .text.HAL_DSI_ShortWrite
                0x0000000008001b90       0x78 build/stm32f7xx_hal_dsi.o
                0x0000000008001b90                HAL_DSI_ShortWrite
 .text.HAL_DSI_LongWrite
                0x0000000008001c08      0x114 build/stm32f7xx_hal_dsi.o
                0x0000000008001c08                HAL_DSI_LongWrite
 .text.HAL_GPIO_Init
                0x0000000008001d1c      0x34c build/stm32f7xx_hal_gpio.o
                0x0000000008001d1c                HAL_GPIO_Init
 .text.HAL_GPIO_WritePin
                0x0000000008002068       0x30 build/stm32f7xx_hal_gpio.o
                0x0000000008002068                HAL_GPIO_WritePin
 .text.HAL_GPIO_TogglePin
                0x0000000008002098       0x24 build/stm32f7xx_hal_gpio.o
                0x0000000008002098                HAL_GPIO_TogglePin
 .text.HAL_LTDC_Init
                0x00000000080020bc      0x1b8 build/stm32f7xx_hal_ltdc.o
                0x00000000080020bc                HAL_LTDC_Init
 .text.HAL_LTDC_MspInit
                0x0000000008002274       0x14 build/stm32f7xx_hal_ltdc.o
                0x0000000008002274                HAL_LTDC_MspInit
 .text.HAL_LTDC_ConfigLayer
                0x0000000008002288       0x7c build/stm32f7xx_hal_ltdc.o
                0x0000000008002288                HAL_LTDC_ConfigLayer
 .text.LTDC_SetConfig
                0x0000000008002304      0x350 build/stm32f7xx_hal_ltdc.o
 .text.HAL_LTDC_StructInitFromVideoConfig
                0x0000000008002654       0xa0 build/stm32f7xx_hal_ltdc_ex.o
                0x0000000008002654                HAL_LTDC_StructInitFromVideoConfig
 .text.HAL_PWREx_EnableOverDrive
                0x00000000080026f4       0x9c build/stm32f7xx_hal_pwr_ex.o
                0x00000000080026f4                HAL_PWREx_EnableOverDrive
 .text.HAL_RCC_OscConfig
                0x0000000008002790      0x530 build/stm32f7xx_hal_rcc.o
                0x0000000008002790                HAL_RCC_OscConfig
 .text.HAL_RCC_ClockConfig
                0x0000000008002cc0      0x200 build/stm32f7xx_hal_rcc.o
                0x0000000008002cc0                HAL_RCC_ClockConfig
 .text.HAL_RCC_GetSysClockFreq
                0x0000000008002ec0       0xfc build/stm32f7xx_hal_rcc.o
                0x0000000008002ec0                HAL_RCC_GetSysClockFreq
 .text.HAL_RCC_GetHCLKFreq
                0x0000000008002fbc       0x18 build/stm32f7xx_hal_rcc.o
                0x0000000008002fbc                HAL_RCC_GetHCLKFreq
 .text.HAL_RCC_GetPCLK1Freq
                0x0000000008002fd4       0x44 build/stm32f7xx_hal_rcc.o
                0x0000000008002fd4                HAL_RCC_GetPCLK1Freq
 .text.HAL_RCC_GetClockConfig
                0x0000000008003018       0x60 build/stm32f7xx_hal_rcc.o
                0x0000000008003018                HAL_RCC_GetClockConfig
 .text.HAL_RCCEx_PeriphCLKConfig
                0x0000000008003078      0xe84 build/stm32f7xx_hal_rcc_ex.o
                0x0000000008003078                HAL_RCCEx_PeriphCLKConfig
 .text.HAL_SDRAM_Init
                0x0000000008003efc       0x6c build/stm32f7xx_hal_sdram.o
                0x0000000008003efc                HAL_SDRAM_Init
 .text.HAL_SDRAM_MspInit
                0x0000000008003f68       0x14 build/stm32f7xx_hal_sdram.o
                0x0000000008003f68                HAL_SDRAM_MspInit
 .text.HAL_SDRAM_SendCommand
                0x0000000008003f7c       0x58 build/stm32f7xx_hal_sdram.o
                0x0000000008003f7c                HAL_SDRAM_SendCommand
 .text.HAL_SDRAM_ProgramRefreshRate
                0x0000000008003fd4       0x40 build/stm32f7xx_hal_sdram.o
                0x0000000008003fd4                HAL_SDRAM_ProgramRefreshRate
 .text.HAL_TIM_Base_Init
                0x0000000008004014       0x50 build/stm32f7xx_hal_tim.o
                0x0000000008004014                HAL_TIM_Base_Init
 .text.HAL_TIM_Base_MspInit
                0x0000000008004064       0x14 build/stm32f7xx_hal_tim.o
                0x0000000008004064                HAL_TIM_Base_MspInit
 .text.HAL_TIM_Base_Start_IT
                0x0000000008004078       0x38 build/stm32f7xx_hal_tim.o
                0x0000000008004078                HAL_TIM_Base_Start_IT
 .text.HAL_TIM_IRQHandler
                0x00000000080040b0      0x23c build/stm32f7xx_hal_tim.o
                0x00000000080040b0                HAL_TIM_IRQHandler
 .text.HAL_TIM_OC_DelayElapsedCallback
                0x00000000080042ec       0x14 build/stm32f7xx_hal_tim.o
                0x00000000080042ec                HAL_TIM_OC_DelayElapsedCallback
 .text.HAL_TIM_IC_CaptureCallback
                0x0000000008004300       0x14 build/stm32f7xx_hal_tim.o
                0x0000000008004300                HAL_TIM_IC_CaptureCallback
 .text.HAL_TIM_PWM_PulseFinishedCallback
                0x0000000008004314       0x14 build/stm32f7xx_hal_tim.o
                0x0000000008004314                HAL_TIM_PWM_PulseFinishedCallback
 .text.HAL_TIM_TriggerCallback
                0x0000000008004328       0x14 build/stm32f7xx_hal_tim.o
                0x0000000008004328                HAL_TIM_TriggerCallback
 .text.TIM_Base_SetConfig
                0x000000000800433c      0x150 build/stm32f7xx_hal_tim.o
                0x000000000800433c                TIM_Base_SetConfig
 .text.HAL_TIMEx_CommutationCallback
                0x000000000800448c       0x14 build/stm32f7xx_hal_tim_ex.o
                0x000000000800448c                HAL_TIMEx_CommutationCallback
 .text.HAL_TIMEx_BreakCallback
                0x00000000080044a0       0x14 build/stm32f7xx_hal_tim_ex.o
                0x00000000080044a0                HAL_TIMEx_BreakCallback
 .text.FMC_SDRAM_Init
                0x00000000080044b4       0xe4 build/stm32f7xx_ll_fmc.o
                0x00000000080044b4                FMC_SDRAM_Init
 .text.FMC_SDRAM_Timing_Init
                0x0000000008004598      0x100 build/stm32f7xx_ll_fmc.o
                0x0000000008004598                FMC_SDRAM_Timing_Init
 .text.FMC_SDRAM_SendCommand
                0x0000000008004698       0x78 build/stm32f7xx_ll_fmc.o
                0x0000000008004698                FMC_SDRAM_SendCommand
 .text.FMC_SDRAM_ProgramRefreshRate
                0x0000000008004710       0x28 build/stm32f7xx_ll_fmc.o
                0x0000000008004710                FMC_SDRAM_ProgramRefreshRate
 .text.HAL_RTC_Init
                0x0000000008004738       0xf8 build/stm32f7xx_hal_rtc.o
                0x0000000008004738                HAL_RTC_Init
 .text.RTC_EnterInitMode
                0x0000000008004830       0x58 build/stm32f7xx_hal_rtc.o
                0x0000000008004830                RTC_EnterInitMode
 .text.HAL_RNG_Init
                0x0000000008004888       0x68 build/stm32f7xx_hal_rng.o
                0x0000000008004888                HAL_RNG_Init
 .text.HAL_RNG_GenerateRandomNumber
                0x00000000080048f0       0x98 build/stm32f7xx_hal_rng.o
                0x00000000080048f0                HAL_RNG_GenerateRandomNumber
 .text.vListInitialise
                0x0000000008004988       0x40 build/list.o
                0x0000000008004988                vListInitialise
 .text.vListInitialiseItem
                0x00000000080049c8       0x18 build/list.o
                0x00000000080049c8                vListInitialiseItem
 .text.vListInsertEnd
                0x00000000080049e0       0x48 build/list.o
                0x00000000080049e0                vListInsertEnd
 .text.vListInsert
                0x0000000008004a28       0x70 build/list.o
                0x0000000008004a28                vListInsert
 .text.uxListRemove
                0x0000000008004a98       0x54 build/list.o
                0x0000000008004a98                uxListRemove
 .text.pxPortInitialiseStack
                0x0000000008004aec       0x64 build/port.o
                0x0000000008004aec                pxPortInitialiseStack
 .text.prvTaskExitError
                0x0000000008004b50       0x3c build/port.o
 *fill*         0x0000000008004b8c        0x4 
 .text.SVC_Handler
                0x0000000008004b90       0x24 build/port.o
                0x0000000008004b90                SVC_Handler
 .text.prvPortStartFirstTask
                0x0000000008004bb4       0x20 build/port.o
 .text.xPortStartScheduler
                0x0000000008004bd4      0x118 build/port.o
                0x0000000008004bd4                xPortStartScheduler
 .text.vPortEnterCritical
                0x0000000008004cec       0x5c build/port.o
                0x0000000008004cec                vPortEnterCritical
 .text.vPortExitCritical
                0x0000000008004d48       0x4c build/port.o
                0x0000000008004d48                vPortExitCritical
 *fill*         0x0000000008004d94        0xc 
 .text.PendSV_Handler
                0x0000000008004da0       0x64 build/port.o
                0x0000000008004da0                PendSV_Handler
 .text.xPortSysTickHandler
                0x0000000008004e04       0x4c build/port.o
                0x0000000008004e04                xPortSysTickHandler
 .text.vPortSetupTimerInterrupt
                0x0000000008004e50       0x34 build/port.o
                0x0000000008004e50                vPortSetupTimerInterrupt
 .text.vPortEnableVFP
                0x0000000008004e84       0x14 build/port.o
 .text.vPortValidateInterruptPriority
                0x0000000008004e98       0x78 build/port.o
                0x0000000008004e98                vPortValidateInterruptPriority
 .text.pvPortMalloc
                0x0000000008004f10      0x140 build/heap_5.o
                0x0000000008004f10                pvPortMalloc
 .text.vPortFree
                0x0000000008005050       0xb0 build/heap_5.o
                0x0000000008005050                vPortFree
 .text.prvInsertBlockIntoFreeList
                0x0000000008005100       0xb0 build/heap_5.o
 .text.vPortDefineHeapRegions
                0x00000000080051b0      0x18c build/heap_5.o
                0x00000000080051b0                vPortDefineHeapRegions
 .text.xQueueGenericReset
                0x000000000800533c       0xd0 build/queue.o
                0x000000000800533c                xQueueGenericReset
 .text.xQueueGenericCreate
                0x000000000800540c       0x74 build/queue.o
                0x000000000800540c                xQueueGenericCreate
 .text.prvInitialiseNewQueue
                0x0000000008005480       0x50 build/queue.o
 .text.xQueueCreateCountingSemaphore
                0x00000000080054d0       0x64 build/queue.o
                0x00000000080054d0                xQueueCreateCountingSemaphore
 .text.xQueueGenericSend
                0x0000000008005534      0x24c build/queue.o
                0x0000000008005534                xQueueGenericSend
 .text.xQueueGenericReceive
                0x0000000008005780      0x2bc build/queue.o
                0x0000000008005780                xQueueGenericReceive
 .text.uxQueueMessagesWaiting
                0x0000000008005a3c       0x3c build/queue.o
                0x0000000008005a3c                uxQueueMessagesWaiting
 .text.vQueueDelete
                0x0000000008005a78       0x4c build/queue.o
                0x0000000008005a78                vQueueDelete
 .text.prvCopyDataToQueue
                0x0000000008005ac4       0xd8 build/queue.o
 .text.prvCopyDataFromQueue
                0x0000000008005b9c       0x4c build/queue.o
 .text.prvUnlockQueue
                0x0000000008005be8       0xa4 build/queue.o
 .text.prvIsQueueEmpty
                0x0000000008005c8c       0x2c build/queue.o
 .text.prvIsQueueFull
                0x0000000008005cb8       0x30 build/queue.o
 .text.vQueueAddToRegistry
                0x0000000008005ce8       0x60 build/queue.o
                0x0000000008005ce8                vQueueAddToRegistry
 .text.vQueueUnregisterQueue
                0x0000000008005d48       0x50 build/queue.o
                0x0000000008005d48                vQueueUnregisterQueue
 .text.xTaskCreate
                0x0000000008005d98       0x84 build/tasks.o
                0x0000000008005d98                xTaskCreate
 .text.prvInitialiseNewTask
                0x0000000008005e1c      0x130 build/tasks.o
 .text.prvAddNewTaskToReadyList
                0x0000000008005f4c      0x11c build/tasks.o
 .text.vTaskDelay
                0x0000000008006068       0x6c build/tasks.o
                0x0000000008006068                vTaskDelay
 .text.vTaskSuspend
                0x00000000080060d4      0x128 build/tasks.o
                0x00000000080060d4                vTaskSuspend
 .text.vTaskStartScheduler
                0x00000000080061fc       0x88 build/tasks.o
                0x00000000080061fc                vTaskStartScheduler
 .text.vTaskSuspendAll
                0x0000000008006284       0x1c build/tasks.o
                0x0000000008006284                vTaskSuspendAll
 .text.xTaskResumeAll
                0x00000000080062a0      0x144 build/tasks.o
                0x00000000080062a0                xTaskResumeAll
 .text.xTaskGetTickCount
                0x00000000080063e4       0x20 build/tasks.o
                0x00000000080063e4                xTaskGetTickCount
 .text.xTaskGetTickCountFromISR
                0x0000000008006404       0x24 build/tasks.o
                0x0000000008006404                xTaskGetTickCountFromISR
 .text.pcTaskGetName
                0x0000000008006428       0x48 build/tasks.o
                0x0000000008006428                pcTaskGetName
 .text.xTaskIncrementTick
                0x0000000008006470      0x194 build/tasks.o
                0x0000000008006470                xTaskIncrementTick
 .text.vTaskSwitchContext
                0x0000000008006604      0x160 build/tasks.o
                0x0000000008006604                vTaskSwitchContext
 .text.vTaskPlaceOnEventList
                0x0000000008006764       0x44 build/tasks.o
                0x0000000008006764                vTaskPlaceOnEventList
 .text.vTaskPlaceOnUnorderedEventList
                0x00000000080067a8       0x74 build/tasks.o
                0x00000000080067a8                vTaskPlaceOnUnorderedEventList
 .text.xTaskRemoveFromEventList
                0x000000000800681c       0xd0 build/tasks.o
                0x000000000800681c                xTaskRemoveFromEventList
 .text.xTaskRemoveFromUnorderedEventList
                0x00000000080068ec       0xd8 build/tasks.o
                0x00000000080068ec                xTaskRemoveFromUnorderedEventList
 .text.vTaskSetTimeOutState
                0x00000000080069c4       0x44 build/tasks.o
                0x00000000080069c4                vTaskSetTimeOutState
 .text.xTaskCheckForTimeOut
                0x0000000008006a08       0xbc build/tasks.o
                0x0000000008006a08                xTaskCheckForTimeOut
 .text.vTaskMissedYield
                0x0000000008006ac4       0x18 build/tasks.o
                0x0000000008006ac4                vTaskMissedYield
 .text.prvIdleTask
                0x0000000008006adc       0x34 build/tasks.o
 .text.prvInitialiseTaskLists
                0x0000000008006b10       0x7c build/tasks.o
 .text.prvCheckTasksWaitingTermination
                0x0000000008006b8c       0x74 build/tasks.o
 .text.prvDeleteTCB
                0x0000000008006c00       0x20 build/tasks.o
 .text.prvResetNextTaskUnblockTime
                0x0000000008006c20       0x48 build/tasks.o
 .text.xTaskGetCurrentTaskHandle
                0x0000000008006c68       0x20 build/tasks.o
                0x0000000008006c68                xTaskGetCurrentTaskHandle
 .text.xTaskGetSchedulerState
                0x0000000008006c88       0x3c build/tasks.o
                0x0000000008006c88                xTaskGetSchedulerState
 .text.vTaskPriorityInherit
                0x0000000008006cc4       0xf8 build/tasks.o
                0x0000000008006cc4                vTaskPriorityInherit
 .text.xTaskPriorityDisinherit
                0x0000000008006dbc      0x114 build/tasks.o
                0x0000000008006dbc                xTaskPriorityDisinherit
 .text.uxTaskResetEventItemValue
                0x0000000008006ed0       0x30 build/tasks.o
                0x0000000008006ed0                uxTaskResetEventItemValue
 .text.pvTaskIncrementMutexHeldCount
                0x0000000008006f00       0x28 build/tasks.o
                0x0000000008006f00                pvTaskIncrementMutexHeldCount
 .text.ulTaskNotifyTake
                0x0000000008006f28       0x9c build/tasks.o
                0x0000000008006f28                ulTaskNotifyTake
 .text.xTaskGenericNotify
                0x0000000008006fc4      0x168 build/tasks.o
                0x0000000008006fc4                xTaskGenericNotify
 .text.vTaskNotifyGiveFromISR
                0x000000000800712c      0x140 build/tasks.o
                0x000000000800712c                vTaskNotifyGiveFromISR
 .text.prvAddCurrentTaskToDelayedList
                0x000000000800726c       0xec build/tasks.o
 .text.xEventGroupCreate
                0x0000000008007358       0x30 build/event_groups.o
                0x0000000008007358                xEventGroupCreate
 .text.xEventGroupWaitBits
                0x0000000008007388      0x194 build/event_groups.o
                0x0000000008007388                xEventGroupWaitBits
 .text.xEventGroupClearBits
                0x000000000800751c       0x6c build/event_groups.o
                0x000000000800751c                xEventGroupClearBits
 .text.xEventGroupSetBits
                0x0000000008007588      0x114 build/event_groups.o
                0x0000000008007588                xEventGroupSetBits
 .text.vEventGroupDelete
                0x000000000800769c       0x60 build/event_groups.o
                0x000000000800769c                vEventGroupDelete
 .text.prvTestWaitCondition
                0x00000000080076fc       0x44 build/event_groups.o
 .text.LCD_LOG_Init
                0x0000000008007740       0x14 build/lcd_log.o
                0x0000000008007740                LCD_LOG_Init
 .text.LCD_LOG_DeInit
                0x0000000008007754       0x80 build/lcd_log.o
                0x0000000008007754                LCD_LOG_DeInit
 .text.LCD_LOG_SetHeader
                0x00000000080077d4       0x78 build/lcd_log.o
                0x00000000080077d4                LCD_LOG_SetHeader
 .text.LCD_LOG_SetFooter
                0x000000000800784c       0x90 build/lcd_log.o
                0x000000000800784c                LCD_LOG_SetFooter
 .text.__io_putchar
                0x00000000080078dc      0x1c0 build/lcd_log.o
                0x00000000080078dc                __io_putchar
 .text.LCD_LOG_UpdateDisplay
                0x0000000008007a9c      0x110 build/lcd_log.o
                0x0000000008007a9c                LCD_LOG_UpdateDisplay
 .text.HAL_ETH_Init
                0x0000000008007bac      0x154 build/stm32f7xx_hal_eth.o
                0x0000000008007bac                HAL_ETH_Init
 .text.HAL_ETH_IRQHandler
                0x0000000008007d00       0x64 build/stm32f7xx_hal_eth.o
                0x0000000008007d00                HAL_ETH_IRQHandler
 .text.HAL_ETH_ErrorCallback
                0x0000000008007d64       0x14 build/stm32f7xx_hal_eth.o
                0x0000000008007d64                HAL_ETH_ErrorCallback
 .text.HAL_ETH_ReadPHYRegister
                0x0000000008007d78       0xf8 build/stm32f7xx_hal_eth.o
                0x0000000008007d78                HAL_ETH_ReadPHYRegister
 .text.HAL_ETH_WritePHYRegister
                0x0000000008007e70       0xf8 build/stm32f7xx_hal_eth.o
                0x0000000008007e70                HAL_ETH_WritePHYRegister
 .text.HAL_ETH_Start
                0x0000000008007f68       0x60 build/stm32f7xx_hal_eth.o
                0x0000000008007f68                HAL_ETH_Start
 .text.HAL_ETH_Stop
                0x0000000008007fc8       0x60 build/stm32f7xx_hal_eth.o
                0x0000000008007fc8                HAL_ETH_Stop
 .text.prvWriteMACFCR
                0x0000000008008028       0x2c build/stm32f7xx_hal_eth.o
 .text.prvWriteDMAOMR
                0x0000000008008054       0x40 build/stm32f7xx_hal_eth.o
 .text.prvWriteMACCR
                0x0000000008008094       0x2c build/stm32f7xx_hal_eth.o
 .text.HAL_ETH_ConfigMAC
                0x00000000080080c0      0x1b0 build/stm32f7xx_hal_eth.o
                0x00000000080080c0                HAL_ETH_ConfigMAC
 .text.ETH_MACDMAConfig
                0x0000000008008270      0x330 build/stm32f7xx_hal_eth.o
 .text.ETH_MACAddressConfig
                0x00000000080085a0       0x70 build/stm32f7xx_hal_eth.o
 .text.ETH_MACTransmissionEnable
                0x0000000008008610       0x24 build/stm32f7xx_hal_eth.o
 .text.ETH_MACTransmissionDisable
                0x0000000008008634       0x24 build/stm32f7xx_hal_eth.o
 .text.ETH_MACReceptionEnable
                0x0000000008008658       0x24 build/stm32f7xx_hal_eth.o
 .text.ETH_MACReceptionDisable
                0x000000000800867c       0x24 build/stm32f7xx_hal_eth.o
 .text.ETH_DMATransmissionEnable
                0x00000000080086a0       0x2c build/stm32f7xx_hal_eth.o
 .text.ETH_DMATransmissionDisable
                0x00000000080086cc       0x2c build/stm32f7xx_hal_eth.o
 .text.ETH_DMAReceptionEnable
                0x00000000080086f8       0x2c build/stm32f7xx_hal_eth.o
 .text.ETH_DMAReceptionDisable
                0x0000000008008724       0x2c build/stm32f7xx_hal_eth.o
 .text.ETH_FlushTransmitFIFO
                0x0000000008008750       0x2c build/stm32f7xx_hal_eth.o
 .text.HAL_ETH_RxCpltCallback
                0x000000000800877c       0x64 build/NetworkInterface.o
                0x000000000800877c                HAL_ETH_RxCpltCallback
 .text.HAL_ETH_TxCpltCallback
                0x00000000080087e0       0x64 build/NetworkInterface.o
                0x00000000080087e0                HAL_ETH_TxCpltCallback
 .text.vClearTXBuffers
                0x0000000008008844       0xa0 build/NetworkInterface.o
 .text.xNetworkInterfaceInitialise
                0x00000000080088e4      0x160 build/NetworkInterface.o
                0x00000000080088e4                xNetworkInterfaceInitialise
 .text.prvDMATxDescListInit
                0x0000000008008a44       0x78 build/NetworkInterface.o
 .text.prvDMARxDescListInit
                0x0000000008008abc       0x9c build/NetworkInterface.o
 .text.prvMACAddressConfig
                0x0000000008008b58       0x70 build/NetworkInterface.o
 .text.xNetworkInterfaceOutput
                0x0000000008008bc8      0x12c build/NetworkInterface.o
                0x0000000008008bc8                xNetworkInterfaceOutput
 .text.xMayAcceptPacket
                0x0000000008008cf4       0x34 build/NetworkInterface.o
 .text.prvNetworkInterfaceInput
                0x0000000008008d28      0x15c build/NetworkInterface.o
 .text.vMACBProbePhy
                0x0000000008008e84      0x20c build/NetworkInterface.o
                0x0000000008008e84                vMACBProbePhy
 .text.prvEthernetUpdateConfig
                0x0000000008009090      0x1ec build/NetworkInterface.o
 .text.xGetPhyLinkStatus
                0x000000000800927c       0x30 build/NetworkInterface.o
                0x000000000800927c                xGetPhyLinkStatus
 .text.prvEMACHandlerTask
                0x00000000080092ac      0x1b0 build/NetworkInterface.o
 .text.ETH_IRQHandler
                0x000000000800945c       0x10 build/NetworkInterface.o
                0x000000000800945c                ETH_IRQHandler
 .text.xNetworkBuffersInitialise
                0x000000000800946c       0xf8 build/BufferAllocation_2.o
                0x000000000800946c                xNetworkBuffersInitialise
 .text.vReleaseNetworkBuffer
                0x0000000008009564       0x20 build/BufferAllocation_2.o
                0x0000000008009564                vReleaseNetworkBuffer
 .text.pxGetNetworkBufferWithDescriptor
                0x0000000008009584       0xf4 build/BufferAllocation_2.o
                0x0000000008009584                pxGetNetworkBufferWithDescriptor
 .text.vReleaseNetworkBufferAndDescriptor
                0x0000000008009678       0x68 build/BufferAllocation_2.o
                0x0000000008009678                vReleaseNetworkBufferAndDescriptor
 .text.uxGetNumberOfFreeNetworkBuffers
                0x00000000080096e0       0x18 build/BufferAllocation_2.o
                0x00000000080096e0                uxGetNumberOfFreeNetworkBuffers
 .text.uxGetMinimumFreeNetworkBuffers
                0x00000000080096f8       0x18 build/BufferAllocation_2.o
                0x00000000080096f8                uxGetMinimumFreeNetworkBuffers
 .text.prvIPTask
                0x0000000008009710      0x174 build/FreeRTOS_IP.o
 .text.xIsCallingFromIPTask
                0x0000000008009884       0x2c build/FreeRTOS_IP.o
                0x0000000008009884                xIsCallingFromIPTask
 .text.prvHandleEthernetPacket
                0x00000000080098b0       0x14 build/FreeRTOS_IP.o
 .text.prvCalculateSleepTime
                0x00000000080098c4       0x94 build/FreeRTOS_IP.o
 .text.prvCheckNetworkTimers
                0x0000000008009958       0xdc build/FreeRTOS_IP.o
 .text.prvIPTimerStart
                0x0000000008009a34       0x48 build/FreeRTOS_IP.o
 .text.prvIPTimerReload
                0x0000000008009a7c       0x20 build/FreeRTOS_IP.o
 .text.prvIPTimerCheck
                0x0000000008009a9c       0x60 build/FreeRTOS_IP.o
 .text.FreeRTOS_NetworkDown
                0x0000000008009afc       0x34 build/FreeRTOS_IP.o
                0x0000000008009afc                FreeRTOS_NetworkDown
 .text.FreeRTOS_GetUDPPayloadBuffer
                0x0000000008009b30       0x48 build/FreeRTOS_IP.o
                0x0000000008009b30                FreeRTOS_GetUDPPayloadBuffer
 .text.pxDuplicateNetworkBufferWithDescriptor
                0x0000000008009b78       0x54 build/FreeRTOS_IP.o
                0x0000000008009b78                pxDuplicateNetworkBufferWithDescriptor
 .text.pxPacketBuffer_to_NetworkBuffer
                0x0000000008009bcc       0x44 build/FreeRTOS_IP.o
                0x0000000008009bcc                pxPacketBuffer_to_NetworkBuffer
 .text.pxUDPPayloadBuffer_to_NetworkBuffer
                0x0000000008009c10       0x44 build/FreeRTOS_IP.o
                0x0000000008009c10                pxUDPPayloadBuffer_to_NetworkBuffer
 .text.FreeRTOS_ReleaseUDPPayloadBuffer
                0x0000000008009c54       0x1c build/FreeRTOS_IP.o
                0x0000000008009c54                FreeRTOS_ReleaseUDPPayloadBuffer
 .text.FreeRTOS_IPInit
                0x0000000008009c70      0x1dc build/FreeRTOS_IP.o
                0x0000000008009c70                FreeRTOS_IPInit
 .text.FreeRTOS_GetAddressConfiguration
                0x0000000008009e4c       0x58 build/FreeRTOS_IP.o
                0x0000000008009e4c                FreeRTOS_GetAddressConfiguration
 .text.xSendEventToIPTask
                0x0000000008009ea4       0x2c build/FreeRTOS_IP.o
                0x0000000008009ea4                xSendEventToIPTask
 .text.xSendEventStructToIPTask
                0x0000000008009ed0       0x94 build/FreeRTOS_IP.o
                0x0000000008009ed0                xSendEventStructToIPTask
 .text.prvProcessNetworkDownEvent
                0x0000000008009f64       0x50 build/FreeRTOS_IP.o
 .text.vIPNetworkUpCalls
                0x0000000008009fb4       0x28 build/FreeRTOS_IP.o
                0x0000000008009fb4                vIPNetworkUpCalls
 .text.prvProcessEthernetPacket
                0x0000000008009fdc       0x98 build/FreeRTOS_IP.o
 .text.prvAllowIPPacket
                0x000000000800a074       0x94 build/FreeRTOS_IP.o
 .text.prvProcessIPPacket
                0x000000000800a108      0x154 build/FreeRTOS_IP.o
 .text.prvProcessICMPEchoReply
                0x000000000800a25c       0x80 build/FreeRTOS_IP.o
 .text.prvProcessICMPEchoRequest
                0x000000000800a2dc       0xb0 build/FreeRTOS_IP.o
 .text.prvProcessICMPPacket
                0x000000000800a38c       0x3c build/FreeRTOS_IP.o
 .text.vReturnEthernetFrame
                0x000000000800a3c8       0x64 build/FreeRTOS_IP.o
                0x000000000800a3c8                vReturnEthernetFrame
 .text.FreeRTOS_GetIPAddress
                0x000000000800a42c       0x18 build/FreeRTOS_IP.o
                0x000000000800a42c                FreeRTOS_GetIPAddress
 .text.vIPSetDHCPTimerEnableState
                0x000000000800a444       0x34 build/FreeRTOS_IP.o
                0x000000000800a444                vIPSetDHCPTimerEnableState
 .text.vIPReloadDHCPTimer
                0x000000000800a478       0x1c build/FreeRTOS_IP.o
                0x000000000800a478                vIPReloadDHCPTimer
 .text.vIPSetDnsTimerEnableState
                0x000000000800a494       0x34 build/FreeRTOS_IP.o
                0x000000000800a494                vIPSetDnsTimerEnableState
 .text.xIPIsNetworkTaskReady
                0x000000000800a4c8       0x18 build/FreeRTOS_IP.o
                0x000000000800a4c8                xIPIsNetworkTaskReady
 .text.eARPProcessPacket
                0x000000000800a4e0      0x100 build/FreeRTOS_ARP.o
                0x000000000800a4e0                eARPProcessPacket
 .text.vARPRefreshCacheEntry
                0x000000000800a5e0      0x1f4 build/FreeRTOS_ARP.o
                0x000000000800a5e0                vARPRefreshCacheEntry
 .text.eARPGetCacheEntry
                0x000000000800a7d4       0xcc build/FreeRTOS_ARP.o
                0x000000000800a7d4                eARPGetCacheEntry
 .text.prvCacheLookup
                0x000000000800a8a0       0x88 build/FreeRTOS_ARP.o
 .text.vARPAgeCache
                0x000000000800a928      0x11c build/FreeRTOS_ARP.o
                0x000000000800a928                vARPAgeCache
 .text.vARPSendGratuitous
                0x000000000800aa44       0x18 build/FreeRTOS_ARP.o
                0x000000000800aa44                vARPSendGratuitous
 .text.FreeRTOS_OutputARPRequest
                0x000000000800aa5c       0x34 build/FreeRTOS_ARP.o
                0x000000000800aa5c                FreeRTOS_OutputARPRequest
 .text.vARPGenerateRequestPacket
                0x000000000800aa90       0x80 build/FreeRTOS_ARP.o
                0x000000000800aa90                vARPGenerateRequestPacket
 .text.FreeRTOS_max_uint32
                0x000000000800ab10       0x20 build/FreeRTOS_Sockets.o
 .text.FreeRTOS_round_up
                0x000000000800ab30       0x2c build/FreeRTOS_Sockets.o
 .text.uxStreamBufferSpace
                0x000000000800ab5c       0x40 build/FreeRTOS_Sockets.o
 .text.uxStreamBufferDistance
                0x000000000800ab9c       0x3c build/FreeRTOS_Sockets.o
 .text.uxStreamBufferGetSpace
                0x000000000800abd8       0x28 build/FreeRTOS_Sockets.o
 .text.uxStreamBufferFrontSpace
                0x000000000800ac00       0x28 build/FreeRTOS_Sockets.o
 .text.uxStreamBufferGetSize
                0x000000000800ac28       0x28 build/FreeRTOS_Sockets.o
 .text.prvValidSocket
                0x000000000800ac50       0x58 build/FreeRTOS_Sockets.o
 .text.vNetworkSocketsInit
                0x000000000800aca8       0x88 build/FreeRTOS_Sockets.o
                0x000000000800aca8                vNetworkSocketsInit
 .text.prvDetermineSocketSize
                0x000000000800ad30       0xc0 build/FreeRTOS_Sockets.o
 .text.FreeRTOS_socket
                0x000000000800adf0      0x134 build/FreeRTOS_Sockets.o
                0x000000000800adf0                FreeRTOS_socket
 .text.FreeRTOS_recvfrom
                0x000000000800af24      0x19c build/FreeRTOS_Sockets.o
                0x000000000800af24                FreeRTOS_recvfrom
 .text.FreeRTOS_sendto
                0x000000000800b0c0      0x13c build/FreeRTOS_Sockets.o
                0x000000000800b0c0                FreeRTOS_sendto
 .text.FreeRTOS_bind
                0x000000000800b1fc       0xc0 build/FreeRTOS_Sockets.o
                0x000000000800b1fc                FreeRTOS_bind
 .text.vSocketBind
                0x000000000800b2bc      0x120 build/FreeRTOS_Sockets.o
                0x000000000800b2bc                vSocketBind
 .text.FreeRTOS_closesocket
                0x000000000800b3dc       0x4c build/FreeRTOS_Sockets.o
                0x000000000800b3dc                FreeRTOS_closesocket
 .text.vSocketClose
                0x000000000800b428       0xc0 build/FreeRTOS_Sockets.o
                0x000000000800b428                vSocketClose
 .text.prvTCPSetSocketCount
                0x000000000800b4e8       0x6c build/FreeRTOS_Sockets.o
 .text.FreeRTOS_setsockopt
                0x000000000800b554      0x334 build/FreeRTOS_Sockets.o
                0x000000000800b554                FreeRTOS_setsockopt
 .text.prvGetPrivatePortNumber
                0x000000000800b888       0x9c build/FreeRTOS_Sockets.o
 .text.pxListFindListItemWithValue
                0x000000000800b924       0x54 build/FreeRTOS_Sockets.o
 .text.pxUDPSocketLookup
                0x000000000800b978       0x4c build/FreeRTOS_Sockets.o
                0x000000000800b978                pxUDPSocketLookup
 .text.vSocketWakeUpUser
                0x000000000800b9c4       0x74 build/FreeRTOS_Sockets.o
                0x000000000800b9c4                vSocketWakeUpUser
 .text.xTCPTimerCheck
                0x000000000800ba38       0xe4 build/FreeRTOS_Sockets.o
                0x000000000800ba38                xTCPTimerCheck
 .text.pxTCPSocketLookup
                0x000000000800bb1c       0x8c build/FreeRTOS_Sockets.o
                0x000000000800bb1c                pxTCPSocketLookup
 .text.prvTCPCreateStream
                0x000000000800bba8       0xbc build/FreeRTOS_Sockets.o
 .text.lTCPAddRxdata
                0x000000000800bc64       0xc4 build/FreeRTOS_Sockets.o
                0x000000000800bc64                lTCPAddRxdata
 .text.FreeRTOS_tx_space
                0x000000000800bd28       0x48 build/FreeRTOS_Sockets.o
                0x000000000800bd28                FreeRTOS_tx_space
 .text.FreeRTOS_tx_size
                0x000000000800bd70       0x44 build/FreeRTOS_Sockets.o
                0x000000000800bd70                FreeRTOS_tx_size
 .text.FreeRTOS_rx_size
                0x000000000800bdb4       0x44 build/FreeRTOS_Sockets.o
                0x000000000800bdb4                FreeRTOS_rx_size
 .text.vTCPNetStat
                0x000000000800bdf8      0x194 build/FreeRTOS_Sockets.o
                0x000000000800bdf8                vTCPNetStat
 .text.vSocketSelect
                0x000000000800bf8c      0x214 build/FreeRTOS_Sockets.o
                0x000000000800bf8c                vSocketSelect
 .text.FreeRTOS_SignalSocket
                0x000000000800c1a0       0x6c build/FreeRTOS_Sockets.o
                0x000000000800c1a0                FreeRTOS_SignalSocket
 .text.vProcessGeneratedUDPPacket
                0x000000000800c20c      0x164 build/FreeRTOS_UDP_IP.o
                0x000000000800c20c                vProcessGeneratedUDPPacket
 .text.xProcessReceivedUDPPacket
                0x000000000800c370      0x130 build/FreeRTOS_UDP_IP.o
                0x000000000800c370                xProcessReceivedUDPPacket
 .text.xIsDHCPSocket
                0x000000000800c4a0       0x30 build/FreeRTOS_DHCP.o
                0x000000000800c4a0                xIsDHCPSocket
 .text.vDHCPProcess
                0x000000000800c4d0      0x250 build/FreeRTOS_DHCP.o
                0x000000000800c4d0                vDHCPProcess
 .text.prvCreateDHCPSocket
                0x000000000800c720       0x9c build/FreeRTOS_DHCP.o
 .text.prvInitialiseDHCP
                0x000000000800c7bc       0x4c build/FreeRTOS_DHCP.o
 .text.prvProcessDHCPReplies
                0x000000000800c808      0x33c build/FreeRTOS_DHCP.o
 .text.prvCreatePartDHCPMessage
                0x000000000800cb44      0x170 build/FreeRTOS_DHCP.o
 .text.prvSendDHCPRequest
                0x000000000800ccb4       0x78 build/FreeRTOS_DHCP.o
 .text.prvSendDHCPDiscover
                0x000000000800cd2c       0x50 build/FreeRTOS_DHCP.o
 .text.FreeRTOS_max_int32
                0x000000000800cd7c       0x20 build/FreeRTOS_TCP_IP.o
 .text.FreeRTOS_min_int32
                0x000000000800cd9c       0x20 build/FreeRTOS_TCP_IP.o
 .text.FreeRTOS_min_uint32
                0x000000000800cdbc       0x20 build/FreeRTOS_TCP_IP.o
 .text.uxStreamBufferSpace
                0x000000000800cddc       0x40 build/FreeRTOS_TCP_IP.o
 .text.uxStreamBufferDistance
                0x000000000800ce1c       0x3c build/FreeRTOS_TCP_IP.o
 .text.uxStreamBufferGetSpace
                0x000000000800ce58       0x28 build/FreeRTOS_TCP_IP.o
 .text.uxStreamBufferFrontSpace
                0x000000000800ce80       0x28 build/FreeRTOS_TCP_IP.o
 .text.uxStreamBufferMidSpace
                0x000000000800cea8       0x28 build/FreeRTOS_TCP_IP.o
 .text.vStreamBufferMoveMid
                0x000000000800ced0       0x4c build/FreeRTOS_TCP_IP.o
 .text.ulChar2u32
                0x000000000800cf1c       0x38 build/FreeRTOS_TCP_IP.o
 .text.usChar2u16
                0x000000000800cf54       0x2c build/FreeRTOS_TCP_IP.o
 .text.prvTCPSocketIsActive
                0x000000000800cf80       0x58 build/FreeRTOS_TCP_IP.o
 .text.prvTCPStatusAgeCheck
                0x000000000800cfd8       0xac build/FreeRTOS_TCP_IP.o
 .text.xTCPSocketCheck
                0x000000000800d084       0xcc build/FreeRTOS_TCP_IP.o
                0x000000000800d084                xTCPSocketCheck
 .text.prvTCPSendPacket
                0x000000000800d150       0xb8 build/FreeRTOS_TCP_IP.o
 .text.prvTCPSendRepeated
                0x000000000800d208       0x64 build/FreeRTOS_TCP_IP.o
 .text.prvTCPReturnPacket
                0x000000000800d26c      0x370 build/FreeRTOS_TCP_IP.o
 .text.prvTCPCreateWindow
                0x000000000800d5dc       0x50 build/FreeRTOS_TCP_IP.o
 .text.prvTCPPrepareConnect
                0x000000000800d62c      0x1bc build/FreeRTOS_TCP_IP.o
 .text.prvCheckOptions
                0x000000000800d7e8      0x1dc build/FreeRTOS_TCP_IP.o
 .text.prvWinScaleFactor
                0x000000000800d9c4       0x44 build/FreeRTOS_TCP_IP.o
 .text.prvSetSynAckOptions
                0x000000000800da08       0xa8 build/FreeRTOS_TCP_IP.o
 .text.prvTCPTouchSocket
                0x000000000800dab0       0x48 build/FreeRTOS_TCP_IP.o
 .text.vTCPStateChange
                0x000000000800daf8      0x1b4 build/FreeRTOS_TCP_IP.o
                0x000000000800daf8                vTCPStateChange
 .text.prvTCPBufferResize
                0x000000000800dcac       0xc8 build/FreeRTOS_TCP_IP.o
 .text.prvTCPPrepareSend
                0x000000000800dd74      0x2dc build/FreeRTOS_TCP_IP.o
 .text.prvTCPNextTimeout
                0x000000000800e050      0x100 build/FreeRTOS_TCP_IP.o
 .text.prvTCPAddTxData
                0x000000000800e150       0x58 build/FreeRTOS_TCP_IP.o
 .text.prvTCPHandleFin
                0x000000000800e1a8      0x14c build/FreeRTOS_TCP_IP.o
 .text.prvCheckRxData
                0x000000000800e2f4       0xd4 build/FreeRTOS_TCP_IP.o
 .text.prvStoreRxData
                0x000000000800e3c8       0xe8 build/FreeRTOS_TCP_IP.o
 .text.prvSetOptions
                0x000000000800e4b0       0xc0 build/FreeRTOS_TCP_IP.o
 .text.prvHandleSynReceived
                0x000000000800e570      0x184 build/FreeRTOS_TCP_IP.o
 .text.prvHandleEstablished
                0x000000000800e6f4      0x230 build/FreeRTOS_TCP_IP.o
 .text.prvSendData
                0x000000000800e924      0x184 build/FreeRTOS_TCP_IP.o
 .text.prvTCPHandleState
                0x000000000800eaa8      0x224 build/FreeRTOS_TCP_IP.o
 .text.prvTCPSendReset
                0x000000000800eccc       0x3c build/FreeRTOS_TCP_IP.o
 .text.prvSocketSetMSS
                0x000000000800ed08       0x74 build/FreeRTOS_TCP_IP.o
 .text.xProcessReceivedTCPPacket
                0x000000000800ed7c      0x238 build/FreeRTOS_TCP_IP.o
                0x000000000800ed7c                xProcessReceivedTCPPacket
 .text.prvHandleListen
                0x000000000800efb4      0x1a0 build/FreeRTOS_TCP_IP.o
 .text.prvTCPSocketCopy
                0x000000000800f154       0xec build/FreeRTOS_TCP_IP.o
 .text.FreeRTOS_GetTCPStateName
                0x000000000800f240       0x2c build/FreeRTOS_TCP_IP.o
                0x000000000800f240                FreeRTOS_GetTCPStateName
 .text.xTCPCheckNewClient
                0x000000000800f26c       0x88 build/FreeRTOS_TCP_IP.o
                0x000000000800f26c                xTCPCheckNewClient
 .text.FreeRTOS_min_int32
                0x000000000800f2f4       0x20 build/FreeRTOS_TCP_WIN.o
 .text.FreeRTOS_min_uint32
                0x000000000800f314       0x20 build/FreeRTOS_TCP_WIN.o
 .text.xSequenceLessThanOrEqual
                0x000000000800f334       0x24 build/FreeRTOS_TCP_WIN.o
 .text.xSequenceLessThan
                0x000000000800f358       0x24 build/FreeRTOS_TCP_WIN.o
 .text.xSequenceGreaterThan
                0x000000000800f37c       0x24 build/FreeRTOS_TCP_WIN.o
 .text.xSequenceGreaterThanOrEqual
                0x000000000800f3a0       0x24 build/FreeRTOS_TCP_WIN.o
 .text.vListInsertFifo
                0x000000000800f3c4       0x20 build/FreeRTOS_TCP_WIN.o
 .text.vTCPTimerSet
                0x000000000800f3e4       0x18 build/FreeRTOS_TCP_WIN.o
 .text.ulTimerGetAge
                0x000000000800f3fc       0x1c build/FreeRTOS_TCP_WIN.o
 .text.vListInsertGeneric
                0x000000000800f418       0x44 build/FreeRTOS_TCP_WIN.o
                0x000000000800f418                vListInsertGeneric
 .text.prvCreateSectors
                0x000000000800f45c       0xa0 build/FreeRTOS_TCP_WIN.o
 .text.xTCPWindowRxFind
                0x000000000800f4fc       0x50 build/FreeRTOS_TCP_WIN.o
 .text.xTCPWindowNew
                0x000000000800f54c       0xcc build/FreeRTOS_TCP_WIN.o
 .text.xTCPWindowRxEmpty
                0x000000000800f618       0x44 build/FreeRTOS_TCP_WIN.o
                0x000000000800f618                xTCPWindowRxEmpty
 .text.xTCPWindowGetHead
                0x000000000800f65c       0x3c build/FreeRTOS_TCP_WIN.o
 .text.xTCPWindowPeekHead
                0x000000000800f698       0x3c build/FreeRTOS_TCP_WIN.o
 .text.vTCPWindowFree
                0x000000000800f6d4       0x54 build/FreeRTOS_TCP_WIN.o
 .text.vTCPWindowDestroy
                0x000000000800f728       0x60 build/FreeRTOS_TCP_WIN.o
                0x000000000800f728                vTCPWindowDestroy
 .text.vTCPWindowCreate
                0x000000000800f788       0x70 build/FreeRTOS_TCP_WIN.o
                0x000000000800f788                vTCPWindowCreate
 .text.vTCPWindowInit
                0x000000000800f7f8       0xb4 build/FreeRTOS_TCP_WIN.o
                0x000000000800f7f8                vTCPWindowInit
 .text.xTCPWindowRxConfirm
                0x000000000800f8ac       0x98 build/FreeRTOS_TCP_WIN.o
 .text.lTCPWindowRxCheck
                0x000000000800f944      0x1c0 build/FreeRTOS_TCP_WIN.o
                0x000000000800f944                lTCPWindowRxCheck
 .text.lTCPIncrementTxPosition
                0x000000000800fb04       0x34 build/FreeRTOS_TCP_WIN.o
 .text.lTCPWindowTxAdd
                0x000000000800fb38      0x164 build/FreeRTOS_TCP_WIN.o
                0x000000000800fb38                lTCPWindowTxAdd
 .text.xTCPWindowTxDone
                0x000000000800fc9c       0x24 build/FreeRTOS_TCP_WIN.o
                0x000000000800fc9c                xTCPWindowTxDone
 .text.prvTCPWindowTxHasSpace
                0x000000000800fcc0       0x8c build/FreeRTOS_TCP_WIN.o
 .text.xTCPWindowTxHasData
                0x000000000800fd4c       0xc0 build/FreeRTOS_TCP_WIN.o
                0x000000000800fd4c                xTCPWindowTxHasData
 .text.ulTCPWindowTxGet
                0x000000000800fe0c      0x1a8 build/FreeRTOS_TCP_WIN.o
                0x000000000800fe0c                ulTCPWindowTxGet
 .text.prvTCPWindowTxCheckAck
                0x000000000800ffb4      0x184 build/FreeRTOS_TCP_WIN.o
 .text.prvTCPWindowFastRetransmit
                0x0000000008010138       0xac build/FreeRTOS_TCP_WIN.o
 .text.ulTCPWindowTxAck
                0x00000000080101e4       0x3c build/FreeRTOS_TCP_WIN.o
                0x00000000080101e4                ulTCPWindowTxAck
 .text.ulTCPWindowTxSack
                0x0000000008010220       0x48 build/FreeRTOS_TCP_WIN.o
                0x0000000008010220                ulTCPWindowTxSack
 .text.FreeRTOS_min_uint32
                0x0000000008010268       0x20 build/FreeRTOS_Stream_Buffer.o
 .text.uxStreamBufferSpace
                0x0000000008010288       0x40 build/FreeRTOS_Stream_Buffer.o
 .text.uxStreamBufferDistance
                0x00000000080102c8       0x3c build/FreeRTOS_Stream_Buffer.o
 .text.uxStreamBufferGetSpace
                0x0000000008010304       0x28 build/FreeRTOS_Stream_Buffer.o
 .text.uxStreamBufferGetSize
                0x000000000801032c       0x28 build/FreeRTOS_Stream_Buffer.o
 .text.xStreamBufferLessThenEqual
                0x0000000008010354       0x6c build/FreeRTOS_Stream_Buffer.o
 .text.uxStreamBufferAdd
                0x00000000080103c0       0xfc build/FreeRTOS_Stream_Buffer.o
                0x00000000080103c0                uxStreamBufferAdd
 .text.uxStreamBufferGet
                0x00000000080104bc       0xe8 build/FreeRTOS_Stream_Buffer.o
                0x00000000080104bc                uxStreamBufferGet
 .text.usChar2u16
                0x00000000080105a4       0x2c build/FreeRTOS_DNS.o
 .text.vDNSInitialise
                0x00000000080105d0       0x10 build/FreeRTOS_DNS.o
                0x00000000080105d0                vDNSInitialise
 .text.vDNSCheckCallBack
                0x00000000080105e0       0xac build/FreeRTOS_DNS.o
                0x00000000080105e0                vDNSCheckCallBack
 .text.vDNSDoCallback
                0x000000000801068c       0x80 build/FreeRTOS_DNS.o
 .text.prvReadNameField
                0x000000000801070c       0x9c build/FreeRTOS_DNS.o
 .text.prvSkipNameField
                0x00000000080107a8       0x48 build/FreeRTOS_DNS.o
 .text.ulDNSHandlePacket
                0x00000000080107f0       0x2c build/FreeRTOS_DNS.o
                0x00000000080107f0                ulDNSHandlePacket
 .text.prvParseDNSReply
                0x000000000801081c      0x4c0 build/FreeRTOS_DNS.o
 .text.prvReplyDNSMessage
                0x0000000008010cdc       0xd4 build/FreeRTOS_DNS.o
 .text.prvProcessDNSCache
                0x0000000008010db0      0x100 build/FreeRTOS_DNS.o
 .text.uxStreamBufferSpace
                0x0000000008010eb0       0x40 build/UDPLoggingPrintf.o
 .text.uxStreamBufferDistance
                0x0000000008010ef0       0x3c build/UDPLoggingPrintf.o
 .text.uxStreamBufferGetSpace
                0x0000000008010f2c       0x28 build/UDPLoggingPrintf.o
 .text.uxStreamBufferGetSize
                0x0000000008010f54       0x28 build/UDPLoggingPrintf.o
 .text.prvInitialiseLogging
                0x0000000008010f7c       0x64 build/UDPLoggingPrintf.o
 .text.prvGetMessageFromStreamBuffer
                0x0000000008010fe0       0xb4 build/UDPLoggingPrintf.o
 .text.prvBufferFormattedString
                0x0000000008011094      0x158 build/UDPLoggingPrintf.o
 .text.lUDPLoggingPrintf
                0x00000000080111ec       0x38 build/UDPLoggingPrintf.o
                0x00000000080111ec                lUDPLoggingPrintf
 .text.vUDPLoggingTaskCreate
                0x0000000008011224       0x2c build/UDPLoggingPrintf.o
                0x0000000008011224                vUDPLoggingTaskCreate
 .text.prvLoggingTask
                0x0000000008011250      0x180 build/UDPLoggingPrintf.o
 .text.SCB_EnableICache
                0x00000000080113d0       0x34 build/main.o
 .text.SCB_EnableDCache
                0x0000000008011404       0x84 build/main.o
 .text.blink_task
                0x0000000008011488       0x18 build/main.o
 .text.main     0x00000000080114a0       0x98 build/main.o
                0x00000000080114a0                main
 .text.prvMiscInitialisation
                0x0000000008011538       0x10 build/main.o
 .text.vApplicationIdleHook
                0x0000000008011548       0x48 build/main.o
                0x0000000008011548                vApplicationIdleHook
 .text.vApplicationIPNetworkEventHook
                0x0000000008011590      0x134 build/main.o
                0x0000000008011590                vApplicationIPNetworkEventHook
 .text.vApplicationMallocFailedHook
                0x00000000080116c4       0x1c build/main.o
                0x00000000080116c4                vApplicationMallocFailedHook
 .text.vApplicationStackOverflowHook
                0x00000000080116e0       0x20 build/main.o
                0x00000000080116e0                vApplicationStackOverflowHook
 .text.uxRand   0x0000000008011700       0x7c build/main.o
                0x0000000008011700                uxRand
 .text.prvSRand
                0x000000000801177c       0x1c build/main.o
 .text.vApplicationPingReplyHook
                0x0000000008011798       0x1c build/main.o
                0x0000000008011798                vApplicationPingReplyHook
 .text.prvInitialiseHeap
                0x00000000080117b4       0x50 build/main.o
 .text.pcApplicationHostnameHook
                0x0000000008011804       0x14 build/main.o
                0x0000000008011804                pcApplicationHostnameHook
 .text.xApplicationDNSQueryHook
                0x0000000008011818       0x48 build/main.o
                0x0000000008011818                xApplicationDNSQueryHook
 .text.xGetRunTimeCounterValue
                0x0000000008011860       0x20 build/main.o
                0x0000000008011860                xGetRunTimeCounterValue
 .text.vApplicationTickHook
                0x0000000008011880        0xc build/main.o
                0x0000000008011880                vApplicationTickHook
 .text.HAL_ETH_MspInit
                0x000000000801188c      0x100 build/main.o
                0x000000000801188c                HAL_ETH_MspInit
 .text.BSP_Config_task
                0x000000000801198c       0x74 build/main.o
 .text.SystemClock_Config
                0x0000000008011a00      0x130 build/main.o
 .text.MX_RTC_Init
                0x0000000008011b30       0x48 build/main.o
 .text.MX_FMC_Init
                0x0000000008011b78       0x88 build/main.o
 .text.MX_GPIO_Init
                0x0000000008011c00      0x7b4 build/main.o
 .text.HAL_TIM_PeriodElapsedCallback
                0x00000000080123b4       0x20 build/main.o
                0x00000000080123b4                HAL_TIM_PeriodElapsedCallback
 .text.Error_Handler
                0x00000000080123d4        0x8 build/main.o
                0x00000000080123d4                Error_Handler
 .text.CPU_CACHE_Enable
                0x00000000080123dc       0x10 build/main.o
 .text.TIM2_IRQHandler
                0x00000000080123ec       0x44 build/hr_gettime.o
                0x00000000080123ec                TIM2_IRQHandler
 .text.vStartHighResolutionTimer
                0x0000000008012430       0x8c build/hr_gettime.o
                0x0000000008012430                vStartHighResolutionTimer
 .text.ullGetHighResolutionTime
                0x00000000080124bc       0xd0 build/hr_gettime.o
                0x00000000080124bc                ullGetHighResolutionTime
 .text.HAL_MspInit
                0x000000000801258c       0x60 build/stm32f7xx_hal_msp.o
                0x000000000801258c                HAL_MspInit
 .text.HAL_RTC_MspInit
                0x00000000080125ec       0x30 build/stm32f7xx_hal_msp.o
                0x00000000080125ec                HAL_RTC_MspInit
 .text.HAL_RNG_MspInit
                0x000000000801261c       0x54 build/stm32f7xx_hal_msp.o
                0x000000000801261c                HAL_RNG_MspInit
 .text.HAL_InitTick
                0x0000000008012670       0xb0 build/stm32f7xx_hal_timebase_tim.o
                0x0000000008012670                HAL_InitTick
 .text.NMI_Handler
                0x0000000008012720        0xc build/stm32f7xx_it.o
                0x0000000008012720                NMI_Handler
 .text.HardFault_Handler
                0x000000000801272c       0x24 build/stm32f7xx_it.o
                0x000000000801272c                HardFault_Handler
 .text.prvGetRegistersFromStack
                0x0000000008012750       0x3c build/stm32f7xx_it.o
                0x0000000008012750                prvGetRegistersFromStack
 .text.MemManage_Handler
                0x000000000801278c        0x8 build/stm32f7xx_it.o
                0x000000000801278c                MemManage_Handler
 .text.BusFault_Handler
                0x0000000008012794        0x8 build/stm32f7xx_it.o
                0x0000000008012794                BusFault_Handler
 .text.UsageFault_Handler
                0x000000000801279c        0x8 build/stm32f7xx_it.o
                0x000000000801279c                UsageFault_Handler
 .text.DebugMon_Handler
                0x00000000080127a4        0xc build/stm32f7xx_it.o
                0x00000000080127a4                DebugMon_Handler
 .text.SysTick_Handler
                0x00000000080127b0       0x18 build/stm32f7xx_it.o
                0x00000000080127b0                SysTick_Handler
 .text.TIM8_UP_TIM13_IRQHandler
                0x00000000080127c8       0x10 build/stm32f7xx_it.o
                0x00000000080127c8                TIM8_UP_TIM13_IRQHandler
 .text.SystemInit
                0x00000000080127d8       0x6c build/system_stm32f7xx.o
                0x00000000080127d8                SystemInit
 .text._cbSendSystemDesc
                0x0000000008012844       0x1c build/SEGGER_SYSVIEW_Config_FreeRTOS.o
 .text.SEGGER_SYSVIEW_Conf
                0x0000000008012860       0x30 build/SEGGER_SYSVIEW_Config_FreeRTOS.o
                0x0000000008012860                SEGGER_SYSVIEW_Conf
 .text._sbrk    0x0000000008012890       0x6c build/syscalls.o
                0x0000000008012890                _sbrk
 .text._write   0x00000000080128fc       0x38 build/syscalls.o
                0x00000000080128fc                _write
 .text._close   0x0000000008012934       0x18 build/syscalls.o
                0x0000000008012934                _close
 .text._fstat   0x000000000801294c       0x20 build/syscalls.o
                0x000000000801294c                _fstat
 .text._isatty  0x000000000801296c       0x18 build/syscalls.o
                0x000000000801296c                _isatty
 .text._lseek   0x0000000008012984       0x1c build/syscalls.o
                0x0000000008012984                _lseek
 .text._read    0x00000000080129a0       0x3c build/syscalls.o
                0x00000000080129a0                _read
 .text.OTM8009A_Init
                0x00000000080129dc      0x494 build/otm8009a.o
                0x00000000080129dc                OTM8009A_Init
 .text.BSP_LED_Init
                0x0000000008012e70       0x60 build/stm32f769i_discovery.o
                0x0000000008012e70                BSP_LED_Init
 .text.BSP_LED_Toggle
                0x0000000008012ed0       0x34 build/stm32f769i_discovery.o
                0x0000000008012ed0                BSP_LED_Toggle
 .text.OTM8009A_IO_Delay
                0x0000000008012f04       0x14 build/stm32f769i_discovery.o
                0x0000000008012f04                OTM8009A_IO_Delay
 .text.BSP_LCD_Init
                0x0000000008012f18       0x10 build/stm32f769i_discovery_lcd.o
                0x0000000008012f18                BSP_LCD_Init
 .text.BSP_LCD_InitEx
                0x0000000008012f28      0x288 build/stm32f769i_discovery_lcd.o
                0x0000000008012f28                BSP_LCD_InitEx
 .text.BSP_LCD_Reset
                0x00000000080131b0       0x6c build/stm32f769i_discovery_lcd.o
                0x00000000080131b0                BSP_LCD_Reset
 .text.BSP_LCD_GetXSize
                0x000000000801321c       0x18 build/stm32f769i_discovery_lcd.o
                0x000000000801321c                BSP_LCD_GetXSize
 .text.BSP_LCD_GetYSize
                0x0000000008013234       0x18 build/stm32f769i_discovery_lcd.o
                0x0000000008013234                BSP_LCD_GetYSize
 .text.BSP_LCD_LayerDefaultInit
                0x000000000801324c       0xc0 build/stm32f769i_discovery_lcd.o
                0x000000000801324c                BSP_LCD_LayerDefaultInit
 .text.BSP_LCD_SelectLayer
                0x000000000801330c       0x1c build/stm32f769i_discovery_lcd.o
                0x000000000801330c                BSP_LCD_SelectLayer
 .text.BSP_LCD_SetTextColor
                0x0000000008013328       0x30 build/stm32f769i_discovery_lcd.o
                0x0000000008013328                BSP_LCD_SetTextColor
 .text.BSP_LCD_SetBackColor
                0x0000000008013358       0x30 build/stm32f769i_discovery_lcd.o
                0x0000000008013358                BSP_LCD_SetBackColor
 .text.BSP_LCD_SetFont
                0x0000000008013388       0x30 build/stm32f769i_discovery_lcd.o
                0x0000000008013388                BSP_LCD_SetFont
 .text.BSP_LCD_GetFont
                0x00000000080133b8       0x2c build/stm32f769i_discovery_lcd.o
                0x00000000080133b8                BSP_LCD_GetFont
 .text.BSP_LCD_Clear
                0x00000000080133e4       0x54 build/stm32f769i_discovery_lcd.o
                0x00000000080133e4                BSP_LCD_Clear
 .text.BSP_LCD_DisplayChar
                0x0000000008013438       0x8c build/stm32f769i_discovery_lcd.o
                0x0000000008013438                BSP_LCD_DisplayChar
 .text.BSP_LCD_DisplayStringAt
                0x00000000080134c4      0x188 build/stm32f769i_discovery_lcd.o
                0x00000000080134c4                BSP_LCD_DisplayStringAt
 .text.BSP_LCD_DisplayStringAtLine
                0x000000000801364c       0x30 build/stm32f769i_discovery_lcd.o
                0x000000000801364c                BSP_LCD_DisplayStringAtLine
 .text.BSP_LCD_FillRect
                0x000000000801367c       0xb0 build/stm32f769i_discovery_lcd.o
                0x000000000801367c                BSP_LCD_FillRect
 .text.DSI_IO_WriteCmd
                0x000000000801372c       0x50 build/stm32f769i_discovery_lcd.o
                0x000000000801372c                DSI_IO_WriteCmd
 .text.LCD_IO_GetID
                0x000000000801377c       0x10 build/stm32f769i_discovery_lcd.o
 .text.BSP_LCD_MspInit
                0x000000000801378c       0xd0 build/stm32f769i_discovery_lcd.o
                0x000000000801378c                BSP_LCD_MspInit
 .text.BSP_LCD_DrawPixel
                0x000000000801385c       0x4c build/stm32f769i_discovery_lcd.o
                0x000000000801385c                BSP_LCD_DrawPixel
 .text.DrawChar
                0x00000000080138a8      0x170 build/stm32f769i_discovery_lcd.o
 .text.LL_FillBuffer
                0x0000000008013a18       0x70 build/stm32f769i_discovery_lcd.o
 .text.BSP_SDRAM_Init
                0x0000000008013a88       0xbc build/stm32f769i_discovery_sdram.o
                0x0000000008013a88                BSP_SDRAM_Init
 .text.BSP_SDRAM_Initialization_sequence
                0x0000000008013b44       0xc0 build/stm32f769i_discovery_sdram.o
                0x0000000008013b44                BSP_SDRAM_Initialization_sequence
 .text.BSP_SDRAM_MspInit
                0x0000000008013c04      0x1f0 build/stm32f769i_discovery_sdram.o
                0x0000000008013c04                BSP_SDRAM_MspInit
 .text._DoInit  0x0000000008013df4       0xa4 build/SEGGER_RTT.o
 .text.SEGGER_RTT_ReadNoLock
                0x0000000008013e98      0x104 build/SEGGER_RTT.o
                0x0000000008013e98                SEGGER_RTT_ReadNoLock
 .text.SEGGER_RTT_WriteSkipNoLock
                0x0000000008013f9c      0x13c build/SEGGER_RTT.o
                0x0000000008013f9c                SEGGER_RTT_WriteSkipNoLock
 .text.SEGGER_RTT_ConfigUpBuffer
                0x00000000080140d8       0xd4 build/SEGGER_RTT.o
                0x00000000080140d8                SEGGER_RTT_ConfigUpBuffer
 .text.SEGGER_RTT_ConfigDownBuffer
                0x00000000080141ac       0xd4 build/SEGGER_RTT.o
                0x00000000080141ac                SEGGER_RTT_ConfigDownBuffer
 .text._EncodeStr
                0x0000000008014280       0x9c build/SEGGER_SYSVIEW.o
 .text._PreparePacket
                0x000000000801431c       0x18 build/SEGGER_SYSVIEW.o
 .text._HandleIncomingPacket
                0x0000000008014334       0xb0 build/SEGGER_SYSVIEW.o
 .text._TrySendOverflowPacket
                0x00000000080143e4       0xe0 build/SEGGER_SYSVIEW.o
 .text._SendPacket
                0x00000000080144c4      0x194 build/SEGGER_SYSVIEW.o
 .text.SEGGER_SYSVIEW_Init
                0x0000000008014658       0x78 build/SEGGER_SYSVIEW.o
                0x0000000008014658                SEGGER_SYSVIEW_Init
 .text.SEGGER_SYSVIEW_SetRAMBase
                0x00000000080146d0       0x1c build/SEGGER_SYSVIEW.o
                0x00000000080146d0                SEGGER_SYSVIEW_SetRAMBase
 .text.SEGGER_SYSVIEW_RecordVoid
                0x00000000080146ec       0x38 build/SEGGER_SYSVIEW.o
                0x00000000080146ec                SEGGER_SYSVIEW_RecordVoid
 .text.SEGGER_SYSVIEW_RecordU32
                0x0000000008014724       0x78 build/SEGGER_SYSVIEW.o
                0x0000000008014724                SEGGER_SYSVIEW_RecordU32
 .text.SEGGER_SYSVIEW_RecordU32x2
                0x000000000801479c       0xb0 build/SEGGER_SYSVIEW.o
                0x000000000801479c                SEGGER_SYSVIEW_RecordU32x2
 .text.SEGGER_SYSVIEW_RecordU32x3
                0x000000000801484c       0xec build/SEGGER_SYSVIEW.o
                0x000000000801484c                SEGGER_SYSVIEW_RecordU32x3
 .text.SEGGER_SYSVIEW_Start
                0x0000000008014938      0x178 build/SEGGER_SYSVIEW.o
                0x0000000008014938                SEGGER_SYSVIEW_Start
 .text.SEGGER_SYSVIEW_Stop
                0x0000000008014ab0       0x48 build/SEGGER_SYSVIEW.o
                0x0000000008014ab0                SEGGER_SYSVIEW_Stop
 .text.SEGGER_SYSVIEW_GetSysDesc
                0x0000000008014af8      0x134 build/SEGGER_SYSVIEW.o
                0x0000000008014af8                SEGGER_SYSVIEW_GetSysDesc
 .text.SEGGER_SYSVIEW_SendTaskInfo
                0x0000000008014c2c      0x1c8 build/SEGGER_SYSVIEW.o
                0x0000000008014c2c                SEGGER_SYSVIEW_SendTaskInfo
 .text.SEGGER_SYSVIEW_SendTaskList
                0x0000000008014df4       0x24 build/SEGGER_SYSVIEW.o
                0x0000000008014df4                SEGGER_SYSVIEW_SendTaskList
 .text.SEGGER_SYSVIEW_SendSysDesc
                0x0000000008014e18       0x44 build/SEGGER_SYSVIEW.o
                0x0000000008014e18                SEGGER_SYSVIEW_SendSysDesc
 .text.SEGGER_SYSVIEW_RecordSystime
                0x0000000008014e5c       0x54 build/SEGGER_SYSVIEW.o
                0x0000000008014e5c                SEGGER_SYSVIEW_RecordSystime
 .text.SEGGER_SYSVIEW_RecordEnterISR
                0x0000000008014eb0       0x80 build/SEGGER_SYSVIEW.o
                0x0000000008014eb0                SEGGER_SYSVIEW_RecordEnterISR
 .text.SEGGER_SYSVIEW_RecordExitISR
                0x0000000008014f30       0x38 build/SEGGER_SYSVIEW.o
                0x0000000008014f30                SEGGER_SYSVIEW_RecordExitISR
 .text.SEGGER_SYSVIEW_RecordExitISRToScheduler
                0x0000000008014f68       0x38 build/SEGGER_SYSVIEW.o
                0x0000000008014f68                SEGGER_SYSVIEW_RecordExitISRToScheduler
 .text.SEGGER_SYSVIEW_OnIdle
                0x0000000008014fa0       0x38 build/SEGGER_SYSVIEW.o
                0x0000000008014fa0                SEGGER_SYSVIEW_OnIdle
 .text.SEGGER_SYSVIEW_OnTaskCreate
                0x0000000008014fd8       0x84 build/SEGGER_SYSVIEW.o
                0x0000000008014fd8                SEGGER_SYSVIEW_OnTaskCreate
 .text.SEGGER_SYSVIEW_OnTaskStartExec
                0x000000000801505c       0x84 build/SEGGER_SYSVIEW.o
                0x000000000801505c                SEGGER_SYSVIEW_OnTaskStartExec
 .text.SEGGER_SYSVIEW_OnTaskStartReady
                0x00000000080150e0       0x84 build/SEGGER_SYSVIEW.o
                0x00000000080150e0                SEGGER_SYSVIEW_OnTaskStartReady
 .text.SEGGER_SYSVIEW_OnTaskStopReady
                0x0000000008015164       0xc0 build/SEGGER_SYSVIEW.o
                0x0000000008015164                SEGGER_SYSVIEW_OnTaskStopReady
 .text.SEGGER_SYSVIEW_SendPacket
                0x0000000008015224       0x38 build/SEGGER_SYSVIEW.o
                0x0000000008015224                SEGGER_SYSVIEW_SendPacket
 .text.SEGGER_SYSVIEW_EncodeU32
                0x000000000801525c       0x50 build/SEGGER_SYSVIEW.o
                0x000000000801525c                SEGGER_SYSVIEW_EncodeU32
 .text.SEGGER_SYSVIEW_ShrinkId
                0x00000000080152ac       0x24 build/SEGGER_SYSVIEW.o
                0x00000000080152ac                SEGGER_SYSVIEW_ShrinkId
 .text.SEGGER_SYSVIEW_SendModule
                0x00000000080152d0       0xfc build/SEGGER_SYSVIEW.o
                0x00000000080152d0                SEGGER_SYSVIEW_SendModule
 .text.SEGGER_SYSVIEW_SendModuleDescription
                0x00000000080153cc       0x38 build/SEGGER_SYSVIEW.o
                0x00000000080153cc                SEGGER_SYSVIEW_SendModuleDescription
 .text.SEGGER_SYSVIEW_SendNumModules
                0x0000000008015404       0x78 build/SEGGER_SYSVIEW.o
                0x0000000008015404                SEGGER_SYSVIEW_SendNumModules
 .text.SEGGER_SYSVIEW_Warn
                0x000000000801547c       0xb4 build/SEGGER_SYSVIEW.o
                0x000000000801547c                SEGGER_SYSVIEW_Warn
 .text._cbSendTaskList
                0x0000000008015530       0x8c build/SEGGER_SYSVIEW_FreeRTOS.o
 .text._cbGetTime
                0x00000000080155bc       0x68 build/SEGGER_SYSVIEW_FreeRTOS.o
 .text.SYSVIEW_AddTask
                0x0000000008015624       0xcc build/SEGGER_SYSVIEW_FreeRTOS.o
                0x0000000008015624                SYSVIEW_AddTask
 .text.SYSVIEW_SendTaskInfo
                0x00000000080156f0       0x40 build/SEGGER_SYSVIEW_FreeRTOS.o
                0x00000000080156f0                SYSVIEW_SendTaskInfo
 .text.SYSVIEW_RecordU32x4
                0x0000000008015730       0x54 build/SEGGER_SYSVIEW_FreeRTOS.o
                0x0000000008015730                SYSVIEW_RecordU32x4
 .text.Reset_Handler
                0x0000000008015784       0x50 build/startup_stm32f769xx.o
                0x0000000008015784                Reset_Handler
 .text.Default_Handler
                0x00000000080157d4        0x2 build/startup_stm32f769xx.o
                0x00000000080157d4                RTC_Alarm_IRQHandler
                0x00000000080157d4                EXTI2_IRQHandler
                0x00000000080157d4                TIM8_CC_IRQHandler
                0x00000000080157d4                UART8_IRQHandler
                0x00000000080157d4                SPI4_IRQHandler
                0x00000000080157d4                TIM1_CC_IRQHandler
                0x00000000080157d4                DMA2_Stream5_IRQHandler
                0x00000000080157d4                JPEG_IRQHandler
                0x00000000080157d4                DMA1_Stream5_IRQHandler
                0x00000000080157d4                CAN3_RX1_IRQHandler
                0x00000000080157d4                PVD_IRQHandler
                0x00000000080157d4                TAMP_STAMP_IRQHandler
                0x00000000080157d4                CAN2_RX1_IRQHandler
                0x00000000080157d4                EXTI3_IRQHandler
                0x00000000080157d4                TIM8_TRG_COM_TIM14_IRQHandler
                0x00000000080157d4                DFSDM1_FLT1_IRQHandler
                0x00000000080157d4                TIM1_UP_TIM10_IRQHandler
                0x00000000080157d4                I2C3_ER_IRQHandler
                0x00000000080157d4                DFSDM1_FLT2_IRQHandler
                0x00000000080157d4                EXTI0_IRQHandler
                0x00000000080157d4                I2C2_EV_IRQHandler
                0x00000000080157d4                DMA1_Stream2_IRQHandler
                0x00000000080157d4                CAN1_RX0_IRQHandler
                0x00000000080157d4                FPU_IRQHandler
                0x00000000080157d4                OTG_HS_WKUP_IRQHandler
                0x00000000080157d4                CAN3_SCE_IRQHandler
                0x00000000080157d4                LTDC_ER_IRQHandler
                0x00000000080157d4                CAN2_SCE_IRQHandler
                0x00000000080157d4                DMA2_Stream2_IRQHandler
                0x00000000080157d4                SPI1_IRQHandler
                0x00000000080157d4                TIM6_DAC_IRQHandler
                0x00000000080157d4                TIM1_BRK_TIM9_IRQHandler
                0x00000000080157d4                DCMI_IRQHandler
                0x00000000080157d4                CAN2_RX0_IRQHandler
                0x00000000080157d4                DMA2_Stream3_IRQHandler
                0x00000000080157d4                SAI2_IRQHandler
                0x00000000080157d4                DFSDM1_FLT3_IRQHandler
                0x00000000080157d4                USART6_IRQHandler
                0x00000000080157d4                CAN3_RX0_IRQHandler
                0x00000000080157d4                USART3_IRQHandler
                0x00000000080157d4                CAN1_RX1_IRQHandler
                0x00000000080157d4                UART5_IRQHandler
                0x00000000080157d4                DMA2_Stream0_IRQHandler
                0x00000000080157d4                TIM4_IRQHandler
                0x00000000080157d4                QUADSPI_IRQHandler
                0x00000000080157d4                I2C1_EV_IRQHandler
                0x00000000080157d4                DMA1_Stream6_IRQHandler
                0x00000000080157d4                DMA1_Stream1_IRQHandler
                0x00000000080157d4                UART4_IRQHandler
                0x00000000080157d4                TIM3_IRQHandler
                0x00000000080157d4                RCC_IRQHandler
                0x00000000080157d4                TIM8_BRK_TIM12_IRQHandler
                0x00000000080157d4                Default_Handler
                0x00000000080157d4                CEC_IRQHandler
                0x00000000080157d4                EXTI15_10_IRQHandler
                0x00000000080157d4                ADC_IRQHandler
                0x00000000080157d4                DMA1_Stream7_IRQHandler
                0x00000000080157d4                SPI5_IRQHandler
                0x00000000080157d4                TIM7_IRQHandler
                0x00000000080157d4                SDMMC1_IRQHandler
                0x00000000080157d4                CAN2_TX_IRQHandler
                0x00000000080157d4                TIM5_IRQHandler
                0x00000000080157d4                DMA2_Stream7_IRQHandler
                0x00000000080157d4                I2C3_EV_IRQHandler
                0x00000000080157d4                EXTI9_5_IRQHandler
                0x00000000080157d4                RTC_WKUP_IRQHandler
                0x00000000080157d4                LTDC_IRQHandler
                0x00000000080157d4                ETH_WKUP_IRQHandler
                0x00000000080157d4                SPDIF_RX_IRQHandler
                0x00000000080157d4                SPI2_IRQHandler
                0x00000000080157d4                OTG_HS_EP1_IN_IRQHandler
                0x00000000080157d4                DMA1_Stream0_IRQHandler
                0x00000000080157d4                CAN1_TX_IRQHandler
                0x00000000080157d4                EXTI4_IRQHandler
                0x00000000080157d4                RNG_IRQHandler
                0x00000000080157d4                DSI_IRQHandler
                0x00000000080157d4                OTG_HS_EP1_OUT_IRQHandler
                0x00000000080157d4                WWDG_IRQHandler
                0x00000000080157d4                SPI6_IRQHandler
                0x00000000080157d4                MDIOS_IRQHandler
                0x00000000080157d4                I2C4_EV_IRQHandler
                0x00000000080157d4                CAN3_TX_IRQHandler
                0x00000000080157d4                OTG_FS_WKUP_IRQHandler
                0x00000000080157d4                TIM1_TRG_COM_TIM11_IRQHandler
                0x00000000080157d4                OTG_HS_IRQHandler
                0x00000000080157d4                DMA2D_IRQHandler
                0x00000000080157d4                EXTI1_IRQHandler
                0x00000000080157d4                SDMMC2_IRQHandler
                0x00000000080157d4                UART7_IRQHandler
                0x00000000080157d4                USART2_IRQHandler
                0x00000000080157d4                DFSDM1_FLT0_IRQHandler
                0x00000000080157d4                I2C2_ER_IRQHandler
                0x00000000080157d4                DMA2_Stream1_IRQHandler
                0x00000000080157d4                CAN1_SCE_IRQHandler
                0x00000000080157d4                FLASH_IRQHandler
                0x00000000080157d4                DMA2_Stream4_IRQHandler
                0x00000000080157d4                USART1_IRQHandler
                0x00000000080157d4                OTG_FS_IRQHandler
                0x00000000080157d4                SPI3_IRQHandler
                0x00000000080157d4                DMA1_Stream4_IRQHandler
                0x00000000080157d4                I2C1_ER_IRQHandler
                0x00000000080157d4                FMC_IRQHandler
                0x00000000080157d4                LPTIM1_IRQHandler
                0x00000000080157d4                I2C4_ER_IRQHandler
                0x00000000080157d4                DMA2_Stream6_IRQHandler
                0x00000000080157d4                SAI1_IRQHandler
                0x00000000080157d4                DMA1_Stream3_IRQHandler
 *fill*         0x00000000080157d6        0x2 
 .text.__errno  0x00000000080157d8        0xc /usr/bin/../lib/gcc/arm-none-eabi/4.9.3/../../../../arm-none-eabi/lib/cortex-m7/fpu/fpv5-sp-d16/libc_nano.a(lib_a-errno.o)
                0x00000000080157d8                __errno
 .text.__libc_init_array
                0x00000000080157e4       0x4c /usr/bin/../lib/gcc/arm-none-eabi/4.9.3/../../../../arm-none-eabi/lib/cortex-m7/fpu/fpv5-sp-d16/libc_nano.a(lib_a-init.o)
                0x00000000080157e4                __libc_init_array
 .text.memcmp   0x0000000008015830       0x20 /usr/bin/../lib/gcc/arm-none-eabi/4.9.3/../../../../arm-none-eabi/lib/cortex-m7/fpu/fpv5-sp-d16/libc_nano.a(lib_a-memcmp.o)
                0x0000000008015830                memcmp
 .text.memcpy   0x0000000008015850       0x16 /usr/bin/../lib/gcc/arm-none-eabi/4.9.3/../../../../arm-none-eabi/lib/cortex-m7/fpu/fpv5-sp-d16/libc_nano.a(lib_a-memcpy.o)
                0x0000000008015850                memcpy
 .text.memmove  0x0000000008015866       0x36 /usr/bin/../lib/gcc/arm-none-eabi/4.9.3/../../../../arm-none-eabi/lib/cortex-m7/fpu/fpv5-sp-d16/libc_nano.a(lib_a-memmove.o)
                0x0000000008015866                memmove
 .text.memset   0x000000000801589c       0x10 /usr/bin/../lib/gcc/arm-none-eabi/4.9.3/../../../../arm-none-eabi/lib/cortex-m7/fpu/fpv5-sp-d16/libc_nano.a(lib_a-memset.o)
                0x000000000801589c                memset
 .text._puts_r  0x00000000080158ac       0xf0 /usr/bin/../lib/gcc/arm-none-eabi/4.9.3/../../../../arm-none-eabi/lib/cortex-m7/fpu/fpv5-sp-d16/libc_nano.a(lib_a-puts.o)
                0x00000000080158ac                _puts_r
 .text.puts     0x000000000801599c       0x10 /usr/bin/../lib/gcc/arm-none-eabi/4.9.3/../../../../arm-none-eabi/lib/cortex-m7/fpu/fpv5-sp-d16/libc_nano.a(lib_a-puts.o)
                0x000000000801599c                puts
 .text.snprintf
                0x00000000080159ac       0x64 /usr/bin/../lib/gcc/arm-none-eabi/4.9.3/../../../../arm-none-eabi/lib/cortex-m7/fpu/fpv5-sp-d16/libc_nano.a(lib_a-snprintf.o)
                0x00000000080159ac                snprintf
                0x00000000080159ac                sniprintf
 .text.sprintf  0x0000000008015a10       0x48 /usr/bin/../lib/gcc/arm-none-eabi/4.9.3/../../../../arm-none-eabi/lib/cortex-m7/fpu/fpv5-sp-d16/libc_nano.a(lib_a-sprintf.o)
                0x0000000008015a10                sprintf
                0x0000000008015a10                siprintf
 .text.strcasecmp
                0x0000000008015a58       0x3c /usr/bin/../lib/gcc/arm-none-eabi/4.9.3/../../../../arm-none-eabi/lib/cortex-m7/fpu/fpv5-sp-d16/libc_nano.a(lib_a-strcasecmp.o)
                0x0000000008015a58                strcasecmp
 .text.strlen   0x0000000008015a94       0x10 /usr/bin/../lib/gcc/arm-none-eabi/4.9.3/../../../../arm-none-eabi/lib/cortex-m7/fpu/fpv5-sp-d16/libc_nano.a(lib_a-strlen.o)
                0x0000000008015a94                strlen
 .text.strncmp  0x0000000008015aa4       0x32 /usr/bin/../lib/gcc/arm-none-eabi/4.9.3/../../../../arm-none-eabi/lib/cortex-m7/fpu/fpv5-sp-d16/libc_nano.a(lib_a-strncmp.o)
                0x0000000008015aa4                strncmp
 .text.strncpy  0x0000000008015ad6       0x24 /usr/bin/../lib/gcc/arm-none-eabi/4.9.3/../../../../arm-none-eabi/lib/cortex-m7/fpu/fpv5-sp-d16/libc_nano.a(lib_a-strncpy.o)
                0x0000000008015ad6                strncpy
 .text._vsnprintf_r
                0x0000000008015afa       0x52 /usr/bin/../lib/gcc/arm-none-eabi/4.9.3/../../../../arm-none-eabi/lib/cortex-m7/fpu/fpv5-sp-d16/libc_nano.a(lib_a-vsnprintf.o)
                0x0000000008015afa                _vsnprintf_r
                0x0000000008015afa                _vsniprintf_r
 .text.vsnprintf
                0x0000000008015b4c       0x20 /usr/bin/../lib/gcc/arm-none-eabi/4.9.3/../../../../arm-none-eabi/lib/cortex-m7/fpu/fpv5-sp-d16/libc_nano.a(lib_a-vsnprintf.o)
                0x0000000008015b4c                vsnprintf
                0x0000000008015b4c                vsniprintf
 .text.__swbuf_r
                0x0000000008015b6c       0xa8 /usr/bin/../lib/gcc/arm-none-eabi/4.9.3/../../../../arm-none-eabi/lib/cortex-m7/fpu/fpv5-sp-d16/libc_nano.a(lib_a-wbuf.o)
                0x0000000008015b6c                __swbuf_r
 .text.__swsetup_r
                0x0000000008015c14       0xd8 /usr/bin/../lib/gcc/arm-none-eabi/4.9.3/../../../../arm-none-eabi/lib/cortex-m7/fpu/fpv5-sp-d16/libc_nano.a(lib_a-wsetup.o)
                0x0000000008015c14                __swsetup_r
 .text.__sflush_r
                0x0000000008015cec      0x106 /usr/bin/../lib/gcc/arm-none-eabi/4.9.3/../../../../arm-none-eabi/lib/cortex-m7/fpu/fpv5-sp-d16/libc_nano.a(lib_a-fflush.o)
                0x0000000008015cec                __sflush_r
 *fill*         0x0000000008015df2        0x2 
 .text._fflush_r
                0x0000000008015df4       0x54 /usr/bin/../lib/gcc/arm-none-eabi/4.9.3/../../../../arm-none-eabi/lib/cortex-m7/fpu/fpv5-sp-d16/libc_nano.a(lib_a-fflush.o)
                0x0000000008015df4                _fflush_r
 .text._cleanup_r
                0x0000000008015e48        0xc /usr/bin/../lib/gcc/arm-none-eabi/4.9.3/../../../../arm-none-eabi/lib/cortex-m7/fpu/fpv5-sp-d16/libc_nano.a(lib_a-findfp.o)
                0x0000000008015e48                _cleanup_r
 .text.std.isra.0
                0x0000000008015e54       0x54 /usr/bin/../lib/gcc/arm-none-eabi/4.9.3/../../../../arm-none-eabi/lib/cortex-m7/fpu/fpv5-sp-d16/libc_nano.a(lib_a-findfp.o)
 .text.__sfmoreglue
                0x0000000008015ea8       0x2c /usr/bin/../lib/gcc/arm-none-eabi/4.9.3/../../../../arm-none-eabi/lib/cortex-m7/fpu/fpv5-sp-d16/libc_nano.a(lib_a-findfp.o)
                0x0000000008015ea8                __sfmoreglue
 .text.__sinit  0x0000000008015ed4       0x60 /usr/bin/../lib/gcc/arm-none-eabi/4.9.3/../../../../arm-none-eabi/lib/cortex-m7/fpu/fpv5-sp-d16/libc_nano.a(lib_a-findfp.o)
                0x0000000008015ed4                __sinit
 .text.__sfp    0x0000000008015f34       0x74 /usr/bin/../lib/gcc/arm-none-eabi/4.9.3/../../../../arm-none-eabi/lib/cortex-m7/fpu/fpv5-sp-d16/libc_nano.a(lib_a-findfp.o)
                0x0000000008015f34                __sfp
 .text._fwalk_reent
                0x0000000008015fa8       0x3c /usr/bin/../lib/gcc/arm-none-eabi/4.9.3/../../../../arm-none-eabi/lib/cortex-m7/fpu/fpv5-sp-d16/libc_nano.a(lib_a-fwalk.o)
                0x0000000008015fa8                _fwalk_reent
 .text.__smakebuf_r
                0x0000000008015fe4       0x98 /usr/bin/../lib/gcc/arm-none-eabi/4.9.3/../../../../arm-none-eabi/lib/cortex-m7/fpu/fpv5-sp-d16/libc_nano.a(lib_a-makebuf.o)
                0x0000000008015fe4                __smakebuf_r
 .text._free_r  0x000000000801607c       0x88 /usr/bin/../lib/gcc/arm-none-eabi/4.9.3/../../../../arm-none-eabi/lib/cortex-m7/fpu/fpv5-sp-d16/libc_nano.a(lib_a-nano-freer.o)
                0x000000000801607c                _free_r
 .text._malloc_r
                0x0000000008016104       0xac /usr/bin/../lib/gcc/arm-none-eabi/4.9.3/../../../../arm-none-eabi/lib/cortex-m7/fpu/fpv5-sp-d16/libc_nano.a(lib_a-nano-mallocr.o)
                0x0000000008016104                _malloc_r
 .text.__ssputs_r
                0x00000000080161b0       0xb2 /usr/bin/../lib/gcc/arm-none-eabi/4.9.3/../../../../arm-none-eabi/lib/cortex-m7/fpu/fpv5-sp-d16/libc_nano.a(lib_a-nano-svfprintf.o)
                0x00000000080161b0                __ssputs_r
 *fill*         0x0000000008016262        0x2 
 .text._svfprintf_r
                0x0000000008016264      0x1e4 /usr/bin/../lib/gcc/arm-none-eabi/4.9.3/../../../../arm-none-eabi/lib/cortex-m7/fpu/fpv5-sp-d16/libc_nano.a(lib_a-nano-svfprintf.o)
                0x0000000008016264                _svfprintf_r
                0x0000000008016264                _svfiprintf_r
 .text._printf_common
                0x0000000008016448       0xea /usr/bin/../lib/gcc/arm-none-eabi/4.9.3/../../../../arm-none-eabi/lib/cortex-m7/fpu/fpv5-sp-d16/libc_nano.a(lib_a-nano-vfprintf_i.o)
                0x0000000008016448                _printf_common
 *fill*         0x0000000008016532        0x2 
 .text._printf_i
                0x0000000008016534      0x23c /usr/bin/../lib/gcc/arm-none-eabi/4.9.3/../../../../arm-none-eabi/lib/cortex-m7/fpu/fpv5-sp-d16/libc_nano.a(lib_a-nano-vfprintf_i.o)
                0x0000000008016534                _printf_i
 .text._sbrk_r  0x0000000008016770       0x20 /usr/bin/../lib/gcc/arm-none-eabi/4.9.3/../../../../arm-none-eabi/lib/cortex-m7/fpu/fpv5-sp-d16/libc_nano.a(lib_a-sbrkr.o)
                0x0000000008016770                _sbrk_r
 .text.__sread  0x0000000008016790       0x22 /usr/bin/../lib/gcc/arm-none-eabi/4.9.3/../../../../arm-none-eabi/lib/cortex-m7/fpu/fpv5-sp-d16/libc_nano.a(lib_a-stdio.o)
                0x0000000008016790                __sread
 .text.__swrite
                0x00000000080167b2       0x38 /usr/bin/../lib/gcc/arm-none-eabi/4.9.3/../../../../arm-none-eabi/lib/cortex-m7/fpu/fpv5-sp-d16/libc_nano.a(lib_a-stdio.o)
                0x00000000080167b2                __swrite
 .text.__sseek  0x00000000080167ea       0x24 /usr/bin/../lib/gcc/arm-none-eabi/4.9.3/../../../../arm-none-eabi/lib/cortex-m7/fpu/fpv5-sp-d16/libc_nano.a(lib_a-stdio.o)
                0x00000000080167ea                __sseek
 .text.__sclose
                0x000000000801680e        0x8 /usr/bin/../lib/gcc/arm-none-eabi/4.9.3/../../../../arm-none-eabi/lib/cortex-m7/fpu/fpv5-sp-d16/libc_nano.a(lib_a-stdio.o)
                0x000000000801680e                __sclose
 *fill*         0x0000000008016816        0x2 
 .text._write_r
                0x0000000008016818       0x24 /usr/bin/../lib/gcc/arm-none-eabi/4.9.3/../../../../arm-none-eabi/lib/cortex-m7/fpu/fpv5-sp-d16/libc_nano.a(lib_a-writer.o)
                0x0000000008016818                _write_r
 .text._close_r
                0x000000000801683c       0x20 /usr/bin/../lib/gcc/arm-none-eabi/4.9.3/../../../../arm-none-eabi/lib/cortex-m7/fpu/fpv5-sp-d16/libc_nano.a(lib_a-closer.o)
                0x000000000801683c                _close_r
 .text._fstat_r
                0x000000000801685c       0x24 /usr/bin/../lib/gcc/arm-none-eabi/4.9.3/../../../../arm-none-eabi/lib/cortex-m7/fpu/fpv5-sp-d16/libc_nano.a(lib_a-fstatr.o)
                0x000000000801685c                _fstat_r
 .text._isatty_r
                0x0000000008016880       0x20 /usr/bin/../lib/gcc/arm-none-eabi/4.9.3/../../../../arm-none-eabi/lib/cortex-m7/fpu/fpv5-sp-d16/libc_nano.a(lib_a-isattyr.o)
                0x0000000008016880                _isatty_r
 .text._lseek_r
                0x00000000080168a0       0x24 /usr/bin/../lib/gcc/arm-none-eabi/4.9.3/../../../../arm-none-eabi/lib/cortex-m7/fpu/fpv5-sp-d16/libc_nano.a(lib_a-lseekr.o)