Archive member included because of file (symbol)

/usr/bin/../lib/gcc/arm-none-eabi/4.9.3/../../../../arm-none-eabi/lib/cortex-m7/fpu/fpv5-sp-d16/libc_nano.a(lib_a-errno.o)
                              build/syscalls.o (__errno)
/usr/bin/../lib/gcc/arm-none-eabi/4.9.3/../../../../arm-none-eabi/lib/cortex-m7/fpu/fpv5-sp-d16/libc_nano.a(lib_a-exit.o)
                              /usr/bin/../lib/gcc/arm-none-eabi/4.9.3/../../../../arm-none-eabi/lib/cortex-m7/fpu/fpv5-sp-d16/crt0.o (exit)
/usr/bin/../lib/gcc/arm-none-eabi/4.9.3/../../../../arm-none-eabi/lib/cortex-m7/fpu/fpv5-sp-d16/libc_nano.a(lib_a-impure.o)
                              /usr/bin/../lib/gcc/arm-none-eabi/4.9.3/../../../../arm-none-eabi/lib/cortex-m7/fpu/fpv5-sp-d16/libc_nano.a(lib_a-exit.o) (_global_impure_ptr)
/usr/bin/../lib/gcc/arm-none-eabi/4.9.3/../../../../arm-none-eabi/lib/cortex-m7/fpu/fpv5-sp-d16/libc_nano.a(lib_a-init.o)
                              /usr/bin/../lib/gcc/arm-none-eabi/4.9.3/../../../../arm-none-eabi/lib/cortex-m7/fpu/fpv5-sp-d16/crt0.o (__libc_init_array)
/usr/bin/../lib/gcc/arm-none-eabi/4.9.3/../../../../arm-none-eabi/lib/cortex-m7/fpu/fpv5-sp-d16/libc_nano.a(lib_a-memcpy.o)
                              build/queue.o (memcpy)
/usr/bin/../lib/gcc/arm-none-eabi/4.9.3/../../../../arm-none-eabi/lib/cortex-m7/fpu/fpv5-sp-d16/libc_nano.a(lib_a-memset.o)
                              /usr/bin/../lib/gcc/arm-none-eabi/4.9.3/../../../../arm-none-eabi/lib/cortex-m7/fpu/fpv5-sp-d16/crt0.o (memset)
/usr/bin/../lib/gcc/arm-none-eabi/4.9.3/../../../../arm-none-eabi/lib/cortex-m7/fpu/fpv5-sp-d16/libc_nano.a(lib_a-puts.o)
                              build/main.o (puts)
/usr/bin/../lib/gcc/arm-none-eabi/4.9.3/../../../../arm-none-eabi/lib/cortex-m7/fpu/fpv5-sp-d16/libc_nano.a(lib_a-wbuf.o)
                              /usr/bin/../lib/gcc/arm-none-eabi/4.9.3/../../../../arm-none-eabi/lib/cortex-m7/fpu/fpv5-sp-d16/libc_nano.a(lib_a-puts.o) (__swbuf_r)
/usr/bin/../lib/gcc/arm-none-eabi/4.9.3/../../../../arm-none-eabi/lib/cortex-m7/fpu/fpv5-sp-d16/libc_nano.a(lib_a-wsetup.o)
                              /usr/bin/../lib/gcc/arm-none-eabi/4.9.3/../../../../arm-none-eabi/lib/cortex-m7/fpu/fpv5-sp-d16/libc_nano.a(lib_a-puts.o) (__swsetup_r)
/usr/bin/../lib/gcc/arm-none-eabi/4.9.3/../../../../arm-none-eabi/lib/cortex-m7/fpu/fpv5-sp-d16/libc_nano.a(lib_a-fflush.o)
                              /usr/bin/../lib/gcc/arm-none-eabi/4.9.3/../../../../arm-none-eabi/lib/cortex-m7/fpu/fpv5-sp-d16/libc_nano.a(lib_a-wbuf.o) (_fflush_r)
/usr/bin/../lib/gcc/arm-none-eabi/4.9.3/../../../../arm-none-eabi/lib/cortex-m7/fpu/fpv5-sp-d16/libc_nano.a(lib_a-findfp.o)
                              /usr/bin/../lib/gcc/arm-none-eabi/4.9.3/../../../../arm-none-eabi/lib/cortex-m7/fpu/fpv5-sp-d16/libc_nano.a(lib_a-puts.o) (__sinit)
/usr/bin/../lib/gcc/arm-none-eabi/4.9.3/../../../../arm-none-eabi/lib/cortex-m7/fpu/fpv5-sp-d16/libc_nano.a(lib_a-fwalk.o)
                              /usr/bin/../lib/gcc/arm-none-eabi/4.9.3/../../../../arm-none-eabi/lib/cortex-m7/fpu/fpv5-sp-d16/libc_nano.a(lib_a-findfp.o) (_fwalk)
/usr/bin/../lib/gcc/arm-none-eabi/4.9.3/../../../../arm-none-eabi/lib/cortex-m7/fpu/fpv5-sp-d16/libc_nano.a(lib_a-makebuf.o)
                              /usr/bin/../lib/gcc/arm-none-eabi/4.9.3/../../../../arm-none-eabi/lib/cortex-m7/fpu/fpv5-sp-d16/libc_nano.a(lib_a-wsetup.o) (__smakebuf_r)
/usr/bin/../lib/gcc/arm-none-eabi/4.9.3/../../../../arm-none-eabi/lib/cortex-m7/fpu/fpv5-sp-d16/libc_nano.a(lib_a-nano-freer.o)
                              /usr/bin/../lib/gcc/arm-none-eabi/4.9.3/../../../../arm-none-eabi/lib/cortex-m7/fpu/fpv5-sp-d16/libc_nano.a(lib_a-wsetup.o) (_free_r)
/usr/bin/../lib/gcc/arm-none-eabi/4.9.3/../../../../arm-none-eabi/lib/cortex-m7/fpu/fpv5-sp-d16/libc_nano.a(lib_a-nano-mallocr.o)
                              /usr/bin/../lib/gcc/arm-none-eabi/4.9.3/../../../../arm-none-eabi/lib/cortex-m7/fpu/fpv5-sp-d16/libc_nano.a(lib_a-findfp.o) (_malloc_r)
/usr/bin/../lib/gcc/arm-none-eabi/4.9.3/../../../../arm-none-eabi/lib/cortex-m7/fpu/fpv5-sp-d16/libc_nano.a(lib_a-sbrkr.o)
                              /usr/bin/../lib/gcc/arm-none-eabi/4.9.3/../../../../arm-none-eabi/lib/cortex-m7/fpu/fpv5-sp-d16/libc_nano.a(lib_a-nano-mallocr.o) (_sbrk_r)
/usr/bin/../lib/gcc/arm-none-eabi/4.9.3/../../../../arm-none-eabi/lib/cortex-m7/fpu/fpv5-sp-d16/libc_nano.a(lib_a-stdio.o)
                              /usr/bin/../lib/gcc/arm-none-eabi/4.9.3/../../../../arm-none-eabi/lib/cortex-m7/fpu/fpv5-sp-d16/libc_nano.a(lib_a-findfp.o) (__sread)
/usr/bin/../lib/gcc/arm-none-eabi/4.9.3/../../../../arm-none-eabi/lib/cortex-m7/fpu/fpv5-sp-d16/libc_nano.a(lib_a-writer.o)
                              /usr/bin/../lib/gcc/arm-none-eabi/4.9.3/../../../../arm-none-eabi/lib/cortex-m7/fpu/fpv5-sp-d16/libc_nano.a(lib_a-stdio.o) (_write_r)
/usr/bin/../lib/gcc/arm-none-eabi/4.9.3/../../../../arm-none-eabi/lib/cortex-m7/fpu/fpv5-sp-d16/libc_nano.a(lib_a-closer.o)
[...]
Memory Configuration

Name             Origin             Length             Attributes
FLASH            0x0000000008000000 0x0000000000200000 xr
Memory_B1        0x000000002000e000 0x0000000000000080 xrw
Memory_B2        0x000000002000e100 0x0000000000000080 xrw
Memory_B3        0x000000002000e200 0x00000000000017d0 xrw
Memory_B4        0x000000002000ffc4 0x00000000000017d0 xrw
RAM              0x0000000020011795 0x000000000007cf60 xrw
*default*        0x0000000000000000 0xffffffffffffffff

Linker script and memory map

LOAD /usr/bin/../lib/gcc/arm-none-eabi/4.9.3/cortex-m7/fpu/fpv5-sp-d16/crti.o
LOAD /usr/bin/../lib/gcc/arm-none-eabi/4.9.3/cortex-m7/fpu/fpv5-sp-d16/crtbegin.o
LOAD /usr/bin/../lib/gcc/arm-none-eabi/4.9.3/../../../../arm-none-eabi/lib/cortex-m7/fpu/fpv5-sp-d16/crt0.o
LOAD build/stm32f7xx_hal.o
LOAD build/stm32f7xx_hal_adc.o
LOAD build/stm32f7xx_hal_adc_ex.o
LOAD build/stm32f7xx_hal_cortex.o
LOAD build/stm32f7xx_hal_dma.o
LOAD build/stm32f7xx_hal_dma2d.o
LOAD build/stm32f7xx_hal_dma_ex.o
LOAD build/stm32f7xx_hal_dsi.o
LOAD build/stm32f7xx_hal_eth.o
LOAD build/stm32f7xx_hal_flash.o
LOAD build/stm32f7xx_hal_flash_ex.o
LOAD build/stm32f7xx_hal_gpio.o
LOAD build/stm32f7xx_hal_i2c.o
LOAD build/stm32f7xx_hal_i2c_ex.o
LOAD build/stm32f7xx_hal_ltdc.o
LOAD build/stm32f7xx_hal_ltdc_ex.o
LOAD build/stm32f7xx_hal_pwr.o
LOAD build/stm32f7xx_hal_pwr_ex.o
LOAD build/stm32f7xx_hal_rcc.o
LOAD build/stm32f7xx_hal_rcc_ex.o
LOAD build/stm32f7xx_hal_sdram.o
LOAD build/stm32f7xx_hal_tim.o
LOAD build/stm32f7xx_hal_tim_ex.o
LOAD build/stm32f7xx_hal_uart.o
LOAD build/stm32f7xx_ll_fmc.o
LOAD build/stm32f7xx_hal_rtc.o
LOAD build/croutine.o
LOAD build/list.o
LOAD build/port.o
LOAD build/heap_4.o
LOAD build/queue.o
LOAD build/tasks.o
LOAD build/timers.o
LOAD build/lcd_log.o
LOAD build/main.o
LOAD build/stm32f7xx_hal_msp.o
LOAD build/stm32f7xx_hal_timebase_tim.o
LOAD build/stm32f7xx_it.o
LOAD build/system_stm32f7xx.o
LOAD build/syscalls.o
LOAD build/mfxstm32l152.o
LOAD build/otm8009a.o
LOAD build/stm32f769i_discovery.o
LOAD build/stm32f769i_discovery_lcd.o
LOAD build/stm32f769i_discovery_sdram.o
LOAD build/startup_stm32f769xx.o
LOAD /usr/bin/../lib/gcc/arm-none-eabi/4.9.3/../../../../arm-none-eabi/lib/cortex-m7/fpu/fpv5-sp-d16/libc_nano.a
LOAD /usr/bin/../lib/gcc/arm-none-eabi/4.9.3/../../../../arm-none-eabi/lib/cortex-m7/fpu/fpv5-sp-d16/libm.a
LOAD /usr/bin/../lib/gcc/arm-none-eabi/4.9.3/../../../../arm-none-eabi/lib/cortex-m7/fpu/fpv5-sp-d16/libnosys.a
START GROUP
LOAD /usr/bin/../lib/gcc/arm-none-eabi/4.9.3/cortex-m7/fpu/fpv5-sp-d16/libgcc.a
LOAD /usr/bin/../lib/gcc/arm-none-eabi/4.9.3/../../../../arm-none-eabi/lib/cortex-m7/fpu/fpv5-sp-d16/libc_nano.a
END GROUP
START GROUP
LOAD /usr/bin/../lib/gcc/arm-none-eabi/4.9.3/cortex-m7/fpu/fpv5-sp-d16/libgcc.a
LOAD /usr/bin/../lib/gcc/arm-none-eabi/4.9.3/../../../../arm-none-eabi/lib/cortex-m7/fpu/fpv5-sp-d16/libc_nano.a
END GROUP
LOAD /usr/bin/../lib/gcc/arm-none-eabi/4.9.3/cortex-m7/fpu/fpv5-sp-d16/crtend.o
LOAD /usr/bin/../lib/gcc/arm-none-eabi/4.9.3/cortex-m7/fpu/fpv5-sp-d16/crtn.o
                0x0000000020080000                _estack = 0x20080000
                0x0000000000000200                _Min_Heap_Size = 0x200
                0x0000000000000400                _Min_Stack_Size = 0x400

.isr_vector     0x0000000008000000      0x1f8
                0x0000000008000000                . = ALIGN (0x4)
 *(.isr_vector)
 .isr_vector    0x0000000008000000      0x1f8 build/startup_stm32f769xx.o
                0x0000000008000000                g_pfnVectors
                0x00000000080001f8                . = ALIGN (0x4)

.text           0x0000000008000200     0x8408
                0x0000000008000200                . = ALIGN (0x4)
 *(.text)
 .text          0x0000000008000200       0x5c /usr/bin/../lib/gcc/arm-none-eabi/4.9.3/cortex-m7/fpu/fpv5-sp-d16/crtbegin.o
 *(.text*)
 .text.HAL_Init
                0x000000000800025c       0x2c build/stm32f7xx_hal.o
                0x000000000800025c                HAL_Init
 .text.HAL_IncTick
                0x0000000008000288       0x1c build/stm32f7xx_hal.o
                0x0000000008000288                HAL_IncTick
 .text.HAL_GetTick
                0x00000000080002a4       0x18 build/stm32f7xx_hal.o
                0x00000000080002a4                HAL_GetTick
 .text.HAL_Delay
                0x00000000080002bc       0x2c build/stm32f7xx_hal.o
                0x00000000080002bc                HAL_Delay
 .text.NVIC_SetPriorityGrouping
                0x00000000080002e8       0x48 build/stm32f7xx_hal_cortex.o
 .text.NVIC_GetPriorityGrouping
                0x0000000008000330       0x1c build/stm32f7xx_hal_cortex.o
 .text.NVIC_EnableIRQ
                0x000000000800034c       0x30 build/stm32f7xx_hal_cortex.o
 .text.NVIC_SetPriority
                0x000000000800037c       0x54 build/stm32f7xx_hal_cortex.o
 .text.NVIC_EncodePriority
                0x00000000080003d0       0x64 build/stm32f7xx_hal_cortex.o
 .text.SysTick_Config
                0x0000000008000434       0x44 build/stm32f7xx_hal_cortex.o
 .text.HAL_NVIC_SetPriorityGrouping
                0x0000000008000478       0x14 build/stm32f7xx_hal_cortex.o
                0x0000000008000478                HAL_NVIC_SetPriorityGrouping
 .text.HAL_NVIC_SetPriority
                0x000000000800048c       0x38 build/stm32f7xx_hal_cortex.o
                0x000000000800048c                HAL_NVIC_SetPriority
 .text.HAL_NVIC_EnableIRQ
                0x00000000080004c4       0x1c build/stm32f7xx_hal_cortex.o
                0x00000000080004c4                HAL_NVIC_EnableIRQ
 .text.HAL_SYSTICK_Config
                0x00000000080004e0       0x18 build/stm32f7xx_hal_cortex.o
                0x00000000080004e0                HAL_SYSTICK_Config
 .text.HAL_SYSTICK_CLKSourceConfig
                0x00000000080004f8       0x38 build/stm32f7xx_hal_cortex.o
                0x00000000080004f8                HAL_SYSTICK_CLKSourceConfig
 .text.HAL_DMA_Init
                0x0000000008000530      0x158 build/stm32f7xx_hal_dma.o
                0x0000000008000530                HAL_DMA_Init
 .text.HAL_DMA_DeInit
                0x0000000008000688       0x9c build/stm32f7xx_hal_dma.o
                0x0000000008000688                HAL_DMA_DeInit
 .text.DMA_CalcBaseAndBitshift
                0x0000000008000724       0x6c build/stm32f7xx_hal_dma.o
 .text.DMA_CheckFifoParam
                0x0000000008000790      0x108 build/stm32f7xx_hal_dma.o
 .text.HAL_DMA2D_Init
                0x0000000008000898       0xf0 build/stm32f7xx_hal_dma2d.o
                0x0000000008000898                HAL_DMA2D_Init
 .text.HAL_DMA2D_MspInit
                0x0000000008000988       0x14 build/stm32f7xx_hal_dma2d.o
                0x0000000008000988                HAL_DMA2D_MspInit
 .text.HAL_DMA2D_Start
                0x000000000800099c       0x58 build/stm32f7xx_hal_dma2d.o
                0x000000000800099c                HAL_DMA2D_Start
 .text.HAL_DMA2D_PollForTransfer
                0x00000000080009f4      0x1d0 build/stm32f7xx_hal_dma2d.o
                0x00000000080009f4                HAL_DMA2D_PollForTransfer
 .text.HAL_DMA2D_ConfigLayer
                0x0000000008000bc4      0x1b0 build/stm32f7xx_hal_dma2d.o
                0x0000000008000bc4                HAL_DMA2D_ConfigLayer
 .text.DMA2D_SetConfig
                0x0000000008000d74      0x160 build/stm32f7xx_hal_dma2d.o
 .text.DSI_ConfigPacketHeader
                0x0000000008000ed4       0x30 build/stm32f7xx_hal_dsi.o
 .text.HAL_DSI_Init
                0x0000000008000f04      0x214 build/stm32f7xx_hal_dsi.o
                0x0000000008000f04                HAL_DSI_Init
 .text.HAL_DSI_DeInit
                0x0000000008001118       0x9c build/stm32f7xx_hal_dsi.o
                0x0000000008001118                HAL_DSI_DeInit
 .text.HAL_DSI_MspInit
                0x00000000080011b4       0x14 build/stm32f7xx_hal_dsi.o
                0x00000000080011b4                HAL_DSI_MspInit
 .text.HAL_DSI_MspDeInit
                0x00000000080011c8       0x14 build/stm32f7xx_hal_dsi.o
                0x00000000080011c8                HAL_DSI_MspDeInit
 .text.HAL_DSI_ConfigVideoMode
                0x00000000080011dc      0x400 build/stm32f7xx_hal_dsi.o
                0x00000000080011dc                HAL_DSI_ConfigVideoMode
 .text.HAL_DSI_Start
                0x00000000080015dc       0x54 build/stm32f7xx_hal_dsi.o
                0x00000000080015dc                HAL_DSI_Start
 .text.HAL_DSI_ShortWrite
                0x0000000008001630       0x78 build/stm32f7xx_hal_dsi.o
                0x0000000008001630                HAL_DSI_ShortWrite
 .text.HAL_DSI_LongWrite
                0x00000000080016a8      0x114 build/stm32f7xx_hal_dsi.o
                0x00000000080016a8                HAL_DSI_LongWrite
 .text.HAL_GPIO_Init
                0x00000000080017bc      0x34c build/stm32f7xx_hal_gpio.o
                0x00000000080017bc                HAL_GPIO_Init
 .text.HAL_GPIO_WritePin
                0x0000000008001b08       0x30 build/stm32f7xx_hal_gpio.o
                0x0000000008001b08                HAL_GPIO_WritePin
 .text.HAL_GPIO_TogglePin
                0x0000000008001b38       0x24 build/stm32f7xx_hal_gpio.o
                0x0000000008001b38                HAL_GPIO_TogglePin
 .text.HAL_LTDC_Init
                0x0000000008001b5c      0x1b8 build/stm32f7xx_hal_ltdc.o
                0x0000000008001b5c                HAL_LTDC_Init
 .text.HAL_LTDC_MspInit
                0x0000000008001d14       0x14 build/stm32f7xx_hal_ltdc.o
                0x0000000008001d14                HAL_LTDC_MspInit
 .text.HAL_LTDC_ConfigLayer
                0x0000000008001d28       0x7c build/stm32f7xx_hal_ltdc.o
                0x0000000008001d28                HAL_LTDC_ConfigLayer
 .text.LTDC_SetConfig
                0x0000000008001da4      0x350 build/stm32f7xx_hal_ltdc.o
 .text.HAL_LTDC_StructInitFromVideoConfig
                0x00000000080020f4       0xa0 build/stm32f7xx_hal_ltdc_ex.o
                0x00000000080020f4                HAL_LTDC_StructInitFromVideoConfig
 .text.HAL_PWREx_EnableOverDrive
                0x0000000008002194       0x9c build/stm32f7xx_hal_pwr_ex.o
                0x0000000008002194                HAL_PWREx_EnableOverDrive
 .text.HAL_RCC_OscConfig
                0x0000000008002230      0x530 build/stm32f7xx_hal_rcc.o
                0x0000000008002230                HAL_RCC_OscConfig
 .text.HAL_RCC_ClockConfig
                0x0000000008002760      0x200 build/stm32f7xx_hal_rcc.o
                0x0000000008002760                HAL_RCC_ClockConfig
 .text.HAL_RCC_GetSysClockFreq
                0x0000000008002960       0xfc build/stm32f7xx_hal_rcc.o
                0x0000000008002960                HAL_RCC_GetSysClockFreq
 .text.HAL_RCC_GetHCLKFreq
                0x0000000008002a5c       0x18 build/stm32f7xx_hal_rcc.o
                0x0000000008002a5c                HAL_RCC_GetHCLKFreq
 .text.HAL_RCC_GetPCLK1Freq
                0x0000000008002a74       0x44 build/stm32f7xx_hal_rcc.o
                0x0000000008002a74                HAL_RCC_GetPCLK1Freq
 .text.HAL_RCC_GetClockConfig
                0x0000000008002ab8       0x60 build/stm32f7xx_hal_rcc.o
                0x0000000008002ab8                HAL_RCC_GetClockConfig
 .text.HAL_RCCEx_PeriphCLKConfig
                0x0000000008002b18      0xe84 build/stm32f7xx_hal_rcc_ex.o
                0x0000000008002b18                HAL_RCCEx_PeriphCLKConfig
 .text.HAL_SDRAM_Init
                0x000000000800399c       0x6c build/stm32f7xx_hal_sdram.o
                0x000000000800399c                HAL_SDRAM_Init
 .text.HAL_SDRAM_MspInit
                0x0000000008003a08       0x14 build/stm32f7xx_hal_sdram.o
                0x0000000008003a08                HAL_SDRAM_MspInit
 .text.HAL_SDRAM_SendCommand
                0x0000000008003a1c       0x58 build/stm32f7xx_hal_sdram.o
                0x0000000008003a1c                HAL_SDRAM_SendCommand
 .text.HAL_SDRAM_ProgramRefreshRate
                0x0000000008003a74       0x40 build/stm32f7xx_hal_sdram.o
                0x0000000008003a74                HAL_SDRAM_ProgramRefreshRate
 .text.HAL_TIM_Base_Init
                0x0000000008003ab4       0x58 build/stm32f7xx_hal_tim.o
                0x0000000008003ab4                HAL_TIM_Base_Init
 .text.HAL_TIM_Base_MspInit
                0x0000000008003b0c       0x14 build/stm32f7xx_hal_tim.o
                0x0000000008003b0c                HAL_TIM_Base_MspInit
 .text.HAL_TIM_Base_Start_IT
                0x0000000008003b20       0x38 build/stm32f7xx_hal_tim.o
                0x0000000008003b20                HAL_TIM_Base_Start_IT
 .text.HAL_TIM_IRQHandler
                0x0000000008003b58      0x23c build/stm32f7xx_hal_tim.o
                0x0000000008003b58                HAL_TIM_IRQHandler
 .text.HAL_TIM_OC_DelayElapsedCallback
                0x0000000008003d94       0x14 build/stm32f7xx_hal_tim.o
                0x0000000008003d94                HAL_TIM_OC_DelayElapsedCallback
 .text.HAL_TIM_IC_CaptureCallback
                0x0000000008003da8       0x14 build/stm32f7xx_hal_tim.o
                0x0000000008003da8                HAL_TIM_IC_CaptureCallback
 .text.HAL_TIM_PWM_PulseFinishedCallback
                0x0000000008003dbc       0x14 build/stm32f7xx_hal_tim.o
                0x0000000008003dbc                HAL_TIM_PWM_PulseFinishedCallback
 .text.HAL_TIM_TriggerCallback
                0x0000000008003dd0       0x14 build/stm32f7xx_hal_tim.o
                0x0000000008003dd0                HAL_TIM_TriggerCallback
 .text.TIM_Base_SetConfig
                0x0000000008003de4      0x160 build/stm32f7xx_hal_tim.o
                0x0000000008003de4                TIM_Base_SetConfig
 .text.HAL_TIMEx_CommutationCallback
                0x0000000008003f44       0x14 build/stm32f7xx_hal_tim_ex.o
                0x0000000008003f44                HAL_TIMEx_CommutationCallback
 .text.HAL_TIMEx_BreakCallback
                0x0000000008003f58       0x14 build/stm32f7xx_hal_tim_ex.o
                0x0000000008003f58                HAL_TIMEx_BreakCallback
 .text.FMC_SDRAM_Init
                0x0000000008003f6c       0xe4 build/stm32f7xx_ll_fmc.o
                0x0000000008003f6c                FMC_SDRAM_Init
 .text.FMC_SDRAM_Timing_Init
                0x0000000008004050      0x100 build/stm32f7xx_ll_fmc.o
                0x0000000008004050                FMC_SDRAM_Timing_Init
 .text.FMC_SDRAM_SendCommand
                0x0000000008004150       0x78 build/stm32f7xx_ll_fmc.o
                0x0000000008004150                FMC_SDRAM_SendCommand
 .text.FMC_SDRAM_ProgramRefreshRate
                0x00000000080041c8       0x28 build/stm32f7xx_ll_fmc.o
                0x00000000080041c8                FMC_SDRAM_ProgramRefreshRate
 .text.HAL_RTC_Init
                0x00000000080041f0       0xf8 build/stm32f7xx_hal_rtc.o
                0x00000000080041f0                HAL_RTC_Init
 .text.RTC_EnterInitMode
                0x00000000080042e8       0x58 build/stm32f7xx_hal_rtc.o
                0x00000000080042e8                RTC_EnterInitMode
 .text.vListInitialise
                0x0000000008004340       0x40 build/list.o
                0x0000000008004340                vListInitialise
 .text.vListInitialiseItem
                0x0000000008004380       0x18 build/list.o
                0x0000000008004380                vListInitialiseItem
 .text.vListInsertEnd
                0x0000000008004398       0x48 build/list.o
                0x0000000008004398                vListInsertEnd
 .text.vListInsert
                0x00000000080043e0       0x70 build/list.o
                0x00000000080043e0                vListInsert
 .text.uxListRemove
                0x0000000008004450       0x54 build/list.o
                0x0000000008004450                uxListRemove
 .text.pxPortInitialiseStack
                0x00000000080044a4       0x68 build/port.o
                0x00000000080044a4                pxPortInitialiseStack
 .text.prvTaskExitError
                0x000000000800450c       0x3c build/port.o
 *fill*         0x0000000008004548        0x8 
 .text.SVC_Handler
                0x0000000008004550       0x24 build/port.o
                0x0000000008004550                SVC_Handler
 .text.prvPortStartFirstTask
                0x0000000008004574       0x20 build/port.o
 .text.xPortStartScheduler
                0x0000000008004594       0xd0 build/port.o
                0x0000000008004594                xPortStartScheduler
 .text.vPortEnterCritical
                0x0000000008004664       0x5c build/port.o
                0x0000000008004664                vPortEnterCritical
 .text.vPortExitCritical
                0x00000000080046c0       0x4c build/port.o
                0x00000000080046c0                vPortExitCritical
 *fill*         0x000000000800470c        0x4 
 .text.PendSV_Handler
                0x0000000008004710       0x64 build/port.o
                0x0000000008004710                PendSV_Handler
 .text.xPortSysTickHandler
                0x0000000008004774       0x40 build/port.o
                0x0000000008004774                xPortSysTickHandler
 .text.vPortSetupTimerInterrupt
                0x00000000080047b4       0x34 build/port.o
                0x00000000080047b4                vPortSetupTimerInterrupt
 .text.vPortEnableVFP
                0x00000000080047e8       0x14 build/port.o
 .text.pvPortMalloc
                0x00000000080047fc      0x184 build/heap_4.o
                0x00000000080047fc                pvPortMalloc
 .text.vPortFree
                0x0000000008004980       0xb0 build/heap_4.o
                0x0000000008004980                vPortFree
 .text.prvHeapInit
                0x0000000008004a30       0xc4 build/heap_4.o
 .text.prvInsertBlockIntoFreeList
                0x0000000008004af4       0xb0 build/heap_4.o
 .text.xTaskCreate
                0x0000000008004ba4       0x84 build/tasks.o
                0x0000000008004ba4                xTaskCreate
 .text.prvInitialiseNewTask
                0x0000000008004c28      0x10c build/tasks.o
 .text.prvAddNewTaskToReadyList
                0x0000000008004d34       0xe0 build/tasks.o
 .text.vTaskDelay
                0x0000000008004e14       0x64 build/tasks.o
                0x0000000008004e14                vTaskDelay
 .text.vTaskStartScheduler
                0x0000000008004e78       0x88 build/tasks.o
                0x0000000008004e78                vTaskStartScheduler
 .text.vTaskSuspendAll
                0x0000000008004f00       0x1c build/tasks.o
                0x0000000008004f00                vTaskSuspendAll
 .text.xTaskResumeAll
                0x0000000008004f1c      0x13c build/tasks.o
                0x0000000008004f1c                xTaskResumeAll
 .text.xTaskIncrementTick
                0x0000000008005058      0x17c build/tasks.o
                0x0000000008005058                xTaskIncrementTick
 .text.vTaskSwitchContext
                0x00000000080051d4       0xb4 build/tasks.o
                0x00000000080051d4                vTaskSwitchContext
 .text.prvIdleTask
                0x0000000008005288       0x30 build/tasks.o
 .text.prvInitialiseTaskLists
                0x00000000080052b8       0x7c build/tasks.o
 .text.prvCheckTasksWaitingTermination
                0x0000000008005334       0x74 build/tasks.o
 .text.prvDeleteTCB
                0x00000000080053a8       0x20 build/tasks.o
 .text.prvResetNextTaskUnblockTime
                0x00000000080053c8       0x48 build/tasks.o
 .text.xTaskGetSchedulerState
                0x0000000008005410       0x3c build/tasks.o
                0x0000000008005410                xTaskGetSchedulerState
 .text.prvAddCurrentTaskToDelayedList
                0x000000000800544c       0xc8 build/tasks.o
 .text.LCD_LOG_Init
                0x0000000008005514       0x14 build/lcd_log.o
                0x0000000008005514                LCD_LOG_Init
 .text.LCD_LOG_DeInit
                0x0000000008005528       0x80 build/lcd_log.o
                0x0000000008005528                LCD_LOG_DeInit
 .text.LCD_LOG_SetHeader
                0x00000000080055a8       0x78 build/lcd_log.o
                0x00000000080055a8                LCD_LOG_SetHeader
 .text.LCD_LOG_SetFooter
                0x0000000008005620       0x90 build/lcd_log.o
                0x0000000008005620                LCD_LOG_SetFooter
 .text.__io_putchar
                0x00000000080056b0      0x1c0 build/lcd_log.o
                0x00000000080056b0                __io_putchar
 .text.LCD_LOG_UpdateDisplay
                0x0000000008005870      0x110 build/lcd_log.o
                0x0000000008005870                LCD_LOG_UpdateDisplay
 .text.SCB_EnableICache
                0x0000000008005980       0x34 build/main.o
 .text.SCB_EnableDCache
                0x00000000080059b4       0x84 build/main.o
 .text.blink_task
                0x0000000008005a38       0x18 build/main.o
 .text.main     0x0000000008005a50       0x60 build/main.o
                0x0000000008005a50                main
 .text.BSP_Config_task
                0x0000000008005ab0       0x6c build/main.o
 .text.SystemClock_Config
                0x0000000008005b1c      0x130 build/main.o
 .text.MX_RTC_Init
                0x0000000008005c4c       0x48 build/main.o
 .text.MX_FMC_Init
                0x0000000008005c94       0x88 build/main.o
 .text.MX_GPIO_Init
                0x0000000008005d1c      0x7b4 build/main.o
 .text.HAL_TIM_PeriodElapsedCallback
                0x00000000080064d0       0x20 build/main.o
                0x00000000080064d0                HAL_TIM_PeriodElapsedCallback
 .text.Error_Handler
                0x00000000080064f0        0x8 build/main.o
                0x00000000080064f0                Error_Handler
 .text.CPU_CACHE_Enable
                0x00000000080064f8       0x10 build/main.o
 .text.HAL_MspInit
                0x0000000008006508       0x60 build/stm32f7xx_hal_msp.o
                0x0000000008006508                HAL_MspInit
 .text.HAL_RTC_MspInit
                0x0000000008006568       0x30 build/stm32f7xx_hal_msp.o
                0x0000000008006568                HAL_RTC_MspInit
 .text.HAL_InitTick
                0x0000000008006598       0xb0 build/stm32f7xx_hal_timebase_tim.o
                0x0000000008006598                HAL_InitTick
 .text.NMI_Handler
                0x0000000008006648        0xc build/stm32f7xx_it.o
                0x0000000008006648                NMI_Handler
 .text.HardFault_Handler
                0x0000000008006654        0x8 build/stm32f7xx_it.o
                0x0000000008006654                HardFault_Handler
 .text.MemManage_Handler
                0x000000000800665c        0x8 build/stm32f7xx_it.o
                0x000000000800665c                MemManage_Handler
 .text.BusFault_Handler
                0x0000000008006664        0x8 build/stm32f7xx_it.o
                0x0000000008006664                BusFault_Handler
 .text.UsageFault_Handler
                0x000000000800666c        0x8 build/stm32f7xx_it.o
                0x000000000800666c                UsageFault_Handler
 .text.DebugMon_Handler
                0x0000000008006674        0xc build/stm32f7xx_it.o
                0x0000000008006674                DebugMon_Handler
 .text.SysTick_Handler
                0x0000000008006680       0x18 build/stm32f7xx_it.o
                0x0000000008006680                SysTick_Handler
 .text.TIM8_UP_TIM13_IRQHandler
                0x0000000008006698       0x10 build/stm32f7xx_it.o
                0x0000000008006698                TIM8_UP_TIM13_IRQHandler
 .text.SystemInit
                0x00000000080066a8       0x6c build/system_stm32f7xx.o
                0x00000000080066a8                SystemInit
 .text._sbrk    0x0000000008006714       0x6c build/syscalls.o
                0x0000000008006714                _sbrk
 .text._write   0x0000000008006780       0x38 build/syscalls.o
                0x0000000008006780                _write
 .text._close   0x00000000080067b8       0x18 build/syscalls.o
                0x00000000080067b8                _close
 .text._fstat   0x00000000080067d0       0x20 build/syscalls.o
                0x00000000080067d0                _fstat
 .text._isatty  0x00000000080067f0       0x18 build/syscalls.o
                0x00000000080067f0                _isatty
 .text._lseek   0x0000000008006808       0x1c build/syscalls.o
                0x0000000008006808                _lseek
 .text._read    0x0000000008006824       0x3c build/syscalls.o
                0x0000000008006824                _read
 .text.OTM8009A_Init
                0x0000000008006860      0x494 build/otm8009a.o
                0x0000000008006860                OTM8009A_Init
 .text.BSP_LED_Init
                0x0000000008006cf4       0x60 build/stm32f769i_discovery.o
                0x0000000008006cf4                BSP_LED_Init
 .text.BSP_LED_Toggle
                0x0000000008006d54       0x34 build/stm32f769i_discovery.o
                0x0000000008006d54                BSP_LED_Toggle
 .text.OTM8009A_IO_Delay
                0x0000000008006d88       0x14 build/stm32f769i_discovery.o
                0x0000000008006d88                OTM8009A_IO_Delay
 .text.BSP_LCD_Init
                0x0000000008006d9c       0x10 build/stm32f769i_discovery_lcd.o
                0x0000000008006d9c                BSP_LCD_Init
 .text.BSP_LCD_InitEx
                0x0000000008006dac      0x288 build/stm32f769i_discovery_lcd.o
                0x0000000008006dac                BSP_LCD_InitEx
 .text.BSP_LCD_Reset
                0x0000000008007034       0x6c build/stm32f769i_discovery_lcd.o
                0x0000000008007034                BSP_LCD_Reset
 .text.BSP_LCD_GetXSize
                0x00000000080070a0       0x18 build/stm32f769i_discovery_lcd.o
                0x00000000080070a0                BSP_LCD_GetXSize
 .text.BSP_LCD_GetYSize
                0x00000000080070b8       0x18 build/stm32f769i_discovery_lcd.o
                0x00000000080070b8                BSP_LCD_GetYSize
 .text.BSP_LCD_LayerDefaultInit
                0x00000000080070d0       0xc0 build/stm32f769i_discovery_lcd.o
                0x00000000080070d0                BSP_LCD_LayerDefaultInit
 .text.BSP_LCD_SelectLayer
                0x0000000008007190       0x1c build/stm32f769i_discovery_lcd.o
                0x0000000008007190                BSP_LCD_SelectLayer
 .text.BSP_LCD_SetTextColor
                0x00000000080071ac       0x30 build/stm32f769i_discovery_lcd.o
                0x00000000080071ac                BSP_LCD_SetTextColor
 .text.BSP_LCD_SetBackColor
                0x00000000080071dc       0x30 build/stm32f769i_discovery_lcd.o
                0x00000000080071dc                BSP_LCD_SetBackColor
 .text.BSP_LCD_SetFont
                0x000000000800720c       0x30 build/stm32f769i_discovery_lcd.o
                0x000000000800720c                BSP_LCD_SetFont
 .text.BSP_LCD_GetFont
                0x000000000800723c       0x2c build/stm32f769i_discovery_lcd.o
                0x000000000800723c                BSP_LCD_GetFont
 .text.BSP_LCD_Clear
                0x0000000008007268       0x54 build/stm32f769i_discovery_lcd.o
                0x0000000008007268                BSP_LCD_Clear
 .text.BSP_LCD_DisplayChar
                0x00000000080072bc       0x8c build/stm32f769i_discovery_lcd.o
                0x00000000080072bc                BSP_LCD_DisplayChar
 .text.BSP_LCD_DisplayStringAt
                0x0000000008007348      0x188 build/stm32f769i_discovery_lcd.o
                0x0000000008007348                BSP_LCD_DisplayStringAt
 .text.BSP_LCD_DisplayStringAtLine
                0x00000000080074d0       0x30 build/stm32f769i_discovery_lcd.o
                0x00000000080074d0                BSP_LCD_DisplayStringAtLine
 .text.BSP_LCD_FillRect
                0x0000000008007500       0xb0 build/stm32f769i_discovery_lcd.o
                0x0000000008007500                BSP_LCD_FillRect
 .text.DSI_IO_WriteCmd
                0x00000000080075b0       0x50 build/stm32f769i_discovery_lcd.o
                0x00000000080075b0                DSI_IO_WriteCmd
 .text.LCD_IO_GetID
                0x0000000008007600       0x10 build/stm32f769i_discovery_lcd.o
 .text.BSP_LCD_MspInit
                0x0000000008007610       0xd0 build/stm32f769i_discovery_lcd.o
                0x0000000008007610                BSP_LCD_MspInit
 .text.BSP_LCD_DrawPixel
                0x00000000080076e0       0x4c build/stm32f769i_discovery_lcd.o
                0x00000000080076e0                BSP_LCD_DrawPixel
 .text.DrawChar
                0x000000000800772c      0x170 build/stm32f769i_discovery_lcd.o
 .text.LL_FillBuffer
                0x000000000800789c       0x70 build/stm32f769i_discovery_lcd.o
 .text.BSP_SDRAM_Init
                0x000000000800790c       0xbc build/stm32f769i_discovery_sdram.o
                0x000000000800790c                BSP_SDRAM_Init
 .text.BSP_SDRAM_Initialization_sequence
                0x00000000080079c8       0xc0 build/stm32f769i_discovery_sdram.o
                0x00000000080079c8                BSP_SDRAM_Initialization_sequence
 .text.BSP_SDRAM_MspInit
                0x0000000008007a88      0x1f0 build/stm32f769i_discovery_sdram.o
                0x0000000008007a88                BSP_SDRAM_MspInit
 .text.Reset_Handler
                0x0000000008007c78       0x50 build/startup_stm32f769xx.o
                0x0000000008007c78                Reset_Handler
 .text.Default_Handler
                0x0000000008007cc8        0x2 build/startup_stm32f769xx.o
                0x0000000008007cc8                RTC_Alarm_IRQHandler
                0x0000000008007cc8                EXTI2_IRQHandler
                0x0000000008007cc8                TIM8_CC_IRQHandler
                0x0000000008007cc8                UART8_IRQHandler
                0x0000000008007cc8                SPI4_IRQHandler
                0x0000000008007cc8                TIM1_CC_IRQHandler
                0x0000000008007cc8                DMA2_Stream5_IRQHandler
                0x0000000008007cc8                JPEG_IRQHandler
                0x0000000008007cc8                DMA1_Stream5_IRQHandler
                0x0000000008007cc8                CAN3_RX1_IRQHandler
                0x0000000008007cc8                PVD_IRQHandler
                0x0000000008007cc8                TAMP_STAMP_IRQHandler
                0x0000000008007cc8                CAN2_RX1_IRQHandler
                0x0000000008007cc8                EXTI3_IRQHandler
                0x0000000008007cc8                TIM8_TRG_COM_TIM14_IRQHandler
                0x0000000008007cc8                DFSDM1_FLT1_IRQHandler
                0x0000000008007cc8                TIM1_UP_TIM10_IRQHandler
                0x0000000008007cc8                I2C3_ER_IRQHandler
                0x0000000008007cc8                DFSDM1_FLT2_IRQHandler
                0x0000000008007cc8                EXTI0_IRQHandler
                0x0000000008007cc8                I2C2_EV_IRQHandler
                0x0000000008007cc8                DMA1_Stream2_IRQHandler
                0x0000000008007cc8                CAN1_RX0_IRQHandler
                0x0000000008007cc8                FPU_IRQHandler
                0x0000000008007cc8                OTG_HS_WKUP_IRQHandler
                0x0000000008007cc8                CAN3_SCE_IRQHandler
                0x0000000008007cc8                LTDC_ER_IRQHandler
                0x0000000008007cc8                CAN2_SCE_IRQHandler
                0x0000000008007cc8                DMA2_Stream2_IRQHandler
                0x0000000008007cc8                SPI1_IRQHandler
                0x0000000008007cc8                TIM6_DAC_IRQHandler
                0x0000000008007cc8                TIM1_BRK_TIM9_IRQHandler
                0x0000000008007cc8                DCMI_IRQHandler
                0x0000000008007cc8                CAN2_RX0_IRQHandler
                0x0000000008007cc8                DMA2_Stream3_IRQHandler
                0x0000000008007cc8                SAI2_IRQHandler
                0x0000000008007cc8                DFSDM1_FLT3_IRQHandler
                0x0000000008007cc8                USART6_IRQHandler
                0x0000000008007cc8                CAN3_RX0_IRQHandler
                0x0000000008007cc8                USART3_IRQHandler
                0x0000000008007cc8                CAN1_RX1_IRQHandler
                0x0000000008007cc8                UART5_IRQHandler
                0x0000000008007cc8                DMA2_Stream0_IRQHandler
                0x0000000008007cc8                TIM4_IRQHandler
                0x0000000008007cc8                QUADSPI_IRQHandler
                0x0000000008007cc8                I2C1_EV_IRQHandler
                0x0000000008007cc8                DMA1_Stream6_IRQHandler
                0x0000000008007cc8                DMA1_Stream1_IRQHandler
                0x0000000008007cc8                UART4_IRQHandler
                0x0000000008007cc8                TIM3_IRQHandler
                0x0000000008007cc8                RCC_IRQHandler
                0x0000000008007cc8                TIM8_BRK_TIM12_IRQHandler
                0x0000000008007cc8                Default_Handler
                0x0000000008007cc8                CEC_IRQHandler
                0x0000000008007cc8                EXTI15_10_IRQHandler
                0x0000000008007cc8                ADC_IRQHandler
                0x0000000008007cc8                DMA1_Stream7_IRQHandler
                0x0000000008007cc8                SPI5_IRQHandler
                0x0000000008007cc8                TIM7_IRQHandler
                0x0000000008007cc8                SDMMC1_IRQHandler
                0x0000000008007cc8                CAN2_TX_IRQHandler
                0x0000000008007cc8                TIM5_IRQHandler
                0x0000000008007cc8                DMA2_Stream7_IRQHandler
                0x0000000008007cc8                I2C3_EV_IRQHandler
                0x0000000008007cc8                EXTI9_5_IRQHandler
                0x0000000008007cc8                RTC_WKUP_IRQHandler
                0x0000000008007cc8                LTDC_IRQHandler
                0x0000000008007cc8                ETH_WKUP_IRQHandler
                0x0000000008007cc8                SPDIF_RX_IRQHandler
                0x0000000008007cc8                SPI2_IRQHandler
                0x0000000008007cc8                OTG_HS_EP1_IN_IRQHandler
                0x0000000008007cc8                DMA1_Stream0_IRQHandler
                0x0000000008007cc8                CAN1_TX_IRQHandler
                0x0000000008007cc8                EXTI4_IRQHandler
                0x0000000008007cc8                RNG_IRQHandler
                0x0000000008007cc8                DSI_IRQHandler
                0x0000000008007cc8                ETH_IRQHandler
                0x0000000008007cc8                OTG_HS_EP1_OUT_IRQHandler
                0x0000000008007cc8                WWDG_IRQHandler
                0x0000000008007cc8                SPI6_IRQHandler
                0x0000000008007cc8                MDIOS_IRQHandler
                0x0000000008007cc8                I2C4_EV_IRQHandler
                0x0000000008007cc8                CAN3_TX_IRQHandler
                0x0000000008007cc8                TIM2_IRQHandler
                0x0000000008007cc8                OTG_FS_WKUP_IRQHandler
                0x0000000008007cc8                TIM1_TRG_COM_TIM11_IRQHandler
                0x0000000008007cc8                OTG_HS_IRQHandler
                0x0000000008007cc8                DMA2D_IRQHandler
                0x0000000008007cc8                EXTI1_IRQHandler
                0x0000000008007cc8                SDMMC2_IRQHandler
                0x0000000008007cc8                UART7_IRQHandler
                0x0000000008007cc8                USART2_IRQHandler
                0x0000000008007cc8                DFSDM1_FLT0_IRQHandler
                0x0000000008007cc8                I2C2_ER_IRQHandler
                0x0000000008007cc8                DMA2_Stream1_IRQHandler
                0x0000000008007cc8                CAN1_SCE_IRQHandler
                0x0000000008007cc8                FLASH_IRQHandler
                0x0000000008007cc8                DMA2_Stream4_IRQHandler
                0x0000000008007cc8                USART1_IRQHandler
                0x0000000008007cc8                OTG_FS_IRQHandler
                0x0000000008007cc8                SPI3_IRQHandler
                0x0000000008007cc8                DMA1_Stream4_IRQHandler
                0x0000000008007cc8                I2C1_ER_IRQHandler
                0x0000000008007cc8                FMC_IRQHandler
                0x0000000008007cc8                LPTIM1_IRQHandler
                0x0000000008007cc8                I2C4_ER_IRQHandler
                0x0000000008007cc8                DMA2_Stream6_IRQHandler
                0x0000000008007cc8                SAI1_IRQHandler
                0x0000000008007cc8                DMA1_Stream3_IRQHandler
 *fill*         0x0000000008007cca        0x2 
 .text.__errno  0x0000000008007ccc        0xc /usr/bin/../lib/gcc/arm-none-eabi/4.9.3/../../../../arm-none-eabi/lib/cortex-m7/fpu/fpv5-sp-d16/libc_nano.a(lib_a-errno.o)
                0x0000000008007ccc                __errno
 .text.__libc_init_array
                0x0000000008007cd8       0x4c /usr/bin/../lib/gcc/arm-none-eabi/4.9.3/../../../../arm-none-eabi/lib/cortex-m7/fpu/fpv5-sp-d16/libc_nano.a(lib_a-init.o)
                0x0000000008007cd8                __libc_init_array
 .text.memset   0x0000000008007d24       0x10 /usr/bin/../lib/gcc/arm-none-eabi/4.9.3/../../../../arm-none-eabi/lib/cortex-m7/fpu/fpv5-sp-d16/libc_nano.a(lib_a-memset.o)
                0x0000000008007d24                memset
 .text._puts_r  0x0000000008007d34       0xf0 /usr/bin/../lib/gcc/arm-none-eabi/4.9.3/../../../../arm-none-eabi/lib/cortex-m7/fpu/fpv5-sp-d16/libc_nano.a(lib_a-puts.o)
                0x0000000008007d34                _puts_r
 .text.puts     0x0000000008007e24       0x10 /usr/bin/../lib/gcc/arm-none-eabi/4.9.3/../../../../arm-none-eabi/lib/cortex-m7/fpu/fpv5-sp-d16/libc_nano.a(lib_a-puts.o)
                0x0000000008007e24                puts
 .text.__swbuf_r
                0x0000000008007e34       0xa8 /usr/bin/../lib/gcc/arm-none-eabi/4.9.3/../../../../arm-none-eabi/lib/cortex-m7/fpu/fpv5-sp-d16/libc_nano.a(lib_a-wbuf.o)
                0x0000000008007e34                __swbuf_r
 .text.__swsetup_r
                0x0000000008007edc       0xd8 /usr/bin/../lib/gcc/arm-none-eabi/4.9.3/../../../../arm-none-eabi/lib/cortex-m7/fpu/fpv5-sp-d16/libc_nano.a(lib_a-wsetup.o)
                0x0000000008007edc                __swsetup_r
 .text.__sflush_r
                0x0000000008007fb4      0x106 /usr/bin/../lib/gcc/arm-none-eabi/4.9.3/../../../../arm-none-eabi/lib/cortex-m7/fpu/fpv5-sp-d16/libc_nano.a(lib_a-fflush.o)
                0x0000000008007fb4                __sflush_r
 *fill*         0x00000000080080ba        0x2 
 .text._fflush_r
                0x00000000080080bc       0x54 /usr/bin/../lib/gcc/arm-none-eabi/4.9.3/../../../../arm-none-eabi/lib/cortex-m7/fpu/fpv5-sp-d16/libc_nano.a(lib_a-fflush.o)
                0x00000000080080bc                _fflush_r
 .text._cleanup_r
                0x0000000008008110        0xc /usr/bin/../lib/gcc/arm-none-eabi/4.9.3/../../../../arm-none-eabi/lib/cortex-m7/fpu/fpv5-sp-d16/libc_nano.a(lib_a-findfp.o)
                0x0000000008008110                _cleanup_r
 .text.std.isra.0
                0x000000000800811c       0x54 /usr/bin/../lib/gcc/arm-none-eabi/4.9.3/../../../../arm-none-eabi/lib/cortex-m7/fpu/fpv5-sp-d16/libc_nano.a(lib_a-findfp.o)
 .text.__sfmoreglue
                0x0000000008008170       0x2c /usr/bin/../lib/gcc/arm-none-eabi/4.9.3/../../../../arm-none-eabi/lib/cortex-m7/fpu/fpv5-sp-d16/libc_nano.a(lib_a-findfp.o)
                0x0000000008008170                __sfmoreglue
 .text.__sinit  0x000000000800819c       0x60 /usr/bin/../lib/gcc/arm-none-eabi/4.9.3/../../../../arm-none-eabi/lib/cortex-m7/fpu/fpv5-sp-d16/libc_nano.a(lib_a-findfp.o)
                0x000000000800819c                __sinit
 .text.__sfp    0x00000000080081fc       0x74 /usr/bin/../lib/gcc/arm-none-eabi/4.9.3/../../../../arm-none-eabi/lib/cortex-m7/fpu/fpv5-sp-d16/libc_nano.a(lib_a-findfp.o)
                0x00000000080081fc                __sfp
 .text._fwalk_reent
                0x0000000008008270       0x3c /usr/bin/../lib/gcc/arm-none-eabi/4.9.3/../../../../arm-none-eabi/lib/cortex-m7/fpu/fpv5-sp-d16/libc_nano.a(lib_a-fwalk.o)
                0x0000000008008270                _fwalk_reent
 .text.__smakebuf_r
                0x00000000080082ac       0x98 /usr/bin/../lib/gcc/arm-none-eabi/4.9.3/../../../../arm-none-eabi/lib/cortex-m7/fpu/fpv5-sp-d16/libc_nano.a(lib_a-makebuf.o)
                0x00000000080082ac                __smakebuf_r
 .text._free_r  0x0000000008008344       0x88 /usr/bin/../lib/gcc/arm-none-eabi/4.9.3/../../../../arm-none-eabi/lib/cortex-m7/fpu/fpv5-sp-d16/libc_nano.a(lib_a-nano-freer.o)
                0x0000000008008344                _free_r
 .text._malloc_r
                0x00000000080083cc       0xac /usr/bin/../lib/gcc/arm-none-eabi/4.9.3/../../../../arm-none-eabi/lib/cortex-m7/fpu/fpv5-sp-d16/libc_nano.a(lib_a-nano-mallocr.o)
                0x00000000080083cc                _malloc_r
 .text._sbrk_r  0x0000000008008478       0x20 /usr/bin/../lib/gcc/arm-none-eabi/4.9.3/../../../../arm-none-eabi/lib/cortex-m7/fpu/fpv5-sp-d16/libc_nano.a(lib_a-sbrkr.o)
                0x0000000008008478                _sbrk_r
 .text.__sread  0x0000000008008498       0x22 /usr/bin/../lib/gcc/arm-none-eabi/4.9.3/../../../../arm-none-eabi/lib/cortex-m7/fpu/fpv5-sp-d16/libc_nano.a(lib_a-stdio.o)
                0x0000000008008498                __sread
 .text.__swrite
                0x00000000080084ba       0x38 /usr/bin/../lib/gcc/arm-none-eabi/4.9.3/../../../../arm-none-eabi/lib/cortex-m7/fpu/fpv5-sp-d16/libc_nano.a(lib_a-stdio.o)
                0x00000000080084ba                __swrite
 .text.__sseek  0x00000000080084f2       0x24 /usr/bin/../lib/gcc/arm-none-eabi/4.9.3/../../../../arm-none-eabi/lib/cortex-m7/fpu/fpv5-sp-d16/libc_nano.a(lib_a-stdio.o)
                0x00000000080084f2                __sseek
 .text.__sclose
                0x0000000008008516        0x8 /usr/bin/../lib/gcc/arm-none-eabi/4.9.3/../../../../arm-none-eabi/lib/cortex-m7/fpu/fpv5-sp-d16/libc_nano.a(lib_a-stdio.o)
                0x0000000008008516                __sclose
 *fill*         0x000000000800851e        0x2 
 .text._write_r
                0x0000000008008520       0x24 /usr/bin/../lib/gcc/arm-none-eabi/4.9.3/../../../../arm-none-eabi/lib/cortex-m7/fpu/fpv5-sp-d16/libc_nano.a(lib_a-writer.o)
                0x0000000008008520                _write_r
 .text._close_r
                0x0000000008008544       0x20 /usr/bin/../lib/gcc/arm-none-eabi/4.9.3/../../../../arm-none-eabi/lib/cortex-m7/fpu/fpv5-sp-d16/libc_nano.a(lib_a-closer.o)
                0x0000000008008544                _close_r
 .text._fstat_r
                0x0000000008008564       0x24 /usr/bin/../lib/gcc/arm-none-eabi/4.9.3/../../../../arm-none-eabi/lib/cortex-m7/fpu/fpv5-sp-d16/libc_nano.a(lib_a-fstatr.o)
                0x0000000008008564                _fstat_r
 .text._isatty_r
                0x0000000008008588       0x20 /usr/bin/../lib/gcc/arm-none-eabi/4.9.3/../../../../arm-none-eabi/lib/cortex-m7/fpu/fpv5-sp-d16/libc_nano.a(lib_a-isattyr.o)
                0x0000000008008588                _isatty_r
 .text._lseek_r
                0x00000000080085a8       0x24 /usr/bin/../lib/gcc/arm-none-eabi/4.9.3/../../../../arm-none-eabi/lib/cortex-m7/fpu/fpv5-sp-d16/libc_nano.a(lib_a-lseekr.o)
                0x00000000080085a8                _lseek_r
 .text._read_r  0x00000000080085cc       0x24 /usr/bin/../lib/gcc/arm-none-eabi/4.9.3/../../../../arm-none-eabi/lib/cortex-m7/fpu/fpv5-sp-d16/libc_nano.a(lib_a-readr.o)
                0x00000000080085cc                _read_r
 *(.glue_7)
 .glue_7        0x0000000000000000        0x0 linker stubs
 *(.glue_7t)
 .glue_7t       0x0000000000000000        0x0 linker stubs
 *(.eh_frame)
 .eh_frame      0x00000000080085f0        0x0 /usr/bin/../lib/gcc/arm-none-eabi/4.9.3/cortex-m7/fpu/fpv5-sp-d16/crtbegin.o
 *(.init)
 .init          0x00000000080085f0        0x4 /usr/bin/../lib/gcc/arm-none-eabi/4.9.3/cortex-m7/fpu/fpv5-sp-d16/crti.o
                0x00000000080085f0                _init
 .init          0x00000000080085f4        0x8 /usr/bin/../lib/gcc/arm-none-eabi/4.9.3/cortex-m7/fpu/fpv5-sp-d16/crtn.o
 *(.fini)
 .fini          0x00000000080085fc        0x4 /usr/bin/../lib/gcc/arm-none-eabi/4.9.3/cortex-m7/fpu/fpv5-sp-d16/crti.o
                0x00000000080085fc                _fini
 .fini          0x0000000008008600        0x8 /usr/bin/../lib/gcc/arm-none-eabi/4.9.3/cortex-m7/fpu/fpv5-sp-d16/crtn.o
                0x0000000008008608                . = ALIGN (0x4)
                0x0000000008008608                _etext = .

.vfp11_veneer   0x0000000008008608        0x0
 .vfp11_veneer  0x0000000000000000        0x0 linker stubs

.v4_bx          0x0000000008008608        0x0
 .v4_bx         0x0000000000000000        0x0 linker stubs

.iplt           0x0000000008008608        0x0
 .iplt          0x0000000000000000        0x0 /usr/bin/../lib/gcc/arm-none-eabi/4.9.3/cortex-m7/fpu/fpv5-sp-d16/crtbegin.o

.rodata         0x0000000008008608     0x2e04
                0x0000000008008608                . = ALIGN (0x4)
 *(.rodata)
 .rodata        0x0000000008008608        0x5 build/tasks.o
 *fill*         0x000000000800860d        0x3 
 .rodata        0x0000000008008610       0x5c build/main.o
 *(.rodata*)
 .rodata.flagBitshiftOffset.9302
                0x000000000800866c        0x8 build/stm32f7xx_hal_dma.o
 .rodata.AHBPrescTable
                0x0000000008008674       0x10 build/system_stm32f7xx.o
                0x0000000008008674                AHBPrescTable
 .rodata.APBPrescTable
                0x0000000008008684        0x8 build/system_stm32f7xx.o
                0x0000000008008684                APBPrescTable
 .rodata.lcdRegData1
                0x000000000800868c        0x4 build/otm8009a.o
                0x000000000800868c                lcdRegData1
 .rodata.lcdRegData2
                0x0000000008008690        0x3 build/otm8009a.o
                0x0000000008008690                lcdRegData2
 *fill*         0x0000000008008693        0x1 
 .rodata.lcdRegData3
                0x0000000008008694       0x11 build/otm8009a.o
                0x0000000008008694                lcdRegData3
 *fill*         0x00000000080086a5        0x3 
 .rodata.lcdRegData4
                0x00000000080086a8       0x11 build/otm8009a.o
                0x00000000080086a8                lcdRegData4
 *fill*         0x00000000080086b9        0x3 
 .rodata.lcdRegData5
                0x00000000080086bc        0x3 build/otm8009a.o
                0x00000000080086bc                lcdRegData5
 *fill*         0x00000000080086bf        0x1 
 .rodata.lcdRegData6
                0x00000000080086c0        0x3 build/otm8009a.o
                0x00000000080086c0                lcdRegData6
 *fill*         0x00000000080086c3        0x1 
 .rodata.lcdRegData7
                0x00000000080086c4        0x7 build/otm8009a.o
                0x00000000080086c4                lcdRegData7
 *fill*         0x00000000080086cb        0x1 
 .rodata.lcdRegData8
                0x00000000080086cc        0xf build/otm8009a.o
                0x00000000080086cc                lcdRegData8
 *fill*         0x00000000080086db        0x1 
 .rodata.lcdRegData9
                0x00000000080086dc        0xf build/otm8009a.o
                0x00000000080086dc                lcdRegData9
 *fill*         0x00000000080086eb        0x1 
 .rodata.lcdRegData10
                0x00000000080086ec        0xb build/otm8009a.o
                0x00000000080086ec                lcdRegData10
 *fill*         0x00000000080086f7        0x1 
 .rodata.lcdRegData11
                0x00000000080086f8        0xb build/otm8009a.o
                0x00000000080086f8                lcdRegData11
 *fill*         0x0000000008008703        0x1 
 .rodata.lcdRegData12
                0x0000000008008704       0x10 build/otm8009a.o
                0x0000000008008704                lcdRegData12
 .rodata.lcdRegData13
                0x0000000008008714       0x10 build/otm8009a.o
                0x0000000008008714                lcdRegData13
 .rodata.lcdRegData14
                0x0000000008008724        0xb build/otm8009a.o
                0x0000000008008724                lcdRegData14
 *fill*         0x000000000800872f        0x1 
 .rodata.lcdRegData15
                0x0000000008008730       0x10 build/otm8009a.o
                0x0000000008008730                lcdRegData15
 .rodata.lcdRegData16
                0x0000000008008740       0x10 build/otm8009a.o
                0x0000000008008740                lcdRegData16
 .rodata.lcdRegData17
                0x0000000008008750        0xb build/otm8009a.o
                0x0000000008008750                lcdRegData17
 *fill*         0x000000000800875b        0x1 
 .rodata.lcdRegData18
                0x000000000800875c        0xb build/otm8009a.o
                0x000000000800875c                lcdRegData18
 *fill*         0x0000000008008767        0x1 
 .rodata.lcdRegData19
                0x0000000008008768        0xb build/otm8009a.o
                0x0000000008008768                lcdRegData19
 *fill*         0x0000000008008773        0x1 
 .rodata.lcdRegData20
                0x0000000008008774       0x10 build/otm8009a.o
                0x0000000008008774                lcdRegData20
 .rodata.lcdRegData21
                0x0000000008008784       0x10 build/otm8009a.o
                0x0000000008008784                lcdRegData21
 .rodata.lcdRegData22
                0x0000000008008794        0xb build/otm8009a.o
                0x0000000008008794                lcdRegData22
 *fill*         0x000000000800879f        0x1 
 .rodata.lcdRegData23
                0x00000000080087a0       0x10 build/otm8009a.o
                0x00000000080087a0                lcdRegData23
 .rodata.lcdRegData24
                0x00000000080087b0       0x10 build/otm8009a.o
                0x00000000080087b0                lcdRegData24
 .rodata.lcdRegData25
                0x00000000080087c0        0x4 build/otm8009a.o
                0x00000000080087c0                lcdRegData25
 .rodata.lcdRegData27
                0x00000000080087c4        0x5 build/otm8009a.o
                0x00000000080087c4                lcdRegData27
 *fill*         0x00000000080087c9        0x3 
 .rodata.lcdRegData28
                0x00000000080087cc        0x5 build/otm8009a.o
                0x00000000080087cc                lcdRegData28
 *fill*         0x00000000080087d1        0x3 
 .rodata.ShortRegData1
                0x00000000080087d4        0x2 build/otm8009a.o
                0x00000000080087d4                ShortRegData1
 *fill*         0x00000000080087d6        0x2 
 .rodata.ShortRegData2
                0x00000000080087d8        0x2 build/otm8009a.o
                0x00000000080087d8                ShortRegData2
 *fill*         0x00000000080087da        0x2 
 .rodata.ShortRegData3
                0x00000000080087dc        0x2 build/otm8009a.o
                0x00000000080087dc                ShortRegData3
 *fill*         0x00000000080087de        0x2 
 .rodata.ShortRegData4
                0x00000000080087e0        0x2 build/otm8009a.o
                0x00000000080087e0                ShortRegData4
 *fill*         0x00000000080087e2        0x2 
 .rodata.ShortRegData5
                0x00000000080087e4        0x2 build/otm8009a.o
                0x00000000080087e4                ShortRegData5
 *fill*         0x00000000080087e6        0x2 
 .rodata.ShortRegData6
                0x00000000080087e8        0x2 build/otm8009a.o
                0x00000000080087e8                ShortRegData6
 *fill*         0x00000000080087ea        0x2 
 .rodata.ShortRegData7
                0x00000000080087ec        0x2 build/otm8009a.o
                0x00000000080087ec                ShortRegData7
 *fill*         0x00000000080087ee        0x2 
 .rodata.ShortRegData8
                0x00000000080087f0        0x2 build/otm8009a.o
                0x00000000080087f0                ShortRegData8
 *fill*         0x00000000080087f2        0x2 
 .rodata.ShortRegData9
                0x00000000080087f4        0x2 build/otm8009a.o
                0x00000000080087f4                ShortRegData9
 *fill*         0x00000000080087f6        0x2 
 .rodata.ShortRegData10
                0x00000000080087f8        0x2 build/otm8009a.o
                0x00000000080087f8                ShortRegData10
 *fill*         0x00000000080087fa        0x2 
 .rodata.ShortRegData11
                0x00000000080087fc        0x2 build/otm8009a.o
                0x00000000080087fc                ShortRegData11
 *fill*         0x00000000080087fe        0x2 
 .rodata.ShortRegData12
                0x0000000008008800        0x2 build/otm8009a.o
                0x0000000008008800                ShortRegData12
 *fill*         0x0000000008008802        0x2 
 .rodata.ShortRegData13
                0x0000000008008804        0x2 build/otm8009a.o
                0x0000000008008804                ShortRegData13
 *fill*         0x0000000008008806        0x2 
 .rodata.ShortRegData14
                0x0000000008008808        0x2 build/otm8009a.o
                0x0000000008008808                ShortRegData14
 *fill*         0x000000000800880a        0x2 
 .rodata.ShortRegData15
                0x000000000800880c        0x2 build/otm8009a.o
                0x000000000800880c                ShortRegData15
 *fill*         0x000000000800880e        0x2 
 .rodata.ShortRegData16
                0x0000000008008810        0x2 build/otm8009a.o
                0x0000000008008810                ShortRegData16
 *fill*         0x0000000008008812        0x2 
 .rodata.ShortRegData17
                0x0000000008008814        0x2 build/otm8009a.o
                0x0000000008008814                ShortRegData17
 *fill*         0x0000000008008816        0x2 
 .rodata.ShortRegData18
                0x0000000008008818        0x2 build/otm8009a.o
                0x0000000008008818                ShortRegData18
 *fill*         0x000000000800881a        0x2 
 .rodata.ShortRegData19
                0x000000000800881c        0x2 build/otm8009a.o
                0x000000000800881c                ShortRegData19
 *fill*         0x000000000800881e        0x2 
 .rodata.ShortRegData20
                0x0000000008008820        0x2 build/otm8009a.o
                0x0000000008008820                ShortRegData20
 *fill*         0x0000000008008822        0x2 
 .rodata.ShortRegData21
                0x0000000008008824        0x2 build/otm8009a.o
                0x0000000008008824                ShortRegData21
 *fill*         0x0000000008008826        0x2 
 .rodata.ShortRegData22
                0x0000000008008828        0x2 build/otm8009a.o
                0x0000000008008828                ShortRegData22
 *fill*         0x000000000800882a        0x2 
 .rodata.ShortRegData23
                0x000000000800882c        0x2 build/otm8009a.o
                0x000000000800882c                ShortRegData23
 *fill*         0x000000000800882e        0x2 
 .rodata.ShortRegData24
                0x0000000008008830        0x2 build/otm8009a.o
                0x0000000008008830                ShortRegData24
 *fill*         0x0000000008008832        0x2 
 .rodata.ShortRegData25
                0x0000000008008834        0x2 build/otm8009a.o
                0x0000000008008834                ShortRegData25
 *fill*         0x0000000008008836        0x2 
 .rodata.ShortRegData26
                0x0000000008008838        0x2 build/otm8009a.o
                0x0000000008008838                ShortRegData26
 *fill*         0x000000000800883a        0x2 
 .rodata.ShortRegData27
                0x000000000800883c        0x2 build/otm8009a.o
                0x000000000800883c                ShortRegData27
 *fill*         0x000000000800883e        0x2 
 .rodata.ShortRegData28
                0x0000000008008840        0x2 build/otm8009a.o
                0x0000000008008840                ShortRegData28
 *fill*         0x0000000008008842        0x2 
 .rodata.ShortRegData29
                0x0000000008008844        0x2 build/otm8009a.o
                0x0000000008008844                ShortRegData29
 *fill*         0x0000000008008846        0x2 
 .rodata.ShortRegData30
                0x0000000008008848        0x2 build/otm8009a.o
                0x0000000008008848                ShortRegData30
 *fill*         0x000000000800884a        0x2 
 .rodata.ShortRegData31
                0x000000000800884c        0x2 build/otm8009a.o
                0x000000000800884c                ShortRegData31
 *fill*         0x000000000800884e        0x2 
 .rodata.ShortRegData32
                0x0000000008008850        0x2 build/otm8009a.o
                0x0000000008008850                ShortRegData32
 *fill*         0x0000000008008852        0x2 
 .rodata.ShortRegData33
                0x0000000008008854        0x2 build/otm8009a.o
                0x0000000008008854                ShortRegData33
 *fill*         0x0000000008008856        0x2 
 .rodata.ShortRegData34
                0x0000000008008858        0x2 build/otm8009a.o
                0x0000000008008858                ShortRegData34
 *fill*         0x000000000800885a        0x2 
 .rodata.ShortRegData35
                0x000000000800885c        0x2 build/otm8009a.o
                0x000000000800885c                ShortRegData35
 *fill*         0x000000000800885e        0x2 
 .rodata.ShortRegData36
                0x0000000008008860        0x2 build/otm8009a.o
                0x0000000008008860                ShortRegData36
 *fill*         0x0000000008008862        0x2 
 .rodata.ShortRegData37
                0x0000000008008864        0x2 build/otm8009a.o
                0x0000000008008864                ShortRegData37
 *fill*         0x0000000008008866        0x2 
 .rodata.ShortRegData38
                0x0000000008008868        0x2 build/otm8009a.o
                0x0000000008008868                ShortRegData38
 *fill*         0x000000000800886a        0x2 
 .rodata.ShortRegData39
                0x000000000800886c        0x2 build/otm8009a.o
                0x000000000800886c                ShortRegData39
 *fill*         0x000000000800886e        0x2 
 .rodata.ShortRegData40
                0x0000000008008870        0x2 build/otm8009a.o
                0x0000000008008870                ShortRegData40
 *fill*         0x0000000008008872        0x2 
 .rodata.ShortRegData41
                0x0000000008008874        0x2 build/otm8009a.o
                0x0000000008008874                ShortRegData41
 *fill*         0x0000000008008876        0x2 
 .rodata.ShortRegData42
                0x0000000008008878        0x2 build/otm8009a.o
                0x0000000008008878                ShortRegData42
 *fill*         0x000000000800887a        0x2 
 .rodata.ShortRegData43
                0x000000000800887c        0x2 build/otm8009a.o
                0x000000000800887c                ShortRegData43
 *fill*         0x000000000800887e        0x2 
 .rodata.ShortRegData44
                0x0000000008008880        0x2 build/otm8009a.o
                0x0000000008008880                ShortRegData44
 *fill*         0x0000000008008882        0x2 
 .rodata.ShortRegData45
                0x0000000008008884        0x2 build/otm8009a.o
                0x0000000008008884                ShortRegData45
 *fill*         0x0000000008008886        0x2 
 .rodata.ShortRegData46
                0x0000000008008888        0x2 build/otm8009a.o
                0x0000000008008888                ShortRegData46
 *fill*         0x000000000800888a        0x2 
 .rodata.ShortRegData47
                0x000000000800888c        0x2 build/otm8009a.o
                0x000000000800888c                ShortRegData47
 *fill*         0x000000000800888e        0x2 
 .rodata.ShortRegData48
                0x0000000008008890        0x2 build/otm8009a.o
                0x0000000008008890                ShortRegData48
 *fill*         0x0000000008008892        0x2 
 .rodata.ShortRegData49
                0x0000000008008894        0x2 build/otm8009a.o
                0x0000000008008894                ShortRegData49
 *fill*         0x0000000008008896        0x2 
 .rodata.Font24_Table
                0x0000000008008898     0x1ab8 build/stm32f769i_discovery_lcd.o
                0x0000000008008898                Font24_Table
 .rodata.Font16_Table
                0x000000000800a350      0xbe0 build/stm32f769i_discovery_lcd.o
                0x000000000800a350                Font16_Table
 .rodata.Font12_Table
                0x000000000800af30      0x474 build/stm32f769i_discovery_lcd.o
                0x000000000800af30                Font12_Table
 .rodata.str1.1
                0x000000000800b3a4        0x2 /usr/bin/../lib/gcc/arm-none-eabi/4.9.3/../../../../arm-none-eabi/lib/cortex-m7/fpu/fpv5-sp-d16/libc_nano.a(lib_a-impure.o)
 *fill*         0x000000000800b3a6        0x2 
 .rodata._global_impure_ptr
                0x000000000800b3a8        0x4 /usr/bin/../lib/gcc/arm-none-eabi/4.9.3/../../../../arm-none-eabi/lib/cortex-m7/fpu/fpv5-sp-d16/libc_nano.a(lib_a-impure.o)
                0x000000000800b3a8                _global_impure_ptr
 .rodata.__sf_fake_stdin
                0x000000000800b3ac       0x20 /usr/bin/../lib/gcc/arm-none-eabi/4.9.3/../../../../arm-none-eabi/lib/cortex-m7/fpu/fpv5-sp-d16/libc_nano.a(lib_a-findfp.o)
                0x000000000800b3ac                __sf_fake_stdin
 .rodata.__sf_fake_stdout
                0x000000000800b3cc       0x20 /usr/bin/../lib/gcc/arm-none-eabi/4.9.3/../../../../arm-none-eabi/lib/cortex-m7/fpu/fpv5-sp-d16/libc_nano.a(lib_a-findfp.o)
                0x000000000800b3cc                __sf_fake_stdout
 .rodata.__sf_fake_stderr
                0x000000000800b3ec       0x20 /usr/bin/../lib/gcc/arm-none-eabi/4.9.3/../../../../arm-none-eabi/lib/cortex-m7/fpu/fpv5-sp-d16/libc_nano.a(lib_a-findfp.o)
                0x000000000800b3ec                __sf_fake_stderr
                0x000000000800b40c                . = ALIGN (0x4)

.rel.dyn        0x000000000800b40c        0x0
 .rel.iplt      0x0000000000000000        0x0 /usr/bin/../lib/gcc/arm-none-eabi/4.9.3/cortex-m7/fpu/fpv5-sp-d16/crtbegin.o

.ARM.extab
 *(.ARM.extab* .gnu.linkonce.armextab.*)

.ARM            0x000000000800b40c        0x0
                0x000000000800b40c                __exidx_start = .
 *(.ARM.exidx*)
                0x000000000800b40c                __exidx_end = .

.preinit_array  0x000000000800b40c        0x0
                0x000000000800b40c                PROVIDE (__preinit_array_start, .)
 *(.preinit_array*)
                0x000000000800b40c                PROVIDE (__preinit_array_end, .)

.init_array     0x000000000800b40c        0x4
                0x000000000800b40c                PROVIDE (__init_array_start, .)
 *(SORT(.init_array.*))
 *(.init_array*)
 .init_array    0x000000000800b40c        0x4 /usr/bin/../lib/gcc/arm-none-eabi/4.9.3/cortex-m7/fpu/fpv5-sp-d16/crtbegin.o
                0x000000000800b410                PROVIDE (__init_array_end, .)

.fini_array     0x000000000800b410        0x4
                0x000000000800b410                PROVIDE (__fini_array_start, .)
 *(SORT(.fini_array.*))
 *(.fini_array*)
 .fini_array    0x000000000800b410        0x4 /usr/bin/../lib/gcc/arm-none-eabi/4.9.3/cortex-m7/fpu/fpv5-sp-d16/crtbegin.o
                0x000000000800b414                PROVIDE (__fini_array_end, .)
                0x000000000800b414                _sidata = LOADADDR (.data)

.data           0x0000000020011798       0xa0 load address 0x000000000800b414
                0x0000000020011798                . = ALIGN (0x4)
                0x0000000020011798                _sdata = .
 *(.data)
 *(.data*)
 .data.uxCriticalNesting
                0x0000000020011798        0x4 build/port.o
 .data.SystemCoreClock
                0x000000002001179c        0x4 build/system_stm32f7xx.o
                0x000000002001179c                SystemCoreClock
 .data.GPIO_PIN
                0x00000000200117a0        0x8 build/stm32f769i_discovery.o
                0x00000000200117a0                GPIO_PIN
 .data.GPIO_PORT
                0x00000000200117a8        0x8 build/stm32f769i_discovery.o
                0x00000000200117a8                GPIO_PORT
 .data.Font24   0x00000000200117b0        0x8 build/stm32f769i_discovery_lcd.o
                0x00000000200117b0                Font24
 .data.Font16   0x00000000200117b8        0x8 build/stm32f769i_discovery_lcd.o
                0x00000000200117b8                Font16
 .data.Font12   0x00000000200117c0        0x8 build/stm32f769i_discovery_lcd.o
                0x00000000200117c0                Font12
 .data.lcd_x_size
                0x00000000200117c8        0x4 build/stm32f769i_discovery_lcd.o
                0x00000000200117c8                lcd_x_size
 .data.lcd_y_size
                0x00000000200117cc        0x4 build/stm32f769i_discovery_lcd.o
                0x00000000200117cc                lcd_y_size
 .data.sdramstatus.9218
                0x00000000200117d0        0x1 build/stm32f769i_discovery_sdram.o
 *fill*         0x00000000200117d1        0x3 
 .data.impure_data
                0x00000000200117d4       0x60 /usr/bin/../lib/gcc/arm-none-eabi/4.9.3/../../../../arm-none-eabi/lib/cortex-m7/fpu/fpv5-sp-d16/libc_nano.a(lib_a-impure.o)
 .data._impure_ptr
                0x0000000020011834        0x4 /usr/bin/../lib/gcc/arm-none-eabi/4.9.3/../../../../arm-none-eabi/lib/cortex-m7/fpu/fpv5-sp-d16/libc_nano.a(lib_a-impure.o)
                0x0000000020011834                _impure_ptr
                0x0000000020011838                . = ALIGN (0x4)
                0x0000000020011838                _edata = .

.jcr            0x0000000020011838        0x0 load address 0x000000000800b4b4
 .jcr           0x0000000020011838        0x0 /usr/bin/../lib/gcc/arm-none-eabi/4.9.3/cortex-m7/fpu/fpv5-sp-d16/crtbegin.o

.igot.plt       0x0000000020011838        0x0 load address 0x000000000800b4b4
 .igot.plt      0x0000000000000000        0x0 /usr/bin/../lib/gcc/arm-none-eabi/4.9.3/cortex-m7/fpu/fpv5-sp-d16/crtbegin.o
                0x0000000020011838                . = ALIGN (0x4)

.bss            0x0000000020011838     0x7d70 load address 0x000000000800b4b4
                0x0000000020011838                _sbss = .
                0x0000000020011838                __bss_start__ = _sbss
 *(.bss)
 .bss           0x0000000020011838       0x1c /usr/bin/../lib/gcc/arm-none-eabi/4.9.3/cortex-m7/fpu/fpv5-sp-d16/crtbegin.o
 *(.bss*)
 .bss.ucMaxSysCallPriority
                0x0000000020011854        0x1 build/port.o
 *fill*         0x0000000020011855        0x3 
 .bss.ulMaxPRIGROUPValue
                0x0000000020011858        0x4 build/port.o
 .bss.ucHeap    0x000000002001185c     0x3c00 build/heap_4.o
 .bss.xStart    0x000000002001545c        0x8 build/heap_4.o
 .bss.pxEnd     0x0000000020015464        0x4 build/heap_4.o
 .bss.xFreeBytesRemaining
                0x0000000020015468        0x4 build/heap_4.o
 .bss.xMinimumEverFreeBytesRemaining
                0x000000002001546c        0x4 build/heap_4.o
 .bss.xBlockAllocatedBit
                0x0000000020015470        0x4 build/heap_4.o
 .bss.pxCurrentTCB
                0x0000000020015474        0x4 build/tasks.o
                0x0000000020015474                pxCurrentTCB
 .bss.pxReadyTasksLists
                0x0000000020015478       0x8c build/tasks.o
 .bss.xDelayedTaskList1
                0x0000000020015504       0x14 build/tasks.o
 .bss.xDelayedTaskList2
                0x0000000020015518       0x14 build/tasks.o
 .bss.pxDelayedTaskList
                0x000000002001552c        0x4 build/tasks.o
 .bss.pxOverflowDelayedTaskList
                0x0000000020015530        0x4 build/tasks.o
 .bss.xPendingReadyList
                0x0000000020015534       0x14 build/tasks.o
 .bss.xTasksWaitingTermination
                0x0000000020015548       0x14 build/tasks.o
 .bss.uxDeletedTasksWaitingCleanUp
                0x000000002001555c        0x4 build/tasks.o
 .bss.xSuspendedTaskList
                0x0000000020015560       0x14 build/tasks.o
 .bss.uxCurrentNumberOfTasks
                0x0000000020015574        0x4 build/tasks.o
 .bss.xTickCount
                0x0000000020015578        0x4 build/tasks.o
 .bss.uxTopReadyPriority
                0x000000002001557c        0x4 build/tasks.o
 .bss.xSchedulerRunning
                0x0000000020015580        0x4 build/tasks.o
 .bss.uxPendedTicks
                0x0000000020015584        0x4 build/tasks.o
 .bss.xYieldPending
                0x0000000020015588        0x4 build/tasks.o
 .bss.xNumOfOverflows
                0x000000002001558c        0x4 build/tasks.o
 .bss.uxTaskNumber
                0x0000000020015590        0x4 build/tasks.o
 .bss.xNextTaskUnblockTime
                0x0000000020015594        0x4 build/tasks.o
 .bss.xIdleTaskHandle
                0x0000000020015598        0x4 build/tasks.o
 .bss.uxSchedulerSuspended
                0x000000002001559c        0x4 build/tasks.o
 .bss.heap_end.5710
                0x00000000200155a0        0x4 build/syscalls.o
 .bss.hdsivideo_handle
                0x00000000200155a4       0x6c build/stm32f769i_discovery_lcd.o
 .bss.ActiveLayer
                0x0000000020015610        0x4 build/stm32f769i_discovery_lcd.o
 .bss.DrawProp  0x0000000020015614       0x18 build/stm32f769i_discovery_lcd.o
 .bss.PeriphClkInitStruct.9746
                0x000000002001562c       0x90 build/stm32f769i_discovery_lcd.o
 .bss.Timing    0x00000000200156bc       0x1c build/stm32f769i_discovery_sdram.o
 .bss.Command   0x00000000200156d8       0x10 build/stm32f769i_discovery_sdram.o
 .bss.dma_handle.9254
                0x00000000200156e8       0x60 build/stm32f769i_discovery_sdram.o
 .bss.__malloc_sbrk_start
                0x0000000020015748        0x4 /usr/bin/../lib/gcc/arm-none-eabi/4.9.3/../../../../arm-none-eabi/lib/cortex-m7/fpu/fpv5-sp-d16/libc_nano.a(lib_a-nano-mallocr.o)
                0x0000000020015748                __malloc_sbrk_start
 .bss.__malloc_free_list
                0x000000002001574c        0x4 /usr/bin/../lib/gcc/arm-none-eabi/4.9.3/../../../../arm-none-eabi/lib/cortex-m7/fpu/fpv5-sp-d16/libc_nano.a(lib_a-nano-mallocr.o)
                0x000000002001574c                __malloc_free_list
 *(COMMON)
 COMMON         0x0000000020015750        0x4 build/stm32f7xx_hal.o
                0x0000000020015750                uwTick
 COMMON         0x0000000020015754     0x3c6a build/lcd_log.o
                0x0000000020015754                LCD_CacheBuffer_yptr_bottom_bak
                0x0000000020015756                LCD_CacheBuffer_yptr_top_bak
                0x0000000020015758                LCD_CacheBuffer_yptr_bottom
                0x000000002001575a                LCD_CacheBuffer_xptr
                0x000000002001575c                LCD_CacheBuffer_yptr_invert
                0x000000002001575d                LCD_Lock
                0x000000002001575e                LCD_Scrolled
                0x0000000020015760                LCD_CacheBuffer_yptr_top
                0x0000000020015762                LCD_ScrollActive
                0x0000000020015764                LCD_CacheBuffer
                0x00000000200193b8                LCD_LineColor
                0x00000000200193bc                LCD_ScrollBackStep
 *fill*         0x00000000200193be        0x2 
 COMMON         0x00000000200193c0       0x54 build/main.o
                0x00000000200193c0                hrtc
                0x00000000200193e0                hsdram1
 COMMON         0x0000000020019414       0x40 build/stm32f7xx_hal_timebase_tim.o
                0x0000000020019414                htim13
 COMMON         0x0000000020019454      0x11c build/stm32f769i_discovery_lcd.o
                0x0000000020019454                hdma2d_discovery
                0x00000000200194ac                hltdc_discovery
                0x0000000020019554                hdsi_discovery
 COMMON         0x0000000020019570       0x34 build/stm32f769i_discovery_sdram.o
                0x0000000020019570                sdramHandle
 COMMON         0x00000000200195a4        0x4 /usr/bin/../lib/gcc/arm-none-eabi/4.9.3/../../../../arm-none-eabi/lib/cortex-m7/fpu/fpv5-sp-d16/libc_nano.a(lib_a-reent.o)
                0x00000000200195a4                errno
                0x00000000200195a8                . = ALIGN (0x4)
                0x00000000200195a8                _ebss = .
                0x00000000200195a8                __bss_end__ = _ebss

._user_heap_stack
                0x00000000200195a8      0x600 load address 0x000000000800b4b4
                0x00000000200195a8                . = ALIGN (0x8)
                0x00000000200195a8                PROVIDE (end, .)
                0x00000000200195a8                PROVIDE (_end, .)
                0x00000000200197a8                . = (. + _Min_Heap_Size)
 *fill*         0x00000000200195a8      0x200 
                0x0000000020019ba8                . = (. + _Min_Stack_Size)
 *fill*         0x00000000200197a8      0x400 
                0x0000000020019ba8                . = ALIGN (0x8)

/DISCARD/
 libc.a(*)
 libm.a(*)
 libgcc.a(*)

.ARM.attributes
                0x0000000000000000       0x35
 *(.ARM.attributes)
 .ARM.attributes
                0x0000000000000000       0x27 /usr/bin/../lib/gcc/arm-none-eabi/4.9.3/cortex-m7/fpu/fpv5-sp-d16/crti.o
 .ARM.attributes
                0x0000000000000027       0x39 /usr/bin/../lib/gcc/arm-none-eabi/4.9.3/cortex-m7/fpu/fpv5-sp-d16/crtbegin.o
 .ARM.attributes
                0x0000000000000060       0x39 build/stm32f7xx_hal.o
 .ARM.attributes
                0x0000000000000099       0x39 build/stm32f7xx_hal_cortex.o
 .ARM.attributes
                0x00000000000000d2       0x39 build/stm32f7xx_hal_dma.o
 .ARM.attributes
                0x000000000000010b       0x39 build/stm32f7xx_hal_dma2d.o
 .ARM.attributes
                0x0000000000000144       0x39 build/stm32f7xx_hal_dsi.o
 .ARM.attributes
                0x000000000000017d       0x39 build/stm32f7xx_hal_gpio.o
 .ARM.attributes
                0x00000000000001b6       0x39 build/stm32f7xx_hal_ltdc.o
 .ARM.attributes
                0x00000000000001ef       0x39 build/stm32f7xx_hal_ltdc_ex.o
 .ARM.attributes
                0x0000000000000228       0x39 build/stm32f7xx_hal_pwr_ex.o
 .ARM.attributes
                0x0000000000000261       0x39 build/stm32f7xx_hal_rcc.o
 .ARM.attributes
                0x000000000000029a       0x39 build/stm32f7xx_hal_rcc_ex.o
 .ARM.attributes
                0x00000000000002d3       0x39 build/stm32f7xx_hal_sdram.o
 .ARM.attributes
                0x000000000000030c       0x39 build/stm32f7xx_hal_tim.o
 .ARM.attributes
                0x0000000000000345       0x39 build/stm32f7xx_hal_tim_ex.o
 .ARM.attributes
                0x000000000000037e       0x39 build/stm32f7xx_ll_fmc.o
 .ARM.attributes
                0x00000000000003b7       0x39 build/stm32f7xx_hal_rtc.o
 .ARM.attributes
                0x00000000000003f0       0x39 build/list.o
 .ARM.attributes
                0x0000000000000429       0x39 build/port.o
 .ARM.attributes
                0x0000000000000462       0x39 build/heap_4.o
 .ARM.attributes
                0x000000000000049b       0x39 build/tasks.o
 .ARM.attributes
                0x00000000000004d4       0x39 build/lcd_log.o
 .ARM.attributes
                0x000000000000050d       0x39 build/main.o
 .ARM.attributes
                0x0000000000000546       0x39 build/stm32f7xx_hal_msp.o
 .ARM.attributes
                0x000000000000057f       0x39 build/stm32f7xx_hal_timebase_tim.o
 .ARM.attributes
                0x00000000000005b8       0x39 build/stm32f7xx_it.o
 .ARM.attributes
                0x00000000000005f1       0x39 build/system_stm32f7xx.o
 .ARM.attributes
                0x000000000000062a       0x39 build/syscalls.o
 .ARM.attributes
                0x0000000000000663       0x39 build/otm8009a.o
 .ARM.attributes
                0x000000000000069c       0x39 build/stm32f769i_discovery.o
 .ARM.attributes
                0x00000000000006d5       0x39 build/stm32f769i_discovery_lcd.o
 .ARM.attributes
                0x000000000000070e       0x39 build/stm32f769i_discovery_sdram.o
 .ARM.attributes
                0x0000000000000747       0x21 build/startup_stm32f769xx.o
 .ARM.attributes
                0x0000000000000768       0x39 /usr/bin/../lib/gcc/arm-none-eabi/4.9.3/../../../../arm-none-eabi/lib/cortex-m7/fpu/fpv5-sp-d16/libc_nano.a(lib_a-errno.o)
 .ARM.attributes
                0x00000000000007a1       0x39 /usr/bin/../lib/gcc/arm-none-eabi/4.9.3/../../../../arm-none-eabi/lib/cortex-m7/fpu/fpv5-sp-d16/libc_nano.a(lib_a-impure.o)
 .ARM.attributes
                0x00000000000007da       0x39 /usr/bin/../lib/gcc/arm-none-eabi/4.9.3/../../../../arm-none-eabi/lib/cortex-m7/fpu/fpv5-sp-d16/libc_nano.a(lib_a-init.o)
 .ARM.attributes
                0x0000000000000813       0x39 /usr/bin/../lib/gcc/arm-none-eabi/4.9.3/../../../../arm-none-eabi/lib/cortex-m7/fpu/fpv5-sp-d16/libc_nano.a(lib_a-memset.o)
 .ARM.attributes
                0x000000000000084c       0x39 /usr/bin/../lib/gcc/arm-none-eabi/4.9.3/../../../../arm-none-eabi/lib/cortex-m7/fpu/fpv5-sp-d16/libc_nano.a(lib_a-puts.o)
 .ARM.attributes
                0x0000000000000885       0x39 /usr/bin/../lib/gcc/arm-none-eabi/4.9.3/../../../../arm-none-eabi/lib/cortex-m7/fpu/fpv5-sp-d16/libc_nano.a(lib_a-wbuf.o)
 .ARM.attributes
                0x00000000000008be       0x39 /usr/bin/../lib/gcc/arm-none-eabi/4.9.3/../../../../arm-none-eabi/lib/cortex-m7/fpu/fpv5-sp-d16/libc_nano.a(lib_a-wsetup.o)
 .ARM.attributes
                0x00000000000008f7       0x39 /usr/bin/../lib/gcc/arm-none-eabi/4.9.3/../../../../arm-none-eabi/lib/cortex-m7/fpu/fpv5-sp-d16/libc_nano.a(lib_a-fflush.o)
 .ARM.attributes
                0x0000000000000930       0x39 /usr/bin/../lib/gcc/arm-none-eabi/4.9.3/../../../../arm-none-eabi/lib/cortex-m7/fpu/fpv5-sp-d16/libc_nano.a(lib_a-findfp.o)
 .ARM.attributes
                0x0000000000000969       0x39 /usr/bin/../lib/gcc/arm-none-eabi/4.9.3/../../../../arm-none-eabi/lib/cortex-m7/fpu/fpv5-sp-d16/libc_nano.a(lib_a-fwalk.o)
 .ARM.attributes
                0x00000000000009a2       0x39 /usr/bin/../lib/gcc/arm-none-eabi/4.9.3/../../../../arm-none-eabi/lib/cortex-m7/fpu/fpv5-sp-d16/libc_nano.a(lib_a-makebuf.o)
 .ARM.attributes
                0x00000000000009db       0x39 /usr/bin/../lib/gcc/arm-none-eabi/4.9.3/../../../../arm-none-eabi/lib/cortex-m7/fpu/fpv5-sp-d16/libc_nano.a(lib_a-nano-freer.o)
 .ARM.attributes
                0x0000000000000a14       0x39 /usr/bin/../lib/gcc/arm-none-eabi/4.9.3/../../../../arm-none-eabi/lib/cortex-m7/fpu/fpv5-sp-d16/libc_nano.a(lib_a-nano-mallocr.o)
 .ARM.attributes
                0x0000000000000a4d       0x39 /usr/bin/../lib/gcc/arm-none-eabi/4.9.3/../../../../arm-none-eabi/lib/cortex-m7/fpu/fpv5-sp-d16/libc_nano.a(lib_a-sbrkr.o)
 .ARM.attributes
                0x0000000000000a86       0x39 /usr/bin/../lib/gcc/arm-none-eabi/4.9.3/../../../../arm-none-eabi/lib/cortex-m7/fpu/fpv5-sp-d16/libc_nano.a(lib_a-stdio.o)
 .ARM.attributes
                0x0000000000000abf       0x39 /usr/bin/../lib/gcc/arm-none-eabi/4.9.3/../../../../arm-none-eabi/lib/cortex-m7/fpu/fpv5-sp-d16/libc_nano.a(lib_a-writer.o)
 .ARM.attributes
                0x0000000000000af8       0x39 /usr/bin/../lib/gcc/arm-none-eabi/4.9.3/../../../../arm-none-eabi/lib/cortex-m7/fpu/fpv5-sp-d16/libc_nano.a(lib_a-closer.o)
 .ARM.attributes
                0x0000000000000b31       0x39 /usr/bin/../lib/gcc/arm-none-eabi/4.9.3/../../../../arm-none-eabi/lib/cortex-m7/fpu/fpv5-sp-d16/libc_nano.a(lib_a-fstatr.o)
 .ARM.attributes
                0x0000000000000b6a       0x39 /usr/bin/../lib/gcc/arm-none-eabi/4.9.3/../../../../arm-none-eabi/lib/cortex-m7/fpu/fpv5-sp-d16/libc_nano.a(lib_a-isattyr.o)
 .ARM.attributes
                0x0000000000000ba3       0x39 /usr/bin/../lib/gcc/arm-none-eabi/4.9.3/../../../../arm-none-eabi/lib/cortex-m7/fpu/fpv5-sp-d16/libc_nano.a(lib_a-lseekr.o)
 .ARM.attributes
                0x0000000000000bdc       0x39 /usr/bin/../lib/gcc/arm-none-eabi/4.9.3/../../../../arm-none-eabi/lib/cortex-m7/fpu/fpv5-sp-d16/libc_nano.a(lib_a-readr.o)
 .ARM.attributes
                0x0000000000000c15       0x39 /usr/bin/../lib/gcc/arm-none-eabi/4.9.3/../../../../arm-none-eabi/lib/cortex-m7/fpu/fpv5-sp-d16/libc_nano.a(lib_a-reent.o)
 .ARM.attributes
                0x0000000000000c4e       0x27 /usr/bin/../lib/gcc/arm-none-eabi/4.9.3/cortex-m7/fpu/fpv5-sp-d16/crtn.o

.DMARxDscrTab_section
 *(.DMARxDscrTab_section)

.DMATxDscrTab_section
 *(.DMATxDscrTab_section)

.Rx_Buff_section
 *(.Rx_Buff_section)

.Tx_Buff_section
 *(.Tx_Buff_section)
OUTPUT(build/STM32F769I_DISCOVERY.elf elf32-littlearm)

.debug_info     0x0000000000000000    0x1d27e
 .debug_info    0x0000000000000000      0xa50 build/stm32f7xx_hal.o
 .debug_info    0x0000000000000a50     0x1172 build/stm32f7xx_hal_cortex.o
 .debug_info    0x0000000000001bc2      0x967 build/stm32f7xx_hal_dma.o
 .debug_info    0x0000000000002529     0x1344 build/stm32f7xx_hal_dma2d.o
 .debug_info    0x000000000000386d     0x196f build/stm32f7xx_hal_dsi.o
 .debug_info    0x00000000000051dc      0x7d5 build/stm32f7xx_hal_gpio.o
 .debug_info    0x00000000000059b1     0x11a5 build/stm32f7xx_hal_ltdc.o
 .debug_info    0x0000000000006b56      0x7b5 build/stm32f7xx_hal_ltdc_ex.o
 .debug_info    0x000000000000730b      0x9e8 build/stm32f7xx_hal_pwr_ex.o
 .debug_info    0x0000000000007cf3      0xc84 build/stm32f7xx_hal_rcc.o
 .debug_info    0x0000000000008977     0x10e7 build/stm32f7xx_hal_rcc_ex.o
 .debug_info    0x0000000000009a5e      0xce5 build/stm32f7xx_hal_sdram.o
 .debug_info    0x000000000000a743     0x24dd build/stm32f7xx_hal_tim.o
 .debug_info    0x000000000000cc20     0x149c build/stm32f7xx_hal_tim_ex.o
 .debug_info    0x000000000000e0bc      0xd21 build/stm32f7xx_ll_fmc.o
 .debug_info    0x000000000000eddd      0xcd1 build/stm32f7xx_hal_rtc.o
 .debug_info    0x000000000000faae      0x2d0 build/list.o
 .debug_info    0x000000000000fd7e      0x4f7 build/port.o
 .debug_info    0x0000000000010275      0x3f5 build/heap_4.o
 .debug_info    0x000000000001066a     0x1daa build/tasks.o
 .debug_info    0x0000000000012414      0x460 build/lcd_log.o
 .debug_info    0x0000000000012874     0x1f28 build/main.o
 .debug_info    0x000000000001479c      0xa80 build/stm32f7xx_hal_msp.o
 .debug_info    0x000000000001521c      0xca1 build/stm32f7xx_hal_timebase_tim.o
 .debug_info    0x0000000000015ebd      0x709 build/stm32f7xx_it.o
 .debug_info    0x00000000000165c6      0x781 build/system_stm32f7xx.o
 .debug_info    0x0000000000016d47      0x730 build/syscalls.o
 .debug_info    0x0000000000017477      0x87f build/otm8009a.o
 .debug_info    0x0000000000017cf6     0x16f9 build/stm32f769i_discovery.o
 .debug_info    0x00000000000193ef     0x2e25 build/stm32f769i_discovery_lcd.o
 .debug_info    0x000000000001c214      0xff4 build/stm32f769i_discovery_sdram.o
 .debug_info    0x000000000001d208       0x76 build/startup_stm32f769xx.o

.debug_abbrev   0x0000000000000000     0x372d
 .debug_abbrev  0x0000000000000000      0x1a1 build/stm32f7xx_hal.o
 .debug_abbrev  0x00000000000001a1      0x2a2 build/stm32f7xx_hal_cortex.o
 .debug_abbrev  0x0000000000000443      0x226 build/stm32f7xx_hal_dma.o
 .debug_abbrev  0x0000000000000669      0x24f build/stm32f7xx_hal_dma2d.o
 .debug_abbrev  0x00000000000008b8      0x1d5 build/stm32f7xx_hal_dsi.o
 .debug_abbrev  0x0000000000000a8d      0x1ac build/stm32f7xx_hal_gpio.o
 .debug_abbrev  0x0000000000000c39      0x1f7 build/stm32f7xx_hal_ltdc.o
 .debug_abbrev  0x0000000000000e30      0x110 build/stm32f7xx_hal_ltdc_ex.o
 .debug_abbrev  0x0000000000000f40      0x1af build/stm32f7xx_hal_pwr_ex.o
 .debug_abbrev  0x00000000000010ef      0x265 build/stm32f7xx_hal_rcc.o
 .debug_abbrev  0x0000000000001354      0x1e0 build/stm32f7xx_hal_rcc_ex.o
 .debug_abbrev  0x0000000000001534      0x1da build/stm32f7xx_hal_sdram.o
 .debug_abbrev  0x000000000000170e      0x206 build/stm32f7xx_hal_tim.o
 .debug_abbrev  0x0000000000001914      0x1fd build/stm32f7xx_hal_tim_ex.o
 .debug_abbrev  0x0000000000001b11      0x153 build/stm32f7xx_ll_fmc.o
 .debug_abbrev  0x0000000000001c64      0x191 build/stm32f7xx_hal_rtc.o
 .debug_abbrev  0x0000000000001df5       0xc0 build/list.o
 .debug_abbrev  0x0000000000001eb5      0x1e6 build/port.o
 .debug_abbrev  0x000000000000209b      0x1bb build/heap_4.o
 .debug_abbrev  0x0000000000002256      0x2ba build/tasks.o
 .debug_abbrev  0x0000000000002510      0x1ca build/lcd_log.o
 .debug_abbrev  0x00000000000026da      0x27c build/main.o
 .debug_abbrev  0x0000000000002956      0x117 build/stm32f7xx_hal_msp.o
 .debug_abbrev  0x0000000000002a6d      0x175 build/stm32f7xx_hal_timebase_tim.o
 .debug_abbrev  0x0000000000002be2      0x14a build/stm32f7xx_it.o
 .debug_abbrev  0x0000000000002d2c      0x110 build/system_stm32f7xx.o
 .debug_abbrev  0x0000000000002e3c      0x16c build/syscalls.o
 .debug_abbrev  0x0000000000002fa8       0xb1 build/otm8009a.o
 .debug_abbrev  0x0000000000003059      0x268 build/stm32f769i_discovery.o
 .debug_abbrev  0x00000000000032c1      0x282 build/stm32f769i_discovery_lcd.o
 .debug_abbrev  0x0000000000003543      0x1d8 build/stm32f769i_discovery_sdram.o
 .debug_abbrev  0x000000000000371b       0x12 build/startup_stm32f769xx.o

.debug_loc      0x0000000000000000     0xd5f9
 .debug_loc     0x0000000000000000      0x68c build/stm32f7xx_hal.o
 .debug_loc     0x000000000000068c      0x9f4 build/stm32f7xx_hal_cortex.o
 .debug_loc     0x0000000000001080      0x510 build/stm32f7xx_hal_dma.o
 .debug_loc     0x0000000000001590      0xa3a build/stm32f7xx_hal_dma2d.o
 .debug_loc     0x0000000000001fca      0xefc build/stm32f7xx_hal_dsi.o
 .debug_loc     0x0000000000002ec6      0x2d4 build/stm32f7xx_hal_gpio.o
 .debug_loc     0x000000000000319a      0xdac build/stm32f7xx_hal_ltdc.o
 .debug_loc     0x0000000000003f46       0xb8 build/stm32f7xx_hal_ltdc_ex.o
 .debug_loc     0x0000000000003ffe      0x3bc build/stm32f7xx_hal_pwr_ex.o
 .debug_loc     0x00000000000043ba      0x426 build/stm32f7xx_hal_rcc.o
 .debug_loc     0x00000000000047e0      0x10c build/stm32f7xx_hal_rcc_ex.o
 .debug_loc     0x00000000000048ec      0x7c0 build/stm32f7xx_hal_sdram.o
 .debug_loc     0x00000000000050ac     0x2348 build/stm32f7xx_hal_tim.o
 .debug_loc     0x00000000000073f4      0xe80 build/stm32f7xx_hal_tim_ex.o
 .debug_loc     0x0000000000008274      0x7d0 build/stm32f7xx_ll_fmc.o
 .debug_loc     0x0000000000008a44      0x688 build/stm32f7xx_hal_rtc.o
 .debug_loc     0x00000000000090cc      0x1cc build/list.o
 .debug_loc     0x0000000000009298      0x2e8 build/port.o
 .debug_loc     0x0000000000009580      0x224 build/heap_4.o
 .debug_loc     0x00000000000097a4     0x112a build/tasks.o
 .debug_loc     0x000000000000a8ce      0x258 build/lcd_log.o
 .debug_loc     0x000000000000ab26      0x310 build/main.o
 .debug_loc     0x000000000000ae36       0xe4 build/stm32f7xx_hal_msp.o
 .debug_loc     0x000000000000af1a       0xd8 build/stm32f7xx_hal_timebase_tim.o
 .debug_loc     0x000000000000aff2      0x190 build/stm32f7xx_it.o
 .debug_loc     0x000000000000b182       0xa0 build/system_stm32f7xx.o
 .debug_loc     0x000000000000b222      0x664 build/syscalls.o
 .debug_loc     0x000000000000b886       0xac build/otm8009a.o
 .debug_loc     0x000000000000b932      0xa48 build/stm32f769i_discovery.o
 .debug_loc     0x000000000000c37a      0xfa5 build/stm32f769i_discovery_lcd.o
 .debug_loc     0x000000000000d31f      0x2da build/stm32f769i_discovery_sdram.o

.debug_aranges  0x0000000000000000     0x1820
 .debug_aranges
                0x0000000000000000       0xe0 build/stm32f7xx_hal.o
 .debug_aranges
                0x00000000000000e0      0x118 build/stm32f7xx_hal_cortex.o
 .debug_aranges
                0x00000000000001f8       0x90 build/stm32f7xx_hal_dma.o
 .debug_aranges
                0x0000000000000288      0x108 build/stm32f7xx_hal_dma2d.o
 .debug_aranges
                0x0000000000000390      0x170 build/stm32f7xx_hal_dsi.o
 .debug_aranges
                0x0000000000000500       0x58 build/stm32f7xx_hal_gpio.o
 .debug_aranges
                0x0000000000000558      0x158 build/stm32f7xx_hal_ltdc.o
 .debug_aranges
                0x00000000000006b0       0x28 build/stm32f7xx_hal_ltdc_ex.o
 .debug_aranges
                0x00000000000006d8       0x80 build/stm32f7xx_hal_pwr_ex.o
 .debug_aranges
                0x0000000000000758       0x88 build/stm32f7xx_hal_rcc.o
 .debug_aranges
                0x00000000000007e0       0x30 build/stm32f7xx_hal_rcc_ex.o
 .debug_aranges
                0x0000000000000810       0xd0 build/stm32f7xx_hal_sdram.o
 .debug_aranges
                0x00000000000008e0      0x368 build/stm32f7xx_hal_tim.o
 .debug_aranges
                0x0000000000000c48      0x178 build/stm32f7xx_hal_tim_ex.o
 .debug_aranges
                0x0000000000000dc0       0xc8 build/stm32f7xx_ll_fmc.o
 .debug_aranges
                0x0000000000000e88       0xb8 build/stm32f7xx_hal_rtc.o
 .debug_aranges
                0x0000000000000f40       0x40 build/list.o
 .debug_aranges
                0x0000000000000f80       0x80 build/port.o
 .debug_aranges
                0x0000000000001000       0x50 build/heap_4.o
 .debug_aranges
                0x0000000000001050      0x1c8 build/tasks.o
 .debug_aranges
                0x0000000000001218       0x60 build/lcd_log.o
 .debug_aranges
                0x0000000000001278       0x78 build/main.o
 .debug_aranges
                0x00000000000012f0       0x30 build/stm32f7xx_hal_msp.o
 .debug_aranges
                0x0000000000001320       0x30 build/stm32f7xx_hal_timebase_tim.o
 .debug_aranges
                0x0000000000001350       0x58 build/stm32f7xx_it.o
 .debug_aranges
                0x00000000000013a8       0x28 build/system_stm32f7xx.o
 .debug_aranges
                0x00000000000013d0       0xb8 build/syscalls.o
 .debug_aranges
                0x0000000000001488       0x28 build/otm8009a.o
 .debug_aranges
                0x00000000000014b0      0x130 build/stm32f769i_discovery.o
 .debug_aranges
                0x00000000000015e0      0x1b0 build/stm32f769i_discovery_lcd.o
 .debug_aranges
                0x0000000000001790       0x68 build/stm32f769i_discovery_sdram.o
 .debug_aranges
                0x00000000000017f8       0x28 build/startup_stm32f769xx.o

.debug_ranges   0x0000000000000000     0x1628
 .debug_ranges  0x0000000000000000       0xd0 build/stm32f7xx_hal.o
 .debug_ranges  0x00000000000000d0      0x108 build/stm32f7xx_hal_cortex.o
 .debug_ranges  0x00000000000001d8       0x80 build/stm32f7xx_hal_dma.o
 .debug_ranges  0x0000000000000258       0xf8 build/stm32f7xx_hal_dma2d.o
 .debug_ranges  0x0000000000000350      0x160 build/stm32f7xx_hal_dsi.o
 .debug_ranges  0x00000000000004b0       0x48 build/stm32f7xx_hal_gpio.o
 .debug_ranges  0x00000000000004f8      0x148 build/stm32f7xx_hal_ltdc.o
 .debug_ranges  0x0000000000000640       0x18 build/stm32f7xx_hal_ltdc_ex.o
 .debug_ranges  0x0000000000000658       0x70 build/stm32f7xx_hal_pwr_ex.o
 .debug_ranges  0x00000000000006c8       0x78 build/stm32f7xx_hal_rcc.o
 .debug_ranges  0x0000000000000740       0x20 build/stm32f7xx_hal_rcc_ex.o
 .debug_ranges  0x0000000000000760       0xc0 build/stm32f7xx_hal_sdram.o
 .debug_ranges  0x0000000000000820      0x358 build/stm32f7xx_hal_tim.o
 .debug_ranges  0x0000000000000b78      0x168 build/stm32f7xx_hal_tim_ex.o
 .debug_ranges  0x0000000000000ce0       0xb8 build/stm32f7xx_ll_fmc.o
 .debug_ranges  0x0000000000000d98       0xa8 build/stm32f7xx_hal_rtc.o
 .debug_ranges  0x0000000000000e40       0x30 build/list.o
 .debug_ranges  0x0000000000000e70       0x70 build/port.o
 .debug_ranges  0x0000000000000ee0       0x40 build/heap_4.o
 .debug_ranges  0x0000000000000f20      0x1b8 build/tasks.o
 .debug_ranges  0x00000000000010d8       0x50 build/lcd_log.o
 .debug_ranges  0x0000000000001128       0x68 build/main.o
 .debug_ranges  0x0000000000001190       0x20 build/stm32f7xx_hal_msp.o
 .debug_ranges  0x00000000000011b0       0x20 build/stm32f7xx_hal_timebase_tim.o
 .debug_ranges  0x00000000000011d0       0x48 build/stm32f7xx_it.o
 .debug_ranges  0x0000000000001218       0x18 build/system_stm32f7xx.o
 .debug_ranges  0x0000000000001230       0xa8 build/syscalls.o
 .debug_ranges  0x00000000000012d8       0x18 build/otm8009a.o
 .debug_ranges  0x00000000000012f0      0x120 build/stm32f769i_discovery.o
 .debug_ranges  0x0000000000001410      0x1a0 build/stm32f769i_discovery_lcd.o
 .debug_ranges  0x00000000000015b0       0x58 build/stm32f769i_discovery_sdram.o
 .debug_ranges  0x0000000000001608       0x20 build/startup_stm32f769xx.o

.debug_line     0x0000000000000000     0xa257
 .debug_line    0x0000000000000000      0x353 build/stm32f7xx_hal.o
 .debug_line    0x0000000000000353      0x4a3 build/stm32f7xx_hal_cortex.o
 .debug_line    0x00000000000007f6      0x46c build/stm32f7xx_hal_dma.o
 .debug_line    0x0000000000000c62      0x82f build/stm32f7xx_hal_dma2d.o
 .debug_line    0x0000000000001491      0xbd3 build/stm32f7xx_hal_dsi.o
 .debug_line    0x0000000000002064      0x39c build/stm32f7xx_hal_gpio.o
 .debug_line    0x0000000000002400      0xa6b build/stm32f7xx_hal_ltdc.o
 .debug_line    0x0000000000002e6b      0x260 build/stm32f7xx_hal_ltdc_ex.o
 .debug_line    0x00000000000030cb      0x2dd build/stm32f7xx_hal_pwr_ex.o
 .debug_line    0x00000000000033a8      0x51d build/stm32f7xx_hal_rcc.o
 .debug_line    0x00000000000038c5      0x606 build/stm32f7xx_hal_rcc_ex.o
 .debug_line    0x0000000000003ecb      0x510 build/stm32f7xx_hal_sdram.o
 .debug_line    0x00000000000043db     0x139d build/stm32f7xx_hal_tim.o
 .debug_line    0x0000000000005778      0x933 build/stm32f7xx_hal_tim_ex.o
 .debug_line    0x00000000000060ab      0x44c build/stm32f7xx_ll_fmc.o
 .debug_line    0x00000000000064f7      0x531 build/stm32f7xx_hal_rtc.o
 .debug_line    0x0000000000006a28      0x19e build/list.o
 .debug_line    0x0000000000006bc6      0x319 build/port.o
 .debug_line    0x0000000000006edf      0x27e build/heap_4.o